0 verbose cli /data/data/com.termux/files/usr/bin/node /data/data/com.termux/files/usr/bin/npm
1 info using npm@11.18.0
2 info using node@v26.4.0
3 silly config load:file:/data/data/com.termux/files/usr/lib/node_modules/npm/npmrc
4 silly config load:file:/data/data/com.termux/files/home/.npmrc
5 silly config load:file:/data/data/com.termux/files/usr/etc/npmrc
6 verbose title npm install better-sqlite3 express
7 verbose argv "install" "better-sqlite3" "express"
8 verbose logfile logs-max:10 dir:/data/data/com.termux/files/home/.npm/_logs/2026-07-26T03_28_49_110Z-
9 verbose logfile /data/data/com.termux/files/home/.npm/_logs/2026-07-26T03_28_49_110Z-debug-0.log
10 silly logfile start cleaning logs, removing 1 files
11 silly allow-scripts no package.json at prefix Could not read package.json: Error: ENOENT: no such file or directory, open '/data/data/com.termux/files/home/package.json'
12 silly packumentCache heap:1047527424 maxSize:261881856 maxEntrySize:130940928
13 silly logfile done cleaning log files
14 silly idealTree buildDeps
15 silly fetch manifest better-sqlite3@*
16 silly packumentCache full:https://registry.npmjs.org/better-sqlite3 cache-miss
17 http fetch GET 200 https://registry.npmjs.org/better-sqlite3 2260ms (cache revalidated)
18 silly packumentCache full:https://registry.npmjs.org/better-sqlite3 set size:387583 disposed:false
19 silly fetch manifest express@*
20 silly packumentCache full:https://registry.npmjs.org/express cache-miss
21 http fetch GET 200 https://registry.npmjs.org/express 289ms (cache revalidated)
22 silly packumentCache full:https://registry.npmjs.org/express set size:804956 disposed:false
23 silly placeDep ROOT better-sqlite3@13.0.1 OK for:  want: *
24 silly placeDep ROOT express@5.2.1 OK for:  want: *
25 silly fetch manifest node-addon-api@^8.0.0
26 silly packumentCache full:https://registry.npmjs.org/node-addon-api cache-miss
27 silly fetch manifest qs@^6.14.0
28 silly packumentCache full:https://registry.npmjs.org/qs cache-miss
29 silly fetch manifest depd@^2.0.0
30 silly packumentCache full:https://registry.npmjs.org/depd cache-miss
31 silly fetch manifest etag@^1.8.1
32 silly packumentCache full:https://registry.npmjs.org/etag cache-miss
33 silly fetch manifest once@^1.4.0
34 silly packumentCache full:https://registry.npmjs.org/once cache-miss
35 silly fetch manifest send@^1.1.0
36 silly packumentCache full:https://registry.npmjs.org/send cache-miss
37 silly fetch manifest vary@^1.1.2
38 silly packumentCache full:https://registry.npmjs.org/vary cache-miss
39 http fetch GET 200 https://registry.npmjs.org/node-addon-api 323ms (cache revalidated)
40 silly packumentCache full:https://registry.npmjs.org/node-addon-api set size:365991 disposed:false
41 silly fetch manifest debug@^4.4.0
42 silly packumentCache full:https://registry.npmjs.org/debug cache-miss
43 http fetch GET 200 https://registry.npmjs.org/debug 393ms (cache revalidated)
44 silly packumentCache full:https://registry.npmjs.org/debug set size:195840 disposed:false
45 silly fetch manifest fresh@^2.0.0
46 silly packumentCache full:https://registry.npmjs.org/fresh cache-miss
47 http fetch GET 200 https://registry.npmjs.org/send 915ms (cache revalidated)
48 silly packumentCache full:https://registry.npmjs.org/send set size:152810 disposed:false
49 silly fetch manifest cookie@^0.7.1
50 silly packumentCache full:https://registry.npmjs.org/cookie cache-miss
51 http fetch GET 200 https://registry.npmjs.org/depd 964ms (cache revalidated)
52 silly packumentCache full:https://registry.npmjs.org/depd set size:40182 disposed:false
53 silly fetch manifest router@^2.2.0
54 silly packumentCache full:https://registry.npmjs.org/router cache-miss
55 http fetch GET 200 https://registry.npmjs.org/fresh 238ms (cache revalidated)
56 silly packumentCache full:https://registry.npmjs.org/fresh set size:25427 disposed:false
57 silly fetch manifest accepts@^2.0.0
58 silly packumentCache full:https://registry.npmjs.org/accepts cache-miss
59 http fetch GET 200 https://registry.npmjs.org/vary 1042ms (cache revalidated)
60 silly packumentCache full:https://registry.npmjs.org/vary set size:15994 disposed:false
61 silly fetch manifest type-is@^2.0.1
62 silly packumentCache full:https://registry.npmjs.org/type-is cache-miss
63 http fetch GET 200 https://registry.npmjs.org/etag 1096ms (cache revalidated)
64 silly packumentCache full:https://registry.npmjs.org/etag set size:30032 disposed:false
65 silly fetch manifest parseurl@^1.3.3
66 silly packumentCache full:https://registry.npmjs.org/parseurl cache-miss
67 http fetch GET 200 https://registry.npmjs.org/once 1119ms (cache revalidated)
68 silly packumentCache full:https://registry.npmjs.org/once set size:11752 disposed:false
69 silly fetch manifest statuses@^2.0.1
70 silly packumentCache full:https://registry.npmjs.org/statuses cache-miss
71 http fetch GET 200 https://registry.npmjs.org/qs 1133ms (cache revalidated)
72 silly packumentCache full:https://registry.npmjs.org/qs set size:360318 disposed:false
73 silly fetch manifest encodeurl@^2.0.0
74 silly packumentCache full:https://registry.npmjs.org/encodeurl cache-miss
75 http fetch GET 200 https://registry.npmjs.org/cookie 231ms (cache revalidated)
76 silly packumentCache full:https://registry.npmjs.org/cookie set size:78274 disposed:false
77 silly fetch manifest mime-types@^3.0.0
78 silly packumentCache full:https://registry.npmjs.org/mime-types cache-miss
79 http fetch GET 200 https://registry.npmjs.org/router 223ms (cache revalidated)
80 silly packumentCache full:https://registry.npmjs.org/router set size:116499 disposed:false
81 silly fetch manifest proxy-addr@^2.0.7
82 silly packumentCache full:https://registry.npmjs.org/proxy-addr cache-miss
83 http fetch GET 200 https://registry.npmjs.org/accepts 233ms (cache revalidated)
84 silly packumentCache full:https://registry.npmjs.org/accepts set size:77054 disposed:false
85 silly fetch manifest body-parser@^2.2.1
86 silly packumentCache full:https://registry.npmjs.org/body-parser cache-miss
87 http fetch GET 200 https://registry.npmjs.org/type-is 272ms (cache revalidated)
88 silly packumentCache full:https://registry.npmjs.org/type-is set size:88614 disposed:false
89 silly fetch manifest escape-html@^1.0.3
90 silly packumentCache full:https://registry.npmjs.org/escape-html cache-miss
91 http fetch GET 200 https://registry.npmjs.org/parseurl 309ms (cache revalidated)
92 silly packumentCache full:https://registry.npmjs.org/parseurl set size:24148 disposed:false
93 silly fetch manifest http-errors@^2.0.0
94 silly packumentCache full:https://registry.npmjs.org/http-errors cache-miss
95 http fetch GET 200 https://registry.npmjs.org/encodeurl 269ms (cache revalidated)
96 silly packumentCache full:https://registry.npmjs.org/encodeurl set size:12296 disposed:false
97 silly fetch manifest on-finished@^2.4.1
98 silly packumentCache full:https://registry.npmjs.org/on-finished cache-miss
99 http fetch GET 200 https://registry.npmjs.org/statuses 299ms (cache revalidated)
100 silly packumentCache full:https://registry.npmjs.org/statuses set size:37117 disposed:false
101 silly fetch manifest content-type@^1.0.5
102 silly packumentCache full:https://registry.npmjs.org/content-type cache-miss
103 http fetch GET 200 https://registry.npmjs.org/mime-types 248ms (cache revalidated)
104 silly packumentCache full:https://registry.npmjs.org/mime-types set size:139110 disposed:false
105 silly fetch manifest finalhandler@^2.1.0
106 silly packumentCache full:https://registry.npmjs.org/finalhandler cache-miss
107 http fetch GET 200 https://registry.npmjs.org/proxy-addr 239ms (cache revalidated)
108 silly packumentCache full:https://registry.npmjs.org/proxy-addr set size:61619 disposed:false
109 silly fetch manifest range-parser@^1.2.1
110 silly packumentCache full:https://registry.npmjs.org/range-parser cache-miss
111 http fetch GET 200 https://registry.npmjs.org/body-parser 241ms (cache revalidated)
112 silly packumentCache full:https://registry.npmjs.org/body-parser set size:204559 disposed:false
113 silly fetch manifest serve-static@^2.2.0
114 silly packumentCache full:https://registry.npmjs.org/serve-static cache-miss
115 http fetch GET 200 https://registry.npmjs.org/escape-html 245ms (cache revalidated)
116 silly packumentCache full:https://registry.npmjs.org/escape-html set size:7345 disposed:false
117 silly fetch manifest cookie-signature@^1.2.1
118 silly packumentCache full:https://registry.npmjs.org/cookie-signature cache-miss
119 http fetch GET 200 https://registry.npmjs.org/http-errors 271ms (cache revalidated)
120 silly packumentCache full:https://registry.npmjs.org/http-errors set size:71987 disposed:false
121 silly fetch manifest merge-descriptors@^2.0.0
122 silly packumentCache full:https://registry.npmjs.org/merge-descriptors cache-miss
123 http fetch GET 200 https://registry.npmjs.org/on-finished 293ms (cache revalidated)
124 silly packumentCache full:https://registry.npmjs.org/on-finished set size:23212 disposed:false
125 silly fetch manifest content-disposition@^1.0.0
126 silly packumentCache full:https://registry.npmjs.org/content-disposition cache-miss
127 http fetch GET 200 https://registry.npmjs.org/finalhandler 303ms (cache revalidated)
128 silly packumentCache full:https://registry.npmjs.org/finalhandler set size:79291 disposed:false
129 http fetch GET 200 https://registry.npmjs.org/content-type 335ms (cache revalidated)
130 silly packumentCache full:https://registry.npmjs.org/content-type set size:18994 disposed:false
131 http fetch GET 200 https://registry.npmjs.org/range-parser 314ms (cache revalidated)
132 silly packumentCache full:https://registry.npmjs.org/range-parser set size:24852 disposed:false
133 http fetch GET 200 https://registry.npmjs.org/serve-static 279ms (cache revalidated)
134 silly packumentCache full:https://registry.npmjs.org/serve-static set size:150391 disposed:false
135 http fetch GET 200 https://registry.npmjs.org/cookie-signature 249ms (cache revalidated)
136 silly packumentCache full:https://registry.npmjs.org/cookie-signature set size:21777 disposed:false
137 http fetch GET 200 https://registry.npmjs.org/merge-descriptors 272ms (cache revalidated)
138 silly packumentCache full:https://registry.npmjs.org/merge-descriptors set size:16527 disposed:false
139 http fetch GET 200 https://registry.npmjs.org/content-disposition 265ms (cache revalidated)
140 silly packumentCache full:https://registry.npmjs.org/content-disposition set size:42862 disposed:false
141 silly placeDep ROOT node-addon-api@8.9.0 OK for: better-sqlite3@13.0.1 want: ^8.0.0
142 silly placeDep ROOT accepts@2.0.0 OK for: express@5.2.1 want: ^2.0.0
143 silly placeDep ROOT body-parser@2.3.0 OK for: express@5.2.1 want: ^2.2.1
144 silly placeDep ROOT content-disposition@1.1.0 OK for: express@5.2.1 want: ^1.0.0
145 silly placeDep ROOT content-type@1.0.5 OK for: express@5.2.1 want: ^1.0.5
146 silly placeDep ROOT cookie@0.7.2 OK for: express@5.2.1 want: ^0.7.1
147 silly placeDep ROOT cookie-signature@1.2.2 OK for: express@5.2.1 want: ^1.2.1
148 silly placeDep ROOT debug@4.4.3 OK for: express@5.2.1 want: ^4.4.0
149 silly placeDep ROOT depd@2.0.0 OK for: express@5.2.1 want: ^2.0.0
150 silly placeDep ROOT encodeurl@2.0.0 OK for: express@5.2.1 want: ^2.0.0
151 silly placeDep ROOT escape-html@1.0.3 OK for: express@5.2.1 want: ^1.0.3
152 silly placeDep ROOT etag@1.8.1 OK for: express@5.2.1 want: ^1.8.1
153 silly placeDep ROOT finalhandler@2.1.1 OK for: express@5.2.1 want: ^2.1.0
154 silly placeDep ROOT fresh@2.0.0 OK for: express@5.2.1 want: ^2.0.0
155 silly placeDep ROOT http-errors@2.0.1 OK for: express@5.2.1 want: ^2.0.0
156 silly placeDep ROOT merge-descriptors@2.0.0 OK for: express@5.2.1 want: ^2.0.0
157 silly placeDep ROOT mime-types@3.0.2 OK for: express@5.2.1 want: ^3.0.0
158 silly placeDep ROOT on-finished@2.4.1 OK for: express@5.2.1 want: ^2.4.1
159 silly placeDep ROOT once@1.4.0 OK for: express@5.2.1 want: ^1.4.0
160 silly placeDep ROOT parseurl@1.3.3 OK for: express@5.2.1 want: ^1.3.3
161 silly placeDep ROOT proxy-addr@2.0.7 OK for: express@5.2.1 want: ^2.0.7
162 silly placeDep ROOT qs@6.15.3 OK for: express@5.2.1 want: ^6.14.0
163 silly placeDep ROOT range-parser@1.3.0 OK for: express@5.2.1 want: ^1.2.1
164 silly placeDep ROOT router@2.2.0 OK for: express@5.2.1 want: ^2.2.0
165 silly placeDep ROOT send@1.2.1 OK for: express@5.2.1 want: ^1.1.0
166 silly placeDep ROOT serve-static@2.2.1 OK for: express@5.2.1 want: ^2.2.0
167 silly placeDep ROOT statuses@2.0.2 OK for: express@5.2.1 want: ^2.0.1
168 silly placeDep ROOT type-is@2.1.0 OK for: express@5.2.1 want: ^2.0.1
169 silly placeDep ROOT vary@1.1.2 OK for: express@5.2.1 want: ^1.1.2
170 silly fetch manifest negotiator@^1.0.0
171 silly packumentCache full:https://registry.npmjs.org/negotiator cache-miss
172 silly fetch manifest qs@^6.15.2
173 silly packumentCache full:https://registry.npmjs.org/qs cache-hit
174 silly fetch manifest bytes@^3.1.2
175 silly packumentCache full:https://registry.npmjs.org/bytes cache-miss
176 silly fetch manifest debug@^4.4.3
177 silly packumentCache full:https://registry.npmjs.org/debug cache-hit
178 silly fetch manifest type-is@^2.1.0
179 silly packumentCache full:https://registry.npmjs.org/type-is cache-hit
180 silly fetch manifest raw-body@^3.0.2
181 silly packumentCache full:https://registry.npmjs.org/raw-body cache-miss
182 silly fetch manifest iconv-lite@^0.7.2
183 silly packumentCache full:https://registry.npmjs.org/iconv-lite cache-miss
184 silly fetch manifest http-errors@^2.0.1
185 silly packumentCache full:https://registry.npmjs.org/http-errors cache-hit
186 silly fetch manifest content-type@^2.0.0
187 silly packumentCache full:https://registry.npmjs.org/content-type cache-hit
188 silly fetch manifest ms@^2.1.3
189 silly packumentCache full:https://registry.npmjs.org/ms cache-miss
190 silly fetch manifest inherits@~2.0.4
191 silly packumentCache full:https://registry.npmjs.org/inherits cache-miss
192 silly fetch manifest setprototypeof@~1.2.0
193 silly packumentCache full:https://registry.npmjs.org/setprototypeof cache-miss
194 http fetch GET 200 https://registry.npmjs.org/bytes 271ms (cache revalidated)
195 silly packumentCache full:https://registry.npmjs.org/bytes set size:37018 disposed:false
196 silly fetch manifest statuses@~2.0.2
197 silly packumentCache full:https://registry.npmjs.org/statuses cache-hit
198 silly fetch manifest toidentifier@~1.0.1
199 silly packumentCache full:https://registry.npmjs.org/toidentifier cache-miss
200 http fetch GET 200 https://registry.npmjs.org/negotiator 289ms (cache revalidated)
201 silly packumentCache full:https://registry.npmjs.org/negotiator set size:48046 disposed:false
202 silly fetch manifest mime-db@^1.54.0
203 silly packumentCache full:https://registry.npmjs.org/mime-db cache-miss
204 http fetch GET 200 https://registry.npmjs.org/raw-body 304ms (cache revalidated)
205 silly packumentCache full:https://registry.npmjs.org/raw-body set size:120042 disposed:false
206 silly fetch manifest ee-first@1.1.1
207 silly packumentCache full:https://registry.npmjs.org/ee-first cache-miss
208 http fetch GET 200 https://registry.npmjs.org/ms 305ms (cache revalidated)
209 silly packumentCache full:https://registry.npmjs.org/ms set size:92208 disposed:false
210 silly fetch manifest wrappy@1
211 silly packumentCache full:https://registry.npmjs.org/wrappy cache-miss
212 http fetch GET 200 https://registry.npmjs.org/iconv-lite 324ms (cache revalidated)
213 silly packumentCache full:https://registry.npmjs.org/iconv-lite set size:126462 disposed:false
214 silly fetch manifest forwarded@0.2.0
215 silly packumentCache full:https://registry.npmjs.org/forwarded cache-miss
216 http fetch GET 200 https://registry.npmjs.org/inherits 334ms (cache revalidated)
217 silly packumentCache full:https://registry.npmjs.org/inherits set size:12925 disposed:false
218 silly fetch manifest ipaddr.js@1.9.1
219 silly packumentCache full:https://registry.npmjs.org/ipaddr.js cache-miss
220 http fetch GET 200 https://registry.npmjs.org/setprototypeof 348ms (cache revalidated)
221 silly packumentCache full:https://registry.npmjs.org/setprototypeof set size:14532 disposed:false
222 silly fetch manifest side-channel@^1.1.1
223 silly packumentCache full:https://registry.npmjs.org/side-channel cache-miss
224 http fetch GET 200 https://registry.npmjs.org/toidentifier 296ms (cache revalidated)
225 silly packumentCache full:https://registry.npmjs.org/toidentifier set size:12006 disposed:false
226 silly fetch manifest es-define-property@^1.0.1
227 silly packumentCache full:https://registry.npmjs.org/es-define-property cache-miss
228 http fetch GET 200 https://registry.npmjs.org/wrappy 372ms (cache revalidated)
229 silly packumentCache full:https://registry.npmjs.org/wrappy set size:7682 disposed:false
230 silly fetch manifest is-promise@^4.0.0
231 silly packumentCache full:https://registry.npmjs.org/is-promise cache-miss
232 http fetch GET 200 https://registry.npmjs.org/forwarded 366ms (cache revalidated)
233 silly packumentCache full:https://registry.npmjs.org/forwarded set size:11229 disposed:false
234 silly fetch manifest path-to-regexp@^8.0.0
235 silly packumentCache full:https://registry.npmjs.org/path-to-regexp cache-miss
236 http fetch GET 200 https://registry.npmjs.org/ee-first 395ms (cache revalidated)
237 silly packumentCache full:https://registry.npmjs.org/ee-first set size:15327 disposed:false
238 silly fetch manifest statuses@^2.0.2
239 silly packumentCache full:https://registry.npmjs.org/statuses cache-hit
240 silly fetch manifest media-typer@^1.1.0
241 silly packumentCache full:https://registry.npmjs.org/media-typer cache-miss
242 http fetch GET 200 https://registry.npmjs.org/mime-db 428ms (cache revalidated)
243 silly packumentCache full:https://registry.npmjs.org/mime-db set size:164953 disposed:false
244 http fetch GET 200 https://registry.npmjs.org/side-channel 357ms (cache revalidated)
245 silly packumentCache full:https://registry.npmjs.org/side-channel set size:27650 disposed:false
246 http fetch GET 200 https://registry.npmjs.org/ipaddr.js 379ms (cache revalidated)
247 silly packumentCache full:https://registry.npmjs.org/ipaddr.js set size:69549 disposed:false
248 http fetch GET 200 https://registry.npmjs.org/es-define-property 240ms (cache revalidated)
249 silly packumentCache full:https://registry.npmjs.org/es-define-property set size:8542 disposed:false
250 http fetch GET 200 https://registry.npmjs.org/path-to-regexp 257ms (cache revalidated)
251 silly packumentCache full:https://registry.npmjs.org/path-to-regexp set size:216334 disposed:false
252 http fetch GET 200 https://registry.npmjs.org/is-promise 295ms (cache revalidated)
253 silly packumentCache full:https://registry.npmjs.org/is-promise set size:18599 disposed:false
254 http fetch GET 200 https://registry.npmjs.org/media-typer 287ms (cache revalidated)
255 silly packumentCache full:https://registry.npmjs.org/media-typer set size:22074 disposed:false
256 silly placeDep ROOT negotiator@1.0.0 OK for: accepts@2.0.0 want: ^1.0.0
257 silly placeDep ROOT bytes@3.1.2 OK for: body-parser@2.3.0 want: ^3.1.2
258 silly placeDep node_modules/body-parser content-type@2.0.0 OK for: body-parser@2.3.0 want: ^2.0.0
259 silly placeDep ROOT iconv-lite@0.7.3 OK for: body-parser@2.3.0 want: ^0.7.2
260 silly placeDep ROOT raw-body@3.0.2 OK for: body-parser@2.3.0 want: ^3.0.2
261 silly fetch manifest safer-buffer@>= 2.1.2 < 3.0.0
262 silly packumentCache full:https://registry.npmjs.org/safer-buffer cache-miss
263 silly fetch manifest unpipe@~1.0.0
264 silly packumentCache full:https://registry.npmjs.org/unpipe cache-miss
265 http fetch GET 200 https://registry.npmjs.org/safer-buffer 312ms (cache revalidated)
266 silly packumentCache full:https://registry.npmjs.org/safer-buffer set size:18521 disposed:false
267 http fetch GET 200 https://registry.npmjs.org/unpipe 317ms (cache revalidated)
268 silly packumentCache full:https://registry.npmjs.org/unpipe set size:3609 disposed:false
269 silly placeDep ROOT ms@2.1.3 OK for: debug@4.4.3 want: ^2.1.3
270 silly placeDep ROOT inherits@2.0.4 OK for: http-errors@2.0.1 want: ~2.0.4
271 silly placeDep ROOT setprototypeof@1.2.0 OK for: http-errors@2.0.1 want: ~1.2.0
272 silly placeDep ROOT toidentifier@1.0.1 OK for: http-errors@2.0.1 want: ~1.0.1
273 silly placeDep ROOT safer-buffer@2.1.2 OK for: iconv-lite@0.7.3 want: >= 2.1.2 < 3.0.0
274 silly placeDep ROOT mime-db@1.54.0 OK for: mime-types@3.0.2 want: ^1.54.0
275 silly placeDep ROOT ee-first@1.1.1 OK for: on-finished@2.4.1 want: 1.1.1
276 silly placeDep ROOT wrappy@1.0.2 OK for: once@1.4.0 want: 1
277 silly placeDep ROOT forwarded@0.2.0 OK for: proxy-addr@2.0.7 want: 0.2.0
278 silly placeDep ROOT ipaddr.js@1.9.1 OK for: proxy-addr@2.0.7 want: 1.9.1
279 silly placeDep ROOT es-define-property@1.0.1 OK for: qs@6.15.3 want: ^1.0.1
280 silly placeDep ROOT side-channel@1.1.1 OK for: qs@6.15.3 want: ^1.1.1
281 silly fetch manifest es-errors@^1.3.0
282 silly packumentCache full:https://registry.npmjs.org/es-errors cache-miss
283 silly fetch manifest object-inspect@^1.13.4
284 silly packumentCache full:https://registry.npmjs.org/object-inspect cache-miss
285 silly fetch manifest side-channel-list@^1.0.1
286 silly packumentCache full:https://registry.npmjs.org/side-channel-list cache-miss
287 silly fetch manifest side-channel-map@^1.0.1
288 silly packumentCache full:https://registry.npmjs.org/side-channel-map cache-miss
289 silly fetch manifest side-channel-weakmap@^1.0.2
290 silly packumentCache full:https://registry.npmjs.org/side-channel-weakmap cache-miss
291 http fetch GET 200 https://registry.npmjs.org/side-channel-map 282ms (cache revalidated)
292 silly packumentCache full:https://registry.npmjs.org/side-channel-map set size:9126 disposed:false
293 http fetch GET 200 https://registry.npmjs.org/es-errors 294ms (cache revalidated)
294 silly packumentCache full:https://registry.npmjs.org/es-errors set size:16918 disposed:false
295 http fetch GET 200 https://registry.npmjs.org/side-channel-list 319ms (cache revalidated)
296 silly packumentCache full:https://registry.npmjs.org/side-channel-list set size:9021 disposed:false
297 http fetch GET 200 https://registry.npmjs.org/object-inspect 382ms (cache revalidated)
298 silly packumentCache full:https://registry.npmjs.org/object-inspect set size:101927 disposed:false
299 http fetch GET 200 https://registry.npmjs.org/side-channel-weakmap 395ms (cache revalidated)
300 silly packumentCache full:https://registry.npmjs.org/side-channel-weakmap set size:12620 disposed:false
301 silly placeDep ROOT unpipe@1.0.0 OK for: raw-body@3.0.2 want: ~1.0.0
302 silly placeDep ROOT is-promise@4.0.0 OK for: router@2.2.0 want: ^4.0.0
303 silly placeDep ROOT path-to-regexp@8.4.2 OK for: router@2.2.0 want: ^8.0.0
304 silly placeDep ROOT es-errors@1.3.0 OK for: side-channel@1.1.1 want: ^1.3.0
305 silly placeDep ROOT object-inspect@1.13.4 OK for: side-channel@1.1.1 want: ^1.13.4
306 silly placeDep ROOT side-channel-list@1.0.1 OK for: side-channel@1.1.1 want: ^1.0.1
307 silly placeDep ROOT side-channel-map@1.0.1 OK for: side-channel@1.1.1 want: ^1.0.1
308 silly placeDep ROOT side-channel-weakmap@1.0.2 OK for: side-channel@1.1.1 want: ^1.0.2
309 silly fetch manifest call-bound@^1.0.2
310 silly packumentCache full:https://registry.npmjs.org/call-bound cache-miss
311 silly fetch manifest get-intrinsic@^1.2.5
312 silly packumentCache full:https://registry.npmjs.org/get-intrinsic cache-miss
313 silly fetch manifest call-bound@^1.0.2
314 silly packumentCache full:https://registry.npmjs.org/call-bound cache-miss
315 silly fetch manifest get-intrinsic@^1.2.5
316 silly packumentCache full:https://registry.npmjs.org/get-intrinsic cache-miss
317 http fetch GET 200 https://registry.npmjs.org/get-intrinsic 292ms (cache revalidated)
318 silly packumentCache full:https://registry.npmjs.org/get-intrinsic set size:60985 disposed:false
319 http fetch GET 200 https://registry.npmjs.org/get-intrinsic 310ms (cache revalidated)
320 silly packumentCache full:https://registry.npmjs.org/get-intrinsic set size:60985 disposed:false
321 silly packumentCache full:https://registry.npmjs.org/get-intrinsic dispose
322 http fetch GET 200 https://registry.npmjs.org/call-bound 331ms (cache revalidated)
323 silly packumentCache full:https://registry.npmjs.org/call-bound set size:15317 disposed:false
324 http fetch GET 200 https://registry.npmjs.org/call-bound 331ms (cache revalidated)
325 silly packumentCache full:https://registry.npmjs.org/call-bound set size:15317 disposed:false
326 silly packumentCache full:https://registry.npmjs.org/call-bound dispose
327 silly placeDep ROOT call-bound@1.0.4 OK for: side-channel-map@1.0.1 want: ^1.0.2
328 silly placeDep ROOT get-intrinsic@1.3.0 OK for: side-channel-map@1.0.1 want: ^1.2.5
329 silly fetch manifest call-bind-apply-helpers@^1.0.2
330 silly packumentCache full:https://registry.npmjs.org/call-bind-apply-helpers cache-miss
331 silly fetch manifest get-intrinsic@^1.3.0
332 silly packumentCache full:https://registry.npmjs.org/get-intrinsic cache-hit
333 silly fetch manifest gopd@^1.2.0
334 silly packumentCache full:https://registry.npmjs.org/gopd cache-miss
335 silly fetch manifest hasown@^2.0.2
336 silly packumentCache full:https://registry.npmjs.org/hasown cache-miss
337 silly fetch manifest get-proto@^1.0.1
338 silly packumentCache full:https://registry.npmjs.org/get-proto cache-miss
339 silly fetch manifest has-symbols@^1.1.0
340 silly packumentCache full:https://registry.npmjs.org/has-symbols cache-miss
341 silly fetch manifest function-bind@^1.1.2
342 silly packumentCache full:https://registry.npmjs.org/function-bind cache-miss
343 silly fetch manifest es-object-atoms@^1.1.1
344 silly packumentCache full:https://registry.npmjs.org/es-object-atoms cache-miss
345 http fetch GET 200 https://registry.npmjs.org/call-bind-apply-helpers 259ms (cache revalidated)
346 silly packumentCache full:https://registry.npmjs.org/call-bind-apply-helpers set size:12744 disposed:false
347 silly fetch manifest math-intrinsics@^1.1.0
348 silly packumentCache full:https://registry.npmjs.org/math-intrinsics cache-miss
349 http fetch GET 200 https://registry.npmjs.org/hasown 292ms (cache revalidated)
350 silly packumentCache full:https://registry.npmjs.org/hasown set size:18361 disposed:false
351 http fetch GET 200 https://registry.npmjs.org/get-proto 308ms (cache revalidated)
352 silly packumentCache full:https://registry.npmjs.org/get-proto set size:8300 disposed:false
353 http fetch GET 200 https://registry.npmjs.org/has-symbols 310ms (cache revalidated)
354 silly packumentCache full:https://registry.npmjs.org/has-symbols set size:21550 disposed:false
355 http fetch GET 200 https://registry.npmjs.org/gopd 321ms (cache revalidated)
356 silly packumentCache full:https://registry.npmjs.org/gopd set size:11483 disposed:false
357 http fetch GET 200 https://registry.npmjs.org/function-bind 324ms (cache revalidated)
358 silly packumentCache full:https://registry.npmjs.org/function-bind set size:15733 disposed:false
359 http fetch GET 200 https://registry.npmjs.org/es-object-atoms 328ms (cache revalidated)
360 silly packumentCache full:https://registry.npmjs.org/es-object-atoms set size:18278 disposed:false
361 http fetch GET 200 https://registry.npmjs.org/math-intrinsics 290ms (cache revalidated)
362 silly packumentCache full:https://registry.npmjs.org/math-intrinsics set size:9265 disposed:false
363 silly placeDep ROOT call-bind-apply-helpers@1.0.2 OK for: call-bound@1.0.4 want: ^1.0.2
364 silly placeDep ROOT function-bind@1.1.2 OK for: call-bind-apply-helpers@1.0.2 want: ^1.1.2
365 silly placeDep ROOT es-object-atoms@1.1.2 OK for: get-intrinsic@1.3.0 want: ^1.1.1
366 silly placeDep ROOT get-proto@1.0.1 OK for: get-intrinsic@1.3.0 want: ^1.0.1
367 silly placeDep ROOT gopd@1.2.0 OK for: get-intrinsic@1.3.0 want: ^1.2.0
368 silly placeDep ROOT has-symbols@1.1.0 OK for: get-intrinsic@1.3.0 want: ^1.1.0
369 silly placeDep ROOT hasown@2.0.4 OK for: get-intrinsic@1.3.0 want: ^2.0.2
370 silly placeDep ROOT math-intrinsics@1.1.0 OK for: get-intrinsic@1.3.0 want: ^1.1.0
371 silly fetch manifest dunder-proto@^1.0.1
372 silly packumentCache full:https://registry.npmjs.org/dunder-proto cache-miss
373 http fetch GET 200 https://registry.npmjs.org/dunder-proto 258ms (cache revalidated)
374 silly packumentCache full:https://registry.npmjs.org/dunder-proto set size:8256 disposed:false
375 silly placeDep ROOT dunder-proto@1.0.1 OK for: get-proto@1.0.1 want: ^1.0.1
376 silly placeDep node_modules/type-is content-type@2.0.0 OK for: type-is@2.1.0 want: ^2.0.0
377 silly placeDep ROOT media-typer@1.1.1 OK for: type-is@2.1.0 want: ^1.1.0
378 silly reify moves {}
379 http cache media-typer@https://registry.npmjs.org/media-typer/-/media-typer-1.1.1.tgz 0ms (cache hit)
380 http cache dunder-proto@https://registry.npmjs.org/dunder-proto/-/dunder-proto-1.0.1.tgz 0ms (cache hit)
381 http cache math-intrinsics@https://registry.npmjs.org/math-intrinsics/-/math-intrinsics-1.1.0.tgz 0ms (cache hit)
382 http cache has-symbols@https://registry.npmjs.org/has-symbols/-/has-symbols-1.1.0.tgz 0ms (cache hit)
383 http cache hasown@https://registry.npmjs.org/hasown/-/hasown-2.0.4.tgz 0ms (cache hit)
384 http cache gopd@https://registry.npmjs.org/gopd/-/gopd-1.2.0.tgz 0ms (cache hit)
385 http cache function-bind@https://registry.npmjs.org/function-bind/-/function-bind-1.1.2.tgz 0ms (cache hit)
386 http cache es-object-atoms@https://registry.npmjs.org/es-object-atoms/-/es-object-atoms-1.1.2.tgz 0ms (cache hit)
387 http cache call-bind-apply-helpers@https://registry.npmjs.org/call-bind-apply-helpers/-/call-bind-apply-helpers-1.0.2.tgz 0ms (cache hit)
388 http cache get-intrinsic@https://registry.npmjs.org/get-intrinsic/-/get-intrinsic-1.3.0.tgz 0ms (cache hit)
389 http cache call-bound@https://registry.npmjs.org/call-bound/-/call-bound-1.0.4.tgz 0ms (cache hit)
390 http cache side-channel-weakmap@https://registry.npmjs.org/side-channel-weakmap/-/side-channel-weakmap-1.0.2.tgz 0ms (cache hit)
391 http cache side-channel-map@https://registry.npmjs.org/side-channel-map/-/side-channel-map-1.0.1.tgz 0ms (cache hit)
392 http cache side-channel-list@https://registry.npmjs.org/side-channel-list/-/side-channel-list-1.0.1.tgz 0ms (cache hit)
393 http cache object-inspect@https://registry.npmjs.org/object-inspect/-/object-inspect-1.13.4.tgz 0ms (cache hit)
394 http cache path-to-regexp@https://registry.npmjs.org/path-to-regexp/-/path-to-regexp-8.4.2.tgz 0ms (cache hit)
395 http cache is-promise@https://registry.npmjs.org/is-promise/-/is-promise-4.0.0.tgz 0ms (cache hit)
396 http cache es-errors@https://registry.npmjs.org/es-errors/-/es-errors-1.3.0.tgz 0ms (cache hit)
397 http cache get-proto@https://registry.npmjs.org/get-proto/-/get-proto-1.0.1.tgz 0ms (cache hit)
398 http cache unpipe@https://registry.npmjs.org/unpipe/-/unpipe-1.0.0.tgz 0ms (cache hit)
399 http cache side-channel@https://registry.npmjs.org/side-channel/-/side-channel-1.1.1.tgz 0ms (cache hit)
400 http cache es-define-property@https://registry.npmjs.org/es-define-property/-/es-define-property-1.0.1.tgz 0ms (cache hit)
401 http cache ipaddr.js@https://registry.npmjs.org/ipaddr.js/-/ipaddr.js-1.9.1.tgz 0ms (cache hit)
402 http cache wrappy@https://registry.npmjs.org/wrappy/-/wrappy-1.0.2.tgz 0ms (cache hit)
403 http cache ee-first@https://registry.npmjs.org/ee-first/-/ee-first-1.1.1.tgz 0ms (cache hit)
404 http cache forwarded@https://registry.npmjs.org/forwarded/-/forwarded-0.2.0.tgz 0ms (cache hit)
405 http cache mime-db@https://registry.npmjs.org/mime-db/-/mime-db-1.54.0.tgz 0ms (cache hit)
406 http cache safer-buffer@https://registry.npmjs.org/safer-buffer/-/safer-buffer-2.1.2.tgz 0ms (cache hit)
407 http cache toidentifier@https://registry.npmjs.org/toidentifier/-/toidentifier-1.0.1.tgz 0ms (cache hit)
408 http cache inherits@https://registry.npmjs.org/inherits/-/inherits-2.0.4.tgz 0ms (cache hit)
409 http cache setprototypeof@https://registry.npmjs.org/setprototypeof/-/setprototypeof-1.2.0.tgz 0ms (cache hit)
410 http cache ms@https://registry.npmjs.org/ms/-/ms-2.1.3.tgz 0ms (cache hit)
411 http cache raw-body@https://registry.npmjs.org/raw-body/-/raw-body-3.0.2.tgz 0ms (cache hit)
412 http cache iconv-lite@https://registry.npmjs.org/iconv-lite/-/iconv-lite-0.7.3.tgz 0ms (cache hit)
413 http cache bytes@https://registry.npmjs.org/bytes/-/bytes-3.1.2.tgz 0ms (cache hit)
414 http cache negotiator@https://registry.npmjs.org/negotiator/-/negotiator-1.0.0.tgz 0ms (cache hit)
415 http cache vary@https://registry.npmjs.org/vary/-/vary-1.1.2.tgz 0ms (cache hit)
416 http cache type-is@https://registry.npmjs.org/type-is/-/type-is-2.1.0.tgz 0ms (cache hit)
417 http cache serve-static@https://registry.npmjs.org/serve-static/-/serve-static-2.2.1.tgz 0ms (cache hit)
418 http cache statuses@https://registry.npmjs.org/statuses/-/statuses-2.0.2.tgz 0ms (cache hit)
419 http cache send@https://registry.npmjs.org/send/-/send-1.2.1.tgz 1ms (cache hit)
420 http cache router@https://registry.npmjs.org/router/-/router-2.2.0.tgz 0ms (cache hit)
421 http cache range-parser@https://registry.npmjs.org/range-parser/-/range-parser-1.3.0.tgz 0ms (cache hit)
422 http cache qs@https://registry.npmjs.org/qs/-/qs-6.15.3.tgz 0ms (cache hit)
423 http cache proxy-addr@https://registry.npmjs.org/proxy-addr/-/proxy-addr-2.0.7.tgz 0ms (cache hit)
424 http cache parseurl@https://registry.npmjs.org/parseurl/-/parseurl-1.3.3.tgz 0ms (cache hit)
425 http cache once@https://registry.npmjs.org/once/-/once-1.4.0.tgz 0ms (cache hit)
426 http cache on-finished@https://registry.npmjs.org/on-finished/-/on-finished-2.4.1.tgz 0ms (cache hit)
427 http cache mime-types@https://registry.npmjs.org/mime-types/-/mime-types-3.0.2.tgz 0ms (cache hit)
428 http cache merge-descriptors@https://registry.npmjs.org/merge-descriptors/-/merge-descriptors-2.0.0.tgz 0ms (cache hit)
429 http cache http-errors@https://registry.npmjs.org/http-errors/-/http-errors-2.0.1.tgz 0ms (cache hit)
430 http cache fresh@https://registry.npmjs.org/fresh/-/fresh-2.0.0.tgz 0ms (cache hit)
431 http cache finalhandler@https://registry.npmjs.org/finalhandler/-/finalhandler-2.1.1.tgz 0ms (cache hit)
432 http cache etag@https://registry.npmjs.org/etag/-/etag-1.8.1.tgz 0ms (cache hit)
433 http cache escape-html@https://registry.npmjs.org/escape-html/-/escape-html-1.0.3.tgz 0ms (cache hit)
434 http cache encodeurl@https://registry.npmjs.org/encodeurl/-/encodeurl-2.0.0.tgz 0ms (cache hit)
435 http cache depd@https://registry.npmjs.org/depd/-/depd-2.0.0.tgz 0ms (cache hit)
436 http cache debug@https://registry.npmjs.org/debug/-/debug-4.4.3.tgz 1ms (cache hit)
437 http cache cookie-signature@https://registry.npmjs.org/cookie-signature/-/cookie-signature-1.2.2.tgz 0ms (cache hit)
438 http cache cookie@https://registry.npmjs.org/cookie/-/cookie-0.7.2.tgz 0ms (cache hit)
439 http cache content-disposition@https://registry.npmjs.org/content-disposition/-/content-disposition-1.1.0.tgz 0ms (cache hit)
440 http cache content-type@https://registry.npmjs.org/content-type/-/content-type-1.0.5.tgz 0ms (cache hit)
441 http cache body-parser@https://registry.npmjs.org/body-parser/-/body-parser-2.3.0.tgz 0ms (cache hit)
442 http cache accepts@https://registry.npmjs.org/accepts/-/accepts-2.0.0.tgz 0ms (cache hit)
443 http cache node-addon-api@https://registry.npmjs.org/node-addon-api/-/node-addon-api-8.9.0.tgz 0ms (cache hit)
444 http cache express@https://registry.npmjs.org/express/-/express-5.2.1.tgz 0ms (cache hit)
445 http cache better-sqlite3@https://registry.npmjs.org/better-sqlite3/-/better-sqlite3-13.0.1.tgz 0ms (cache hit)
446 http cache content-type@https://registry.npmjs.org/content-type/-/content-type-2.0.0.tgz 0ms (cache hit)
447 http cache content-type@https://registry.npmjs.org/content-type/-/content-type-2.0.0.tgz 0ms (cache hit)
448 info run better-sqlite3@13.0.1 install node_modules/better-sqlite3 node-gyp rebuild
449 info run better-sqlite3@13.0.1 install { code: 1, signal: null }
450 verbose stack Error: command failed
450 verbose stack     at promiseSpawn (/data/data/com.termux/files/usr/lib/node_modules/npm/node_modules/@npmcli/promise-spawn/lib/index.js:22:22)
450 verbose stack     at spawnWithShell (/data/data/com.termux/files/usr/lib/node_modules/npm/node_modules/@npmcli/promise-spawn/lib/index.js:124:10)
450 verbose stack     at promiseSpawn (/data/data/com.termux/files/usr/lib/node_modules/npm/node_modules/@npmcli/promise-spawn/lib/index.js:12:12)
450 verbose stack     at runScriptPkg (/data/data/com.termux/files/usr/lib/node_modules/npm/node_modules/@npmcli/run-script/lib/run-script-pkg.js:79:13)
450 verbose stack     at runScript (/data/data/com.termux/files/usr/lib/node_modules/npm/node_modules/@npmcli/run-script/lib/run-script.js:9:12)
450 verbose stack     at /data/data/com.termux/files/usr/lib/node_modules/npm/node_modules/@npmcli/arborist/lib/arborist/rebuild.js:348:17
450 verbose stack     at run (/data/data/com.termux/files/usr/lib/node_modules/npm/node_modules/promise-call-limit/dist/commonjs/index.js:67:22)
450 verbose stack     at /data/data/com.termux/files/usr/lib/node_modules/npm/node_modules/promise-call-limit/dist/commonjs/index.js:84:9
450 verbose stack     at new Promise (<anonymous>)
450 verbose stack     at callLimit (/data/data/com.termux/files/usr/lib/node_modules/npm/node_modules/promise-call-limit/dist/commonjs/index.js:35:69)
451 verbose pkgid better-sqlite3@13.0.1
452 error code 1
453 error path /data/data/com.termux/files/home/node_modules/better-sqlite3
454 error command failed
455 error command sh -c node-gyp rebuild
456 error gyp info it worked if it ends with ok
456 error gyp info using node-gyp@12.4.0
456 error gyp info using node@26.4.0 | android | arm64
456 error gyp info find Python using Python version 3.14.6 found at "/data/data/com.termux/files/usr/bin/python3"
456 error gyp info spawn /data/data/com.termux/files/usr/bin/python3
456 error gyp info spawn args [
456 error gyp info spawn args '/data/data/com.termux/files/usr/lib/node_modules/npm/node_modules/node-gyp/gyp/gyp_main.py',
456 error gyp info spawn args 'binding.gyp',
456 error gyp info spawn args '-f',
456 error gyp info spawn args 'make',
456 error gyp info spawn args '-I',
456 error gyp info spawn args '/data/data/com.termux/files/home/node_modules/better-sqlite3/build/config.gypi',
456 error gyp info spawn args '-I',
456 error gyp info spawn args '/data/data/com.termux/files/usr/lib/node_modules/npm/node_modules/node-gyp/addon.gypi',
456 error gyp info spawn args '-I',
456 error gyp info spawn args '/data/data/com.termux/files/home/.cache/node-gyp/26.4.0/include/node/common.gypi',
456 error gyp info spawn args '-Dlibrary=shared_library',
456 error gyp info spawn args '-Dvisibility=default',
456 error gyp info spawn args '-Dnode_root_dir=/data/data/com.termux/files/home/.cache/node-gyp/26.4.0',
456 error gyp info spawn args '-Dnode_gyp_dir=/data/data/com.termux/files/usr/lib/node_modules/npm/node_modules/node-gyp',
456 error gyp info spawn args '-Dnode_lib_file=/data/data/com.termux/files/home/.cache/node-gyp/26.4.0/<(target_arch)/node.lib',
456 error gyp info spawn args '-Dmodule_root_dir=/data/data/com.termux/files/home/node_modules/better-sqlite3',
456 error gyp info spawn args '-Dnode_engine=v8',
456 error gyp info spawn args '--depth=.',
456 error gyp info spawn args '--no-parallel',
456 error gyp info spawn args '--generator-output',
456 error gyp info spawn args 'build',
456 error gyp info spawn args '-Goutput_dir=.'
456 error gyp info spawn args ]
456 error gyp: Undefined variable android_ndk_path in binding.gyp while trying to load binding.gyp
456 error gyp ERR! configure error 
456 error gyp ERR! stack Error: `gyp` failed with exit code: 1
456 error gyp ERR! stack at ChildProcess.<anonymous> (/data/data/com.termux/files/usr/lib/node_modules/npm/node_modules/node-gyp/lib/configure.js:317:18)
456 error gyp ERR! stack at ChildProcess.emit (node:events:509:20)
456 error gyp ERR! stack at ChildProcess._handle.onexit (node:internal/child_process:294:12)
456 error gyp ERR! System Linux 6.12.38-android16-5-abA075FXXS6CZF6-4k
456 error gyp ERR! command "/data/data/com.termux/files/usr/bin/node" "/data/data/com.termux/files/usr/lib/node_modules/npm/node_modules/node-gyp/bin/node-gyp.js" "rebuild"
456 error gyp ERR! cwd /data/data/com.termux/files/home/node_modules/better-sqlite3
456 error gyp ERR! node -v v26.4.0
456 error gyp ERR! node-gyp -v v12.4.0
456 error gyp ERR! $npm_package_name better-sqlite3
456 error gyp ERR! $npm_package_version 13.0.1
456 error gyp ERR! not ok
457 silly unfinished npm timer reify 1785036530898
458 silly unfinished npm timer reify:build 1785036540727
459 silly unfinished npm timer build 1785036540729
460 silly unfinished npm timer build:deps 1785036540730
461 silly unfinished npm timer build:run:install 1785036540744
462 silly unfinished npm timer build:run:install:node_modules/better-sqlite3 1785036540745
463 verbose cwd /data/data/com.termux/files/home
464 verbose os Linux 6.12.38-android16-5-abA075FXXS6CZF6-4k
465 verbose node v26.4.0
466 verbose npm  v11.18.0
467 verbose exit 1
468 verbose code 1
469 error A complete log of this run can be found in: /data/data/com.termux/files/home/.npm/_logs/2026-07-26T03_28_49_110Z-debug-0.log
