0 verbose cli /data/data/com.termux/files/usr/bin/node /data/data/com.termux/files/usr/bin/npm
1 info using npm@11.18.0
2 info using node@v26.4.0
3 silly config load:file:/data/data/com.termux/files/usr/lib/node_modules/npm/npmrc
4 silly config load:file:/data/data/com.termux/files/home/archery-3d-game/.npmrc
5 silly config load:file:/data/data/com.termux/files/home/.npmrc
6 silly config load:file:/data/data/com.termux/files/usr/etc/npmrc
7 verbose title npm install
8 verbose argv "install"
9 verbose logfile logs-max:10 dir:/data/data/com.termux/files/home/.npm/_logs/2026-07-16T05_11_33_439Z-
10 verbose logfile /data/data/com.termux/files/home/.npm/_logs/2026-07-16T05_11_33_439Z-debug-0.log
11 silly logfile done cleaning log files
12 silly packumentCache heap:1047527424 maxSize:261881856 maxEntrySize:130940928
13 silly idealTree buildDeps
14 silly fetch manifest vite@^8.1.1
15 silly packumentCache full:https://registry.npmjs.org/vite cache-miss
16 http fetch GET 200 https://registry.npmjs.org/vite 6477ms (cache miss)
17 silly packumentCache full:https://registry.npmjs.org/vite set size:undefined disposed:false
18 silly fetch manifest @types/node@^20.19.0 || >=22.12.0
19 silly packumentCache full:https://registry.npmjs.org/@types%2fnode cache-miss
20 http fetch GET 200 https://registry.npmjs.org/@types%2fnode 419ms (cache revalidated)
21 silly packumentCache full:https://registry.npmjs.org/@types%2fnode set size:11080817 disposed:false
22 silly fetch manifest @vitejs/devtools@^0.3.0
23 silly packumentCache full:https://registry.npmjs.org/@vitejs%2fdevtools cache-miss
24 http fetch GET 200 https://registry.npmjs.org/@vitejs%2fdevtools 314ms (cache miss)
25 silly packumentCache full:https://registry.npmjs.org/@vitejs%2fdevtools set size:undefined disposed:false
26 silly fetch manifest esbuild@^0.27.0 || ^0.28.0
27 silly packumentCache full:https://registry.npmjs.org/esbuild cache-miss
28 http fetch GET 200 https://registry.npmjs.org/esbuild 771ms (cache miss)
29 silly packumentCache full:https://registry.npmjs.org/esbuild set size:undefined disposed:false
30 silly fetch manifest jiti@>=1.21.0
31 silly packumentCache full:https://registry.npmjs.org/jiti cache-miss
32 http fetch GET 200 https://registry.npmjs.org/jiti 356ms (cache revalidated)
33 silly packumentCache full:https://registry.npmjs.org/jiti set size:387989 disposed:false
34 silly fetch manifest less@^4.0.0
35 silly packumentCache full:https://registry.npmjs.org/less cache-miss
36 http fetch GET 200 https://registry.npmjs.org/less 704ms (cache miss)
37 silly packumentCache full:https://registry.npmjs.org/less set size:undefined disposed:false
38 silly fetch manifest sass@^1.70.0
39 silly packumentCache full:https://registry.npmjs.org/sass cache-miss
40 http fetch GET 200 https://registry.npmjs.org/sass 662ms (cache miss)
41 silly packumentCache full:https://registry.npmjs.org/sass set size:undefined disposed:false
42 silly fetch manifest sass-embedded@^1.70.0
43 silly packumentCache full:https://registry.npmjs.org/sass-embedded cache-miss
44 http fetch GET 200 https://registry.npmjs.org/sass-embedded 344ms (cache miss)
45 silly packumentCache full:https://registry.npmjs.org/sass-embedded set size:undefined disposed:false
46 silly fetch manifest stylus@>=0.54.8
47 silly packumentCache full:https://registry.npmjs.org/stylus cache-miss
48 http fetch GET 200 https://registry.npmjs.org/stylus 353ms (cache miss)
49 silly packumentCache full:https://registry.npmjs.org/stylus set size:undefined disposed:false
50 silly fetch manifest sugarss@^5.0.0
51 silly packumentCache full:https://registry.npmjs.org/sugarss cache-miss
52 http fetch GET 200 https://registry.npmjs.org/sugarss 238ms (cache miss)
53 silly packumentCache full:https://registry.npmjs.org/sugarss set size:undefined disposed:false
54 silly fetch manifest postcss@^8.3.3
55 silly packumentCache full:https://registry.npmjs.org/postcss cache-miss
56 http fetch GET 200 https://registry.npmjs.org/postcss 594ms (cache miss)
57 silly packumentCache full:https://registry.npmjs.org/postcss set size:undefined disposed:false
58 silly fetch manifest terser@^5.16.0
59 silly packumentCache full:https://registry.npmjs.org/terser cache-miss
60 http fetch GET 200 https://registry.npmjs.org/terser 475ms (cache miss)
61 silly packumentCache full:https://registry.npmjs.org/terser set size:undefined disposed:false
62 silly fetch manifest tsx@^4.8.1
63 silly packumentCache full:https://registry.npmjs.org/tsx cache-miss
64 http fetch GET 200 https://registry.npmjs.org/tsx 383ms (cache miss)
65 silly packumentCache full:https://registry.npmjs.org/tsx set size:undefined disposed:false
66 silly fetch manifest yaml@^2.4.2
67 silly packumentCache full:https://registry.npmjs.org/yaml cache-miss
68 http fetch GET 200 https://registry.npmjs.org/yaml 349ms (cache miss)
69 silly packumentCache full:https://registry.npmjs.org/yaml set size:undefined disposed:false
70 silly placeDep ROOT vite@8.1.4 OK for: archery-3d-game@0.0.0 want: ^8.1.1
71 silly fetch manifest lightningcss@^1.32.0
72 silly packumentCache full:https://registry.npmjs.org/lightningcss cache-miss
73 silly fetch manifest picomatch@^4.0.5
74 silly packumentCache full:https://registry.npmjs.org/picomatch cache-miss
75 silly fetch manifest postcss@^8.5.16
76 silly packumentCache full:https://registry.npmjs.org/postcss cache-miss
77 silly fetch manifest rolldown@~1.1.4
78 silly packumentCache full:https://registry.npmjs.org/rolldown cache-miss
79 silly fetch manifest tinyglobby@^0.2.17
80 silly packumentCache full:https://registry.npmjs.org/tinyglobby cache-miss
81 silly fetch manifest fsevents@~2.3.3
82 silly packumentCache full:https://registry.npmjs.org/fsevents cache-miss
83 http cache https://registry.npmjs.org/postcss 64ms (cache hit)
84 silly packumentCache full:https://registry.npmjs.org/postcss set size:736604 disposed:false
85 http fetch GET 200 https://registry.npmjs.org/lightningcss 396ms (cache miss)
86 silly packumentCache full:https://registry.npmjs.org/lightningcss set size:undefined disposed:false
87 http fetch GET 200 https://registry.npmjs.org/picomatch 835ms (cache miss)
88 silly packumentCache full:https://registry.npmjs.org/picomatch set size:undefined disposed:false
89 http fetch GET 200 https://registry.npmjs.org/fsevents 881ms (cache miss)
90 silly packumentCache full:https://registry.npmjs.org/fsevents set size:undefined disposed:false
91 http fetch GET 200 https://registry.npmjs.org/tinyglobby 939ms (cache miss)
92 silly packumentCache full:https://registry.npmjs.org/tinyglobby set size:undefined disposed:false
93 http fetch GET 200 https://registry.npmjs.org/rolldown 1407ms (cache miss)
94 silly packumentCache full:https://registry.npmjs.org/rolldown set size:undefined disposed:false
95 silly placeDep ROOT fsevents@2.3.3 OK for: vite@8.1.4 want: ~2.3.3
96 silly placeDep ROOT lightningcss@1.32.0 OK for: vite@8.1.4 want: ^1.32.0
97 silly placeDep ROOT picomatch@4.0.5 OK for: vite@8.1.4 want: ^4.0.5
98 silly placeDep ROOT postcss@8.5.19 OK for: vite@8.1.4 want: ^8.5.16
99 silly placeDep ROOT rolldown@1.1.5 OK for: vite@8.1.4 want: ~1.1.4
100 silly placeDep ROOT tinyglobby@0.2.17 OK for: vite@8.1.4 want: ^0.2.17
101 silly fetch manifest detect-libc@^2.0.3
102 silly packumentCache full:https://registry.npmjs.org/detect-libc cache-miss
103 silly fetch manifest lightningcss-darwin-x64@1.32.0
104 silly packumentCache full:https://registry.npmjs.org/lightningcss-darwin-x64 cache-miss
105 silly fetch manifest lightningcss-linux-x64-gnu@1.32.0
106 silly packumentCache full:https://registry.npmjs.org/lightningcss-linux-x64-gnu cache-miss
107 silly fetch manifest lightningcss-win32-x64-msvc@1.32.0
108 silly packumentCache full:https://registry.npmjs.org/lightningcss-win32-x64-msvc cache-miss
109 silly fetch manifest lightningcss-win32-arm64-msvc@1.32.0
110 silly packumentCache full:https://registry.npmjs.org/lightningcss-win32-arm64-msvc cache-miss
111 silly fetch manifest lightningcss-darwin-arm64@1.32.0
112 silly packumentCache full:https://registry.npmjs.org/lightningcss-darwin-arm64 cache-miss
113 silly fetch manifest lightningcss-linux-arm64-gnu@1.32.0
114 silly packumentCache full:https://registry.npmjs.org/lightningcss-linux-arm64-gnu cache-miss
115 http fetch GET 200 https://registry.npmjs.org/lightningcss-win32-arm64-msvc 290ms (cache miss)
116 silly packumentCache full:https://registry.npmjs.org/lightningcss-win32-arm64-msvc set size:undefined disposed:false
117 silly fetch manifest lightningcss-linux-arm-gnueabihf@1.32.0
118 silly packumentCache full:https://registry.npmjs.org/lightningcss-linux-arm-gnueabihf cache-miss
119 http fetch GET 200 https://registry.npmjs.org/detect-libc 308ms (cache miss)
120 silly packumentCache full:https://registry.npmjs.org/detect-libc set size:undefined disposed:false
121 silly fetch manifest lightningcss-linux-arm64-musl@1.32.0
122 silly packumentCache full:https://registry.npmjs.org/lightningcss-linux-arm64-musl cache-miss
123 http fetch GET 200 https://registry.npmjs.org/lightningcss-linux-x64-gnu 318ms (cache miss)
124 silly packumentCache full:https://registry.npmjs.org/lightningcss-linux-x64-gnu set size:undefined disposed:false
125 silly fetch manifest lightningcss-linux-x64-musl@1.32.0
126 silly packumentCache full:https://registry.npmjs.org/lightningcss-linux-x64-musl cache-miss
127 http fetch GET 200 https://registry.npmjs.org/lightningcss-win32-x64-msvc 330ms (cache miss)
128 silly packumentCache full:https://registry.npmjs.org/lightningcss-win32-x64-msvc set size:undefined disposed:false
129 silly fetch manifest lightningcss-freebsd-x64@1.32.0
130 silly packumentCache full:https://registry.npmjs.org/lightningcss-freebsd-x64 cache-miss
131 http fetch GET 200 https://registry.npmjs.org/lightningcss-darwin-x64 339ms (cache miss)
132 silly packumentCache full:https://registry.npmjs.org/lightningcss-darwin-x64 set size:undefined disposed:false
133 silly fetch manifest lightningcss-android-arm64@1.32.0
134 silly packumentCache full:https://registry.npmjs.org/lightningcss-android-arm64 cache-miss
135 http fetch GET 200 https://registry.npmjs.org/lightningcss-linux-arm-gnueabihf 310ms (cache miss)
136 silly packumentCache full:https://registry.npmjs.org/lightningcss-linux-arm-gnueabihf set size:undefined disposed:false
137 silly fetch manifest nanoid@^3.3.12
138 silly packumentCache full:https://registry.npmjs.org/nanoid cache-miss
139 http fetch GET 200 https://registry.npmjs.org/lightningcss-linux-x64-musl 305ms (cache miss)
140 silly packumentCache full:https://registry.npmjs.org/lightningcss-linux-x64-musl set size:undefined disposed:false
141 silly fetch manifest picocolors@^1.1.1
142 silly packumentCache full:https://registry.npmjs.org/picocolors cache-miss
143 http fetch GET 200 https://registry.npmjs.org/lightningcss-android-arm64 319ms (cache miss)
144 silly packumentCache full:https://registry.npmjs.org/lightningcss-android-arm64 set size:undefined disposed:false
145 silly fetch manifest source-map-js@^1.2.1
146 silly packumentCache full:https://registry.npmjs.org/source-map-js cache-miss
147 http fetch GET 200 https://registry.npmjs.org/lightningcss-freebsd-x64 331ms (cache miss)
148 silly packumentCache full:https://registry.npmjs.org/lightningcss-freebsd-x64 set size:undefined disposed:false
149 silly fetch manifest @oxc-project/types@=0.139.0
150 silly packumentCache full:https://registry.npmjs.org/@oxc-project%2ftypes cache-miss
151 http fetch GET 200 https://registry.npmjs.org/lightningcss-linux-arm64-musl 363ms (cache miss)
152 silly packumentCache full:https://registry.npmjs.org/lightningcss-linux-arm64-musl set size:undefined disposed:false
153 silly fetch manifest @rolldown/pluginutils@^1.0.0
154 silly packumentCache full:https://registry.npmjs.org/@rolldown%2fpluginutils cache-miss
155 http fetch GET 200 https://registry.npmjs.org/lightningcss-darwin-arm64 798ms (cache miss)
156 silly packumentCache full:https://registry.npmjs.org/lightningcss-darwin-arm64 set size:undefined disposed:false
157 silly fetch manifest @rolldown/binding-darwin-x64@1.1.5
158 silly packumentCache full:https://registry.npmjs.org/@rolldown%2fbinding-darwin-x64 cache-miss
159 http fetch GET 200 https://registry.npmjs.org/picocolors 229ms (cache miss)
160 silly packumentCache full:https://registry.npmjs.org/picocolors set size:undefined disposed:false
161 silly fetch manifest @rolldown/binding-freebsd-x64@1.1.5
162 silly packumentCache full:https://registry.npmjs.org/@rolldown%2fbinding-freebsd-x64 cache-miss
163 http fetch GET 200 https://registry.npmjs.org/lightningcss-linux-arm64-gnu 924ms (cache miss)
164 silly packumentCache full:https://registry.npmjs.org/lightningcss-linux-arm64-gnu set size:undefined disposed:false
165 silly fetch manifest @rolldown/binding-wasm32-wasi@1.1.5
166 silly packumentCache full:https://registry.npmjs.org/@rolldown%2fbinding-wasm32-wasi cache-miss
167 http fetch GET 200 https://registry.npmjs.org/source-map-js 365ms (cache miss)
168 silly packumentCache full:https://registry.npmjs.org/source-map-js set size:undefined disposed:false
169 silly fetch manifest @rolldown/binding-darwin-arm64@1.1.5
170 silly packumentCache full:https://registry.npmjs.org/@rolldown%2fbinding-darwin-arm64 cache-miss
171 http fetch GET 200 https://registry.npmjs.org/@oxc-project%2ftypes 671ms (cache miss)
172 silly packumentCache full:https://registry.npmjs.org/@oxc-project%2ftypes set size:undefined disposed:false
173 silly fetch manifest @rolldown/binding-android-arm64@1.1.5
174 silly packumentCache full:https://registry.npmjs.org/@rolldown%2fbinding-android-arm64 cache-miss
175 http fetch GET 200 https://registry.npmjs.org/nanoid 745ms (cache miss)
176 silly packumentCache full:https://registry.npmjs.org/nanoid set size:undefined disposed:false
177 silly fetch manifest @rolldown/binding-linux-x64-gnu@1.1.5
178 silly packumentCache full:https://registry.npmjs.org/@rolldown%2fbinding-linux-x64-gnu cache-miss
179 http fetch GET 200 https://registry.npmjs.org/@rolldown%2fpluginutils 720ms (cache miss)
180 silly packumentCache full:https://registry.npmjs.org/@rolldown%2fpluginutils set size:undefined disposed:false
181 silly fetch manifest @rolldown/binding-linux-x64-musl@1.1.5
182 silly packumentCache full:https://registry.npmjs.org/@rolldown%2fbinding-linux-x64-musl cache-miss
183 http fetch GET 200 https://registry.npmjs.org/@rolldown%2fbinding-darwin-arm64 1185ms (cache miss)
184 silly packumentCache full:https://registry.npmjs.org/@rolldown%2fbinding-darwin-arm64 set size:undefined disposed:false
185 silly fetch manifest @rolldown/binding-win32-x64-msvc@1.1.5
186 silly packumentCache full:https://registry.npmjs.org/@rolldown%2fbinding-win32-x64-msvc cache-miss
187 http fetch GET 200 https://registry.npmjs.org/@rolldown%2fbinding-android-arm64 1353ms (cache miss)
188 silly packumentCache full:https://registry.npmjs.org/@rolldown%2fbinding-android-arm64 set size:undefined disposed:false
189 silly fetch manifest @rolldown/binding-linux-arm64-gnu@1.1.5
190 silly packumentCache full:https://registry.npmjs.org/@rolldown%2fbinding-linux-arm64-gnu cache-miss
191 http fetch GET 200 https://registry.npmjs.org/@rolldown%2fbinding-linux-x64-gnu 2233ms (cache miss)
192 silly packumentCache full:https://registry.npmjs.org/@rolldown%2fbinding-linux-x64-gnu set size:undefined disposed:false
193 silly fetch manifest @rolldown/binding-linux-ppc64-gnu@1.1.5
194 silly packumentCache full:https://registry.npmjs.org/@rolldown%2fbinding-linux-ppc64-gnu cache-miss
195 http fetch GET 200 https://registry.npmjs.org/@rolldown%2fbinding-freebsd-x64 2800ms (cache miss)
196 silly packumentCache full:https://registry.npmjs.org/@rolldown%2fbinding-freebsd-x64 set size:undefined disposed:false
197 silly fetch manifest @rolldown/binding-linux-s390x-gnu@1.1.5
198 silly packumentCache full:https://registry.npmjs.org/@rolldown%2fbinding-linux-s390x-gnu cache-miss
199 http fetch GET 200 https://registry.npmjs.org/@rolldown%2fbinding-darwin-x64 3063ms (cache miss)
200 silly packumentCache full:https://registry.npmjs.org/@rolldown%2fbinding-darwin-x64 set size:undefined disposed:false
201 silly fetch manifest @rolldown/binding-linux-arm64-musl@1.1.5
202 silly packumentCache full:https://registry.npmjs.org/@rolldown%2fbinding-linux-arm64-musl cache-miss
203 http fetch GET 200 https://registry.npmjs.org/@rolldown%2fbinding-linux-x64-musl 3062ms (cache miss)
204 silly packumentCache full:https://registry.npmjs.org/@rolldown%2fbinding-linux-x64-musl set size:undefined disposed:false
205 silly fetch manifest @rolldown/binding-win32-arm64-msvc@1.1.5
206 silly packumentCache full:https://registry.npmjs.org/@rolldown%2fbinding-win32-arm64-msvc cache-miss
207 http fetch GET 200 https://registry.npmjs.org/@rolldown%2fbinding-wasm32-wasi 3983ms (cache miss)
208 silly packumentCache full:https://registry.npmjs.org/@rolldown%2fbinding-wasm32-wasi set size:undefined disposed:false
209 silly fetch manifest @rolldown/binding-openharmony-arm64@1.1.5
210 silly packumentCache full:https://registry.npmjs.org/@rolldown%2fbinding-openharmony-arm64 cache-miss
211 http fetch GET 200 https://registry.npmjs.org/@rolldown%2fbinding-linux-s390x-gnu 1451ms (cache miss)
212 silly packumentCache full:https://registry.npmjs.org/@rolldown%2fbinding-linux-s390x-gnu set size:undefined disposed:false
213 silly fetch manifest @rolldown/binding-linux-arm-gnueabihf@1.1.5
214 silly packumentCache full:https://registry.npmjs.org/@rolldown%2fbinding-linux-arm-gnueabihf cache-miss
215 http fetch GET 200 https://registry.npmjs.org/@rolldown%2fbinding-win32-x64-msvc 2942ms (cache miss)
216 silly packumentCache full:https://registry.npmjs.org/@rolldown%2fbinding-win32-x64-msvc set size:undefined disposed:false
217 silly fetch manifest fdir@^6.5.0
218 silly packumentCache full:https://registry.npmjs.org/fdir cache-miss
219 http fetch GET 200 https://registry.npmjs.org/@rolldown%2fbinding-linux-ppc64-gnu 1983ms (cache miss)
220 silly packumentCache full:https://registry.npmjs.org/@rolldown%2fbinding-linux-ppc64-gnu set size:undefined disposed:false
221 http fetch GET 200 https://registry.npmjs.org/@rolldown%2fbinding-openharmony-arm64 762ms (cache miss)
222 silly packumentCache full:https://registry.npmjs.org/@rolldown%2fbinding-openharmony-arm64 set size:undefined disposed:false
223 http fetch GET 200 https://registry.npmjs.org/fdir 742ms (cache miss)
224 silly packumentCache full:https://registry.npmjs.org/fdir set size:undefined disposed:false
225 http fetch GET 200 https://registry.npmjs.org/@rolldown%2fbinding-linux-arm64-gnu 3285ms (cache miss)
226 silly packumentCache full:https://registry.npmjs.org/@rolldown%2fbinding-linux-arm64-gnu set size:undefined disposed:false
227 http fetch GET 200 https://registry.npmjs.org/@rolldown%2fbinding-win32-arm64-msvc 2247ms (cache miss)
228 silly packumentCache full:https://registry.npmjs.org/@rolldown%2fbinding-win32-arm64-msvc set size:undefined disposed:false
229 http fetch GET 200 https://registry.npmjs.org/@rolldown%2fbinding-linux-arm64-musl 2932ms (cache miss)
230 silly packumentCache full:https://registry.npmjs.org/@rolldown%2fbinding-linux-arm64-musl set size:undefined disposed:false
231 http fetch GET 200 https://registry.npmjs.org/@rolldown%2fbinding-linux-arm-gnueabihf 1927ms (cache miss)
232 silly packumentCache full:https://registry.npmjs.org/@rolldown%2fbinding-linux-arm-gnueabihf set size:undefined disposed:false
233 silly placeDep ROOT detect-libc@2.1.2 OK for: lightningcss@1.32.0 want: ^2.0.3
234 silly placeDep ROOT lightningcss-android-arm64@1.32.0 OK for: lightningcss@1.32.0 want: 1.32.0
235 silly placeDep ROOT lightningcss-darwin-arm64@1.32.0 OK for: lightningcss@1.32.0 want: 1.32.0
236 silly placeDep ROOT lightningcss-darwin-x64@1.32.0 OK for: lightningcss@1.32.0 want: 1.32.0
237 silly placeDep ROOT lightningcss-freebsd-x64@1.32.0 OK for: lightningcss@1.32.0 want: 1.32.0
238 silly placeDep ROOT lightningcss-linux-arm-gnueabihf@1.32.0 OK for: lightningcss@1.32.0 want: 1.32.0
239 silly placeDep ROOT lightningcss-linux-arm64-gnu@1.32.0 OK for: lightningcss@1.32.0 want: 1.32.0
240 silly placeDep ROOT lightningcss-linux-arm64-musl@1.32.0 OK for: lightningcss@1.32.0 want: 1.32.0
241 silly placeDep ROOT lightningcss-linux-x64-gnu@1.32.0 OK for: lightningcss@1.32.0 want: 1.32.0
242 silly placeDep ROOT lightningcss-linux-x64-musl@1.32.0 OK for: lightningcss@1.32.0 want: 1.32.0
243 silly placeDep ROOT lightningcss-win32-arm64-msvc@1.32.0 OK for: lightningcss@1.32.0 want: 1.32.0
244 silly placeDep ROOT lightningcss-win32-x64-msvc@1.32.0 OK for: lightningcss@1.32.0 want: 1.32.0
245 silly placeDep ROOT nanoid@3.3.16 OK for: postcss@8.5.19 want: ^3.3.12
246 silly placeDep ROOT picocolors@1.1.1 OK for: postcss@8.5.19 want: ^1.1.1
247 silly placeDep ROOT source-map-js@1.2.1 OK for: postcss@8.5.19 want: ^1.2.1
248 silly placeDep ROOT @oxc-project/types@0.139.0 OK for: rolldown@1.1.5 want: =0.139.0
249 silly placeDep ROOT @rolldown/binding-android-arm64@1.1.5 OK for: rolldown@1.1.5 want: 1.1.5
250 silly placeDep ROOT @rolldown/binding-darwin-arm64@1.1.5 OK for: rolldown@1.1.5 want: 1.1.5
251 silly placeDep ROOT @rolldown/binding-darwin-x64@1.1.5 OK for: rolldown@1.1.5 want: 1.1.5
252 silly placeDep ROOT @rolldown/binding-freebsd-x64@1.1.5 OK for: rolldown@1.1.5 want: 1.1.5
253 silly placeDep ROOT @rolldown/binding-linux-arm-gnueabihf@1.1.5 OK for: rolldown@1.1.5 want: 1.1.5
254 silly placeDep ROOT @rolldown/binding-linux-arm64-gnu@1.1.5 OK for: rolldown@1.1.5 want: 1.1.5
255 silly placeDep ROOT @rolldown/binding-linux-arm64-musl@1.1.5 OK for: rolldown@1.1.5 want: 1.1.5
256 silly placeDep ROOT @rolldown/binding-linux-ppc64-gnu@1.1.5 OK for: rolldown@1.1.5 want: 1.1.5
257 silly placeDep ROOT @rolldown/binding-linux-s390x-gnu@1.1.5 OK for: rolldown@1.1.5 want: 1.1.5
258 silly placeDep ROOT @rolldown/binding-linux-x64-gnu@1.1.5 OK for: rolldown@1.1.5 want: 1.1.5
259 silly placeDep ROOT @rolldown/binding-linux-x64-musl@1.1.5 OK for: rolldown@1.1.5 want: 1.1.5
260 silly placeDep ROOT @rolldown/binding-openharmony-arm64@1.1.5 OK for: rolldown@1.1.5 want: 1.1.5
261 silly placeDep ROOT @rolldown/binding-wasm32-wasi@1.1.5 OK for: rolldown@1.1.5 want: 1.1.5
262 silly placeDep ROOT @rolldown/binding-win32-arm64-msvc@1.1.5 OK for: rolldown@1.1.5 want: 1.1.5
263 silly placeDep ROOT @rolldown/binding-win32-x64-msvc@1.1.5 OK for: rolldown@1.1.5 want: 1.1.5
264 silly placeDep ROOT @rolldown/pluginutils@1.0.1 OK for: rolldown@1.1.5 want: ^1.0.0
265 silly fetch manifest @emnapi/core@1.11.1
266 silly packumentCache full:https://registry.npmjs.org/@emnapi%2fcore cache-miss
267 silly fetch manifest @emnapi/runtime@1.11.1
268 silly packumentCache full:https://registry.npmjs.org/@emnapi%2fruntime cache-miss
269 silly fetch manifest @napi-rs/wasm-runtime@^1.1.6
270 silly packumentCache full:https://registry.npmjs.org/@napi-rs%2fwasm-runtime cache-miss
271 http fetch GET 200 https://registry.npmjs.org/@napi-rs%2fwasm-runtime 282ms (cache miss)
272 silly packumentCache full:https://registry.npmjs.org/@napi-rs%2fwasm-runtime set size:undefined disposed:false
273 http fetch GET 200 https://registry.npmjs.org/@emnapi%2fcore 306ms (cache miss)
274 silly packumentCache full:https://registry.npmjs.org/@emnapi%2fcore set size:undefined disposed:false
275 http fetch GET 200 https://registry.npmjs.org/@emnapi%2fruntime 311ms (cache miss)
276 silly packumentCache full:https://registry.npmjs.org/@emnapi%2fruntime set size:undefined disposed:false
277 silly placeDep ROOT @emnapi/core@1.11.1 OK for: @rolldown/binding-wasm32-wasi@1.1.5 want: 1.11.1
278 silly placeDep ROOT @emnapi/runtime@1.11.1 OK for: @rolldown/binding-wasm32-wasi@1.1.5 want: 1.11.1
279 silly placeDep ROOT @napi-rs/wasm-runtime@1.1.6 OK for: @rolldown/binding-wasm32-wasi@1.1.5 want: ^1.1.6
280 silly fetch manifest tslib@^2.4.0
281 silly packumentCache full:https://registry.npmjs.org/tslib cache-miss
282 silly fetch manifest @emnapi/wasi-threads@1.2.2
283 silly packumentCache full:https://registry.npmjs.org/@emnapi%2fwasi-threads cache-miss
284 silly fetch manifest tslib@^2.4.0
285 silly packumentCache full:https://registry.npmjs.org/tslib cache-miss
286 silly fetch manifest @tybys/wasm-util@^0.10.3
287 silly packumentCache full:https://registry.npmjs.org/@tybys%2fwasm-util cache-miss
288 http fetch GET 200 https://registry.npmjs.org/@emnapi%2fwasi-threads 309ms (cache miss)
289 silly packumentCache full:https://registry.npmjs.org/@emnapi%2fwasi-threads set size:undefined disposed:false
290 http fetch GET 200 https://registry.npmjs.org/@tybys%2fwasm-util 309ms (cache miss)
291 silly packumentCache full:https://registry.npmjs.org/@tybys%2fwasm-util set size:undefined disposed:false
292 http fetch GET 200 https://registry.npmjs.org/tslib 318ms (cache miss)
293 silly packumentCache full:https://registry.npmjs.org/tslib set size:undefined disposed:false
294 http fetch GET 200 https://registry.npmjs.org/tslib 340ms (cache miss)
295 silly packumentCache full:https://registry.npmjs.org/tslib set size:undefined disposed:false
296 silly placeDep ROOT @emnapi/wasi-threads@1.2.2 OK for: @emnapi/core@1.11.1 want: 1.2.2
297 silly placeDep ROOT tslib@2.8.1 OK for: @emnapi/core@1.11.1 want: ^2.4.0
298 silly placeDep ROOT @tybys/wasm-util@0.10.3 OK for: @napi-rs/wasm-runtime@1.1.6 want: ^0.10.3
299 silly fetch manifest picomatch@^4.0.4
300 silly packumentCache full:https://registry.npmjs.org/picomatch cache-miss
301 http cache https://registry.npmjs.org/picomatch 19ms (cache hit)
302 silly packumentCache full:https://registry.npmjs.org/picomatch set size:128942 disposed:false
303 silly placeDep ROOT fdir@6.5.0 OK for: tinyglobby@0.2.17 want: ^6.5.0
304 silly reify moves {}
305 silly audit bulk request {
305 silly audit   vite: [ '8.1.4' ],
305 silly audit   fsevents: [ '2.3.3' ],
305 silly audit   lightningcss: [ '1.32.0' ],
305 silly audit   picomatch: [ '4.0.5' ],
305 silly audit   postcss: [ '8.5.19' ],
305 silly audit   rolldown: [ '1.1.5' ],
305 silly audit   tinyglobby: [ '0.2.17' ],
305 silly audit   'detect-libc': [ '2.1.2' ],
305 silly audit   'lightningcss-android-arm64': [ '1.32.0' ],
305 silly audit   'lightningcss-darwin-arm64': [ '1.32.0' ],
305 silly audit   'lightningcss-darwin-x64': [ '1.32.0' ],
305 silly audit   'lightningcss-freebsd-x64': [ '1.32.0' ],
305 silly audit   'lightningcss-linux-arm-gnueabihf': [ '1.32.0' ],
305 silly audit   'lightningcss-linux-arm64-gnu': [ '1.32.0' ],
305 silly audit   'lightningcss-linux-arm64-musl': [ '1.32.0' ],
305 silly audit   'lightningcss-linux-x64-gnu': [ '1.32.0' ],
305 silly audit   'lightningcss-linux-x64-musl': [ '1.32.0' ],
305 silly audit   'lightningcss-win32-arm64-msvc': [ '1.32.0' ],
305 silly audit   'lightningcss-win32-x64-msvc': [ '1.32.0' ],
305 silly audit   nanoid: [ '3.3.16' ],
305 silly audit   picocolors: [ '1.1.1' ],
305 silly audit   'source-map-js': [ '1.2.1' ],
305 silly audit   '@oxc-project/types': [ '0.139.0' ],
305 silly audit   '@rolldown/binding-android-arm64': [ '1.1.5' ],
305 silly audit   '@rolldown/binding-darwin-arm64': [ '1.1.5' ],
305 silly audit   '@rolldown/binding-darwin-x64': [ '1.1.5' ],
305 silly audit   '@rolldown/binding-freebsd-x64': [ '1.1.5' ],
305 silly audit   '@rolldown/binding-linux-arm-gnueabihf': [ '1.1.5' ],
305 silly audit   '@rolldown/binding-linux-arm64-gnu': [ '1.1.5' ],
305 silly audit   '@rolldown/binding-linux-arm64-musl': [ '1.1.5' ],
305 silly audit   '@rolldown/binding-linux-ppc64-gnu': [ '1.1.5' ],
305 silly audit   '@rolldown/binding-linux-s390x-gnu': [ '1.1.5' ],
305 silly audit   '@rolldown/binding-linux-x64-gnu': [ '1.1.5' ],
305 silly audit   '@rolldown/binding-linux-x64-musl': [ '1.1.5' ],
305 silly audit   '@rolldown/binding-openharmony-arm64': [ '1.1.5' ],
305 silly audit   '@rolldown/binding-wasm32-wasi': [ '1.1.5' ],
305 silly audit   '@rolldown/binding-win32-arm64-msvc': [ '1.1.5' ],
305 silly audit   '@rolldown/binding-win32-x64-msvc': [ '1.1.5' ],
305 silly audit   '@rolldown/pluginutils': [ '1.0.1' ],
305 silly audit   '@emnapi/core': [ '1.11.1' ],
305 silly audit   '@emnapi/runtime': [ '1.11.1' ],
305 silly audit   '@napi-rs/wasm-runtime': [ '1.1.6' ],
305 silly audit   '@emnapi/wasi-threads': [ '1.2.2' ],
305 silly audit   tslib: [ '2.8.1' ],
305 silly audit   '@tybys/wasm-util': [ '0.10.3' ],
305 silly audit   fdir: [ '6.5.0' ]
305 silly audit }
306 http cache @rolldown/binding-android-arm64@https://registry.npmjs.org/@rolldown/binding-android-arm64/-/binding-android-arm64-1.1.5.tgz 0ms (cache hit)
307 http cache source-map-js@https://registry.npmjs.org/source-map-js/-/source-map-js-1.2.1.tgz 0ms (cache hit)
308 http cache @oxc-project/types@https://registry.npmjs.org/@oxc-project/types/-/types-0.139.0.tgz 0ms (cache hit)
309 http cache picocolors@https://registry.npmjs.org/picocolors/-/picocolors-1.1.1.tgz 0ms (cache hit)
310 http cache nanoid@https://registry.npmjs.org/nanoid/-/nanoid-3.3.16.tgz 0ms (cache hit)
311 http cache lightningcss-android-arm64@https://registry.npmjs.org/lightningcss-android-arm64/-/lightningcss-android-arm64-1.32.0.tgz 0ms (cache hit)
312 http cache detect-libc@https://registry.npmjs.org/detect-libc/-/detect-libc-2.1.2.tgz 0ms (cache hit)
313 http cache tinyglobby@https://registry.npmjs.org/tinyglobby/-/tinyglobby-0.2.17.tgz 0ms (cache hit)
314 http cache rolldown@https://registry.npmjs.org/rolldown/-/rolldown-1.1.5.tgz 0ms (cache hit)
315 http cache postcss@https://registry.npmjs.org/postcss/-/postcss-8.5.19.tgz 0ms (cache hit)
316 http cache @rolldown/pluginutils@https://registry.npmjs.org/@rolldown/pluginutils/-/pluginutils-1.0.1.tgz 0ms (cache hit)
317 http cache picomatch@https://registry.npmjs.org/picomatch/-/picomatch-4.0.5.tgz 0ms (cache hit)
318 http cache lightningcss@https://registry.npmjs.org/lightningcss/-/lightningcss-1.32.0.tgz 0ms (cache hit)
319 http cache vite@https://registry.npmjs.org/vite/-/vite-8.1.4.tgz 0ms (cache hit)
320 http cache fdir@https://registry.npmjs.org/fdir/-/fdir-6.5.0.tgz 0ms (cache hit)
321 silly tarball no local data for source-map-js@https://registry.npmjs.org/source-map-js/-/source-map-js-1.2.1.tgz. Extracting by manifest.
322 silly tarball no local data for picocolors@https://registry.npmjs.org/picocolors/-/picocolors-1.1.1.tgz. Extracting by manifest.
323 silly tarball no local data for @rolldown/binding-android-arm64@https://registry.npmjs.org/@rolldown/binding-android-arm64/-/binding-android-arm64-1.1.5.tgz. Extracting by manifest.
324 silly tarball no local data for @oxc-project/types@https://registry.npmjs.org/@oxc-project/types/-/types-0.139.0.tgz. Extracting by manifest.
325 silly tarball no local data for nanoid@https://registry.npmjs.org/nanoid/-/nanoid-3.3.16.tgz. Extracting by manifest.
326 silly tarball no local data for lightningcss-android-arm64@https://registry.npmjs.org/lightningcss-android-arm64/-/lightningcss-android-arm64-1.32.0.tgz. Extracting by manifest.
327 silly tarball no local data for detect-libc@https://registry.npmjs.org/detect-libc/-/detect-libc-2.1.2.tgz. Extracting by manifest.
328 silly tarball no local data for tinyglobby@https://registry.npmjs.org/tinyglobby/-/tinyglobby-0.2.17.tgz. Extracting by manifest.
329 silly tarball no local data for rolldown@https://registry.npmjs.org/rolldown/-/rolldown-1.1.5.tgz. Extracting by manifest.
330 silly tarball no local data for postcss@https://registry.npmjs.org/postcss/-/postcss-8.5.19.tgz. Extracting by manifest.
331 silly tarball no local data for @rolldown/pluginutils@https://registry.npmjs.org/@rolldown/pluginutils/-/pluginutils-1.0.1.tgz. Extracting by manifest.
332 silly tarball no local data for picomatch@https://registry.npmjs.org/picomatch/-/picomatch-4.0.5.tgz. Extracting by manifest.
333 silly tarball no local data for lightningcss@https://registry.npmjs.org/lightningcss/-/lightningcss-1.32.0.tgz. Extracting by manifest.
334 silly tarball no local data for fdir@https://registry.npmjs.org/fdir/-/fdir-6.5.0.tgz. Extracting by manifest.
335 silly tarball no local data for vite@https://registry.npmjs.org/vite/-/vite-8.1.4.tgz. Extracting by manifest.
336 http fetch GET 200 https://registry.npmjs.org/nanoid/-/nanoid-3.3.16.tgz 441ms (cache miss)
337 http fetch GET 200 https://registry.npmjs.org/picocolors/-/picocolors-1.1.1.tgz 448ms (cache miss)
338 http fetch GET 200 https://registry.npmjs.org/@oxc-project/types/-/types-0.139.0.tgz 590ms (cache miss)
339 http fetch GET 200 https://registry.npmjs.org/source-map-js/-/source-map-js-1.2.1.tgz 647ms (cache miss)
340 http fetch POST 200 https://registry.npmjs.org/-/npm/v1/security/advisories/bulk 960ms
341 silly audit report {}
342 http fetch GET 200 https://registry.npmjs.org/detect-libc/-/detect-libc-2.1.2.tgz 2391ms (cache miss)
343 http fetch GET 200 https://registry.npmjs.org/tinyglobby/-/tinyglobby-0.2.17.tgz 2671ms (cache miss)
344 http fetch GET 200 https://registry.npmjs.org/rolldown/-/rolldown-1.1.5.tgz 3978ms (cache miss)
345 http fetch GET 200 https://registry.npmjs.org/lightningcss/-/lightningcss-1.32.0.tgz 4329ms (cache miss)
346 http fetch GET 200 https://registry.npmjs.org/@rolldown/pluginutils/-/pluginutils-1.0.1.tgz 4419ms (cache miss)
347 http fetch GET 200 https://registry.npmjs.org/postcss/-/postcss-8.5.19.tgz 4473ms (cache miss)
348 http fetch GET 200 https://registry.npmjs.org/fdir/-/fdir-6.5.0.tgz 4473ms (cache miss)
349 http fetch GET 200 https://registry.npmjs.org/picomatch/-/picomatch-4.0.5.tgz 4546ms (cache miss)
350 http fetch GET 200 https://registry.npmjs.org/vite/-/vite-8.1.4.tgz 5120ms (cache miss)
351 http fetch GET 200 https://registry.npmjs.org/lightningcss-android-arm64/-/lightningcss-android-arm64-1.32.0.tgz 12862ms (cache miss)
352 http fetch GET 200 https://registry.npmjs.org/@rolldown/binding-android-arm64/-/binding-android-arm64-1.1.5.tgz 22404ms (cache miss)
353 silly ADD node_modules/fdir
354 silly ADD node_modules/@rolldown/pluginutils
355 silly ADD node_modules/@rolldown/binding-android-arm64
356 silly ADD node_modules/@oxc-project/types
357 silly ADD node_modules/source-map-js
358 silly ADD node_modules/picocolors
359 silly ADD node_modules/nanoid
360 silly ADD node_modules/lightningcss-android-arm64
361 silly ADD node_modules/detect-libc
362 silly ADD node_modules/tinyglobby
363 silly ADD node_modules/rolldown
364 silly ADD node_modules/postcss
365 silly ADD node_modules/picomatch
366 silly ADD node_modules/lightningcss
367 silly ADD node_modules/vite
368 verbose cwd /data/data/com.termux/files/home/archery-3d-game
369 verbose os Linux 6.12.38-android16-5-abA075FXXS5CZF2-4k
370 verbose node v26.4.0
371 verbose npm  v11.18.0
372 verbose exit 0
373 info ok
