0 verbose cli /data/data/com.termux/files/usr/bin/node /data/data/com.termux/files/usr/lib/node_modules/npm/bin/npm-cli.js
1 info using npm@11.18.0
2 info using node@v26.4.0
3 silly config load:file:/data/data/com.termux/files/usr/lib/node_modules/npm/npmrc
4 silly config load:file:/data/data/com.termux/files/home/hyat-views/.npmrc
5 silly config load:file:/data/data/com.termux/files/home/.npmrc
6 silly config load:file:/data/data/com.termux/files/usr/etc/npmrc
7 verbose title npm exec vercel --prod
8 verbose argv "exec" "--" "vercel" "--prod"
9 verbose logfile logs-max:10 dir:/data/data/com.termux/files/home/.npm/_logs/2026-07-28T11_26_51_338Z-
10 verbose logfile /data/data/com.termux/files/home/.npm/_logs/2026-07-28T11_26_51_338Z-debug-0.log
11 silly logfile start cleaning logs, removing 1 files
12 silly logfile done cleaning log files
13 silly packumentCache heap:1047527424 maxSize:261881856 maxEntrySize:130940928
14 http fetch GET 200 https://registry.npmjs.org/vercel 9636ms (cache revalidated)
15 silly packumentCache heap:1047527424 maxSize:261881856 maxEntrySize:130940928
16 silly packumentCache heap:1047527424 maxSize:261881856 maxEntrySize:130940928
17 verbose cwd /data/data/com.termux/files/home/hyat-views
18 verbose os Linux 6.12.38-android16-5-abA075FXXS6CZF6-4k
19 verbose node v26.4.0
20 verbose npm  v11.18.0
21 verbose exit 0
22 info ok
