0 verbose cli /data/data/com.termux/files/usr/bin/node /data/data/com.termux/files/usr/bin/npm
1 info using npm@11.18.0
2 info using node@v26.4.0
3 silly config load:file:/data/data/com.termux/files/usr/lib/node_modules/npm/npmrc
4 silly config load:file:/data/data/com.termux/files/home/test-supertest/.npmrc
5 silly config load:file:/data/data/com.termux/files/home/.npmrc
6 silly config load:file:/data/data/com.termux/files/usr/etc/npmrc
7 verbose title npm install supertest express
8 verbose argv "install" "supertest" "express"
9 verbose logfile logs-max:10 dir:/data/data/com.termux/files/home/.npm/_logs/2026-07-16T09_27_43_993Z-
10 verbose logfile /data/data/com.termux/files/home/.npm/_logs/2026-07-16T09_27_43_993Z-debug-0.log
11 silly logfile start cleaning logs, removing 1 files
12 silly logfile done cleaning log files
13 silly packumentCache heap:1047527424 maxSize:261881856 maxEntrySize:130940928
14 silly idealTree buildDeps
15 silly fetch manifest supertest@*
16 silly packumentCache full:https://registry.npmjs.org/supertest cache-miss
17 http fetch GET 200 https://registry.npmjs.org/supertest 4035ms (cache miss)
18 silly packumentCache full:https://registry.npmjs.org/supertest set size:undefined disposed:false
19 silly fetch manifest express@*
20 silly packumentCache full:https://registry.npmjs.org/express cache-miss
21 http fetch GET 200 https://registry.npmjs.org/express 451ms (cache revalidated)
22 silly packumentCache full:https://registry.npmjs.org/express set size:804956 disposed:false
23 silly placeDep ROOT express@5.2.1 OK for: test-supertest@1.0.0 want: *
24 silly placeDep ROOT supertest@7.2.2 OK for: test-supertest@1.0.0 want: *
25 silly fetch manifest qs@^6.14.0
26 silly packumentCache full:https://registry.npmjs.org/qs cache-miss
27 silly fetch manifest depd@^2.0.0
28 silly packumentCache full:https://registry.npmjs.org/depd cache-miss
29 silly fetch manifest etag@^1.8.1
30 silly packumentCache full:https://registry.npmjs.org/etag cache-miss
31 silly fetch manifest once@^1.4.0
32 silly packumentCache full:https://registry.npmjs.org/once cache-miss
33 silly fetch manifest send@^1.1.0
34 silly packumentCache full:https://registry.npmjs.org/send cache-miss
35 silly fetch manifest vary@^1.1.2
36 silly packumentCache full:https://registry.npmjs.org/vary cache-miss
37 silly fetch manifest debug@^4.4.0
38 silly packumentCache full:https://registry.npmjs.org/debug cache-miss
39 http fetch GET 200 https://registry.npmjs.org/qs 598ms (cache revalidated)
40 silly packumentCache full:https://registry.npmjs.org/qs set size:360318 disposed:false
41 silly fetch manifest fresh@^2.0.0
42 silly packumentCache full:https://registry.npmjs.org/fresh cache-miss
43 http fetch GET 200 https://registry.npmjs.org/fresh 1127ms (cache revalidated)
44 silly packumentCache full:https://registry.npmjs.org/fresh set size:25427 disposed:false
45 silly fetch manifest cookie@^0.7.1
46 silly packumentCache full:https://registry.npmjs.org/cookie cache-miss
47 http fetch GET 200 https://registry.npmjs.org/cookie 234ms (cache revalidated)
48 silly packumentCache full:https://registry.npmjs.org/cookie set size:78274 disposed:false
49 silly fetch manifest router@^2.2.0
50 silly packumentCache full:https://registry.npmjs.org/router cache-miss
51 http fetch GET 200 https://registry.npmjs.org/debug 2147ms (cache revalidated)
52 silly packumentCache full:https://registry.npmjs.org/debug set size:195840 disposed:false
53 silly fetch manifest accepts@^2.0.0
54 silly packumentCache full:https://registry.npmjs.org/accepts cache-miss
55 http fetch GET 200 https://registry.npmjs.org/depd 2194ms (cache revalidated)
56 silly packumentCache full:https://registry.npmjs.org/depd set size:40182 disposed:false
57 silly fetch manifest type-is@^2.0.1
58 silly packumentCache full:https://registry.npmjs.org/type-is cache-miss
59 http fetch GET 200 https://registry.npmjs.org/once 2224ms (cache revalidated)
60 silly packumentCache full:https://registry.npmjs.org/once set size:11752 disposed:false
61 silly fetch manifest parseurl@^1.3.3
62 silly packumentCache full:https://registry.npmjs.org/parseurl cache-miss
63 http fetch GET 200 https://registry.npmjs.org/etag 2235ms (cache revalidated)
64 silly packumentCache full:https://registry.npmjs.org/etag set size:30032 disposed:false
65 silly fetch manifest statuses@^2.0.1
66 silly packumentCache full:https://registry.npmjs.org/statuses cache-miss
67 http fetch GET 200 https://registry.npmjs.org/send 2240ms (cache revalidated)
68 silly packumentCache full:https://registry.npmjs.org/send set size:152810 disposed:false
69 silly fetch manifest encodeurl@^2.0.0
70 silly packumentCache full:https://registry.npmjs.org/encodeurl cache-miss
71 http fetch GET 200 https://registry.npmjs.org/vary 2253ms (cache revalidated)
72 silly packumentCache full:https://registry.npmjs.org/vary set size:15994 disposed:false
73 silly fetch manifest mime-types@^3.0.0
74 silly packumentCache full:https://registry.npmjs.org/mime-types cache-miss
75 http fetch GET 200 https://registry.npmjs.org/router 279ms (cache revalidated)
76 silly packumentCache full:https://registry.npmjs.org/router set size:116499 disposed:false
77 silly fetch manifest proxy-addr@^2.0.7
78 silly packumentCache full:https://registry.npmjs.org/proxy-addr cache-miss
79 http fetch GET 200 https://registry.npmjs.org/accepts 318ms (cache revalidated)
80 silly packumentCache full:https://registry.npmjs.org/accepts set size:77054 disposed:false
81 silly fetch manifest body-parser@^2.2.1
82 silly packumentCache full:https://registry.npmjs.org/body-parser cache-miss
83 http fetch GET 200 https://registry.npmjs.org/type-is 310ms (cache revalidated)
84 silly packumentCache full:https://registry.npmjs.org/type-is set size:88614 disposed:false
85 silly fetch manifest escape-html@^1.0.3
86 silly packumentCache full:https://registry.npmjs.org/escape-html cache-miss
87 http fetch GET 200 https://registry.npmjs.org/encodeurl 265ms (cache revalidated)
88 silly packumentCache full:https://registry.npmjs.org/encodeurl set size:12296 disposed:false
89 silly fetch manifest http-errors@^2.0.0
90 silly packumentCache full:https://registry.npmjs.org/http-errors cache-miss
91 http fetch GET 200 https://registry.npmjs.org/statuses 289ms (cache revalidated)
92 silly packumentCache full:https://registry.npmjs.org/statuses set size:37117 disposed:false
93 silly fetch manifest on-finished@^2.4.1
94 silly packumentCache full:https://registry.npmjs.org/on-finished cache-miss
95 http fetch GET 200 https://registry.npmjs.org/parseurl 305ms (cache revalidated)
96 silly packumentCache full:https://registry.npmjs.org/parseurl set size:24148 disposed:false
97 silly fetch manifest content-type@^1.0.5
98 silly packumentCache full:https://registry.npmjs.org/content-type cache-miss
99 http fetch GET 200 https://registry.npmjs.org/proxy-addr 286ms (cache revalidated)
100 silly packumentCache full:https://registry.npmjs.org/proxy-addr set size:61619 disposed:false
101 silly fetch manifest finalhandler@^2.1.0
102 silly packumentCache full:https://registry.npmjs.org/finalhandler cache-miss
103 http fetch GET 200 https://registry.npmjs.org/mime-types 335ms (cache revalidated)
104 silly packumentCache full:https://registry.npmjs.org/mime-types set size:139110 disposed:false
105 silly fetch manifest range-parser@^1.2.1
106 silly packumentCache full:https://registry.npmjs.org/range-parser cache-miss
107 http fetch GET 200 https://registry.npmjs.org/http-errors 328ms (cache revalidated)
108 silly packumentCache full:https://registry.npmjs.org/http-errors set size:71987 disposed:false
109 silly fetch manifest serve-static@^2.2.0
110 silly packumentCache full:https://registry.npmjs.org/serve-static cache-miss
111 http fetch GET 200 https://registry.npmjs.org/escape-html 351ms (cache revalidated)
112 silly packumentCache full:https://registry.npmjs.org/escape-html set size:7345 disposed:false
113 silly fetch manifest cookie-signature@^1.2.1
114 silly packumentCache full:https://registry.npmjs.org/cookie-signature cache-miss
115 http fetch GET 200 https://registry.npmjs.org/body-parser 368ms (cache revalidated)
116 silly packumentCache full:https://registry.npmjs.org/body-parser set size:204544 disposed:false
117 silly fetch manifest merge-descriptors@^2.0.0
118 silly packumentCache full:https://registry.npmjs.org/merge-descriptors cache-miss
119 http fetch GET 200 https://registry.npmjs.org/on-finished 370ms (cache revalidated)
120 silly packumentCache full:https://registry.npmjs.org/on-finished set size:23212 disposed:false
121 silly fetch manifest content-disposition@^1.0.0
122 silly packumentCache full:https://registry.npmjs.org/content-disposition cache-miss
123 http fetch GET 200 https://registry.npmjs.org/content-type 369ms (cache revalidated)
124 silly packumentCache full:https://registry.npmjs.org/content-type set size:18994 disposed:false
125 silly fetch manifest methods@^1.1.2
126 silly packumentCache full:https://registry.npmjs.org/methods cache-miss
127 http fetch GET 200 https://registry.npmjs.org/range-parser 309ms (cache revalidated)
128 silly packumentCache full:https://registry.npmjs.org/range-parser set size:24852 disposed:false
129 silly fetch manifest superagent@^10.3.0
130 silly packumentCache full:https://registry.npmjs.org/superagent cache-miss
131 http fetch GET 200 https://registry.npmjs.org/finalhandler 343ms (cache revalidated)
132 silly packumentCache full:https://registry.npmjs.org/finalhandler set size:79291 disposed:false
133 silly fetch manifest cookie-signature@^1.2.2
134 silly packumentCache full:https://registry.npmjs.org/cookie-signature cache-miss
135 http fetch GET 200 https://registry.npmjs.org/methods 591ms (cache miss)
136 silly packumentCache full:https://registry.npmjs.org/methods set size:undefined disposed:false
137 http fetch GET 200 https://registry.npmjs.org/serve-static 655ms (cache revalidated)
138 silly packumentCache full:https://registry.npmjs.org/serve-static set size:150391 disposed:false
139 http fetch GET 200 https://registry.npmjs.org/cookie-signature 660ms (cache revalidated)
140 silly packumentCache full:https://registry.npmjs.org/cookie-signature set size:21777 disposed:false
141 http fetch GET 200 https://registry.npmjs.org/merge-descriptors 649ms (cache revalidated)
142 silly packumentCache full:https://registry.npmjs.org/merge-descriptors set size:16527 disposed:false
143 http fetch GET 200 https://registry.npmjs.org/content-disposition 694ms (cache revalidated)
144 silly packumentCache full:https://registry.npmjs.org/content-disposition set size:42862 disposed:false
145 http fetch GET 200 https://registry.npmjs.org/cookie-signature 1873ms (cache revalidated)
146 silly packumentCache full:https://registry.npmjs.org/cookie-signature set size:21777 disposed:false
147 silly packumentCache full:https://registry.npmjs.org/cookie-signature dispose
148 http fetch GET 200 https://registry.npmjs.org/superagent 2466ms (cache miss)
149 silly packumentCache full:https://registry.npmjs.org/superagent set size:undefined disposed:false
150 silly placeDep ROOT accepts@2.0.0 OK for: express@5.2.1 want: ^2.0.0
151 silly placeDep ROOT body-parser@2.3.0 OK for: express@5.2.1 want: ^2.2.1
152 silly placeDep ROOT content-disposition@1.1.0 OK for: express@5.2.1 want: ^1.0.0
153 silly placeDep ROOT content-type@1.0.5 OK for: express@5.2.1 want: ^1.0.5
154 silly placeDep ROOT cookie@0.7.2 OK for: express@5.2.1 want: ^0.7.1
155 silly placeDep ROOT cookie-signature@1.2.2 OK for: express@5.2.1 want: ^1.2.1
156 silly placeDep ROOT debug@4.4.3 OK for: express@5.2.1 want: ^4.4.0
157 silly placeDep ROOT depd@2.0.0 OK for: express@5.2.1 want: ^2.0.0
158 silly placeDep ROOT encodeurl@2.0.0 OK for: express@5.2.1 want: ^2.0.0
159 silly placeDep ROOT escape-html@1.0.3 OK for: express@5.2.1 want: ^1.0.3
160 silly placeDep ROOT etag@1.8.1 OK for: express@5.2.1 want: ^1.8.1
161 silly placeDep ROOT finalhandler@2.1.1 OK for: express@5.2.1 want: ^2.1.0
162 silly placeDep ROOT fresh@2.0.0 OK for: express@5.2.1 want: ^2.0.0
163 silly placeDep ROOT http-errors@2.0.1 OK for: express@5.2.1 want: ^2.0.0
164 silly placeDep ROOT merge-descriptors@2.0.0 OK for: express@5.2.1 want: ^2.0.0
165 silly placeDep ROOT mime-types@3.0.2 OK for: express@5.2.1 want: ^3.0.0
166 silly placeDep ROOT on-finished@2.4.1 OK for: express@5.2.1 want: ^2.4.1
167 silly placeDep ROOT once@1.4.0 OK for: express@5.2.1 want: ^1.4.0
168 silly placeDep ROOT parseurl@1.3.3 OK for: express@5.2.1 want: ^1.3.3
169 silly placeDep ROOT proxy-addr@2.0.7 OK for: express@5.2.1 want: ^2.0.7
170 silly placeDep ROOT qs@6.15.3 OK for: express@5.2.1 want: ^6.14.0
171 silly placeDep ROOT range-parser@1.3.0 OK for: express@5.2.1 want: ^1.2.1
172 silly placeDep ROOT router@2.2.0 OK for: express@5.2.1 want: ^2.2.0
173 silly placeDep ROOT send@1.2.1 OK for: express@5.2.1 want: ^1.1.0
174 silly placeDep ROOT serve-static@2.2.1 OK for: express@5.2.1 want: ^2.2.0
175 silly placeDep ROOT statuses@2.0.2 OK for: express@5.2.1 want: ^2.0.1
176 silly placeDep ROOT type-is@2.1.0 OK for: express@5.2.1 want: ^2.0.1
177 silly placeDep ROOT vary@1.1.2 OK for: express@5.2.1 want: ^1.1.2
178 silly fetch manifest negotiator@^1.0.0
179 silly packumentCache full:https://registry.npmjs.org/negotiator cache-miss
180 silly fetch manifest qs@^6.15.2
181 silly packumentCache full:https://registry.npmjs.org/qs cache-hit
182 silly fetch manifest bytes@^3.1.2
183 silly packumentCache full:https://registry.npmjs.org/bytes cache-miss
184 silly fetch manifest debug@^4.4.3
185 silly packumentCache full:https://registry.npmjs.org/debug cache-hit
186 silly fetch manifest type-is@^2.1.0
187 silly packumentCache full:https://registry.npmjs.org/type-is cache-hit
188 silly fetch manifest raw-body@^3.0.2
189 silly packumentCache full:https://registry.npmjs.org/raw-body cache-miss
190 silly fetch manifest iconv-lite@^0.7.2
191 silly packumentCache full:https://registry.npmjs.org/iconv-lite cache-miss
192 silly fetch manifest http-errors@^2.0.1
193 silly packumentCache full:https://registry.npmjs.org/http-errors cache-hit
194 silly fetch manifest content-type@^2.0.0
195 silly packumentCache full:https://registry.npmjs.org/content-type cache-hit
196 silly fetch manifest ms@^2.1.3
197 silly packumentCache full:https://registry.npmjs.org/ms cache-miss
198 silly fetch manifest inherits@~2.0.4
199 silly packumentCache full:https://registry.npmjs.org/inherits cache-miss
200 silly fetch manifest setprototypeof@~1.2.0
201 silly packumentCache full:https://registry.npmjs.org/setprototypeof cache-miss
202 http fetch GET 200 https://registry.npmjs.org/bytes 1331ms (cache revalidated)
203 silly packumentCache full:https://registry.npmjs.org/bytes set size:37018 disposed:false
204 silly fetch manifest statuses@~2.0.2
205 silly packumentCache full:https://registry.npmjs.org/statuses cache-hit
206 silly fetch manifest toidentifier@~1.0.1
207 silly packumentCache full:https://registry.npmjs.org/toidentifier cache-miss
208 http fetch GET 200 https://registry.npmjs.org/negotiator 1360ms (cache revalidated)
209 silly packumentCache full:https://registry.npmjs.org/negotiator set size:48046 disposed:false
210 silly fetch manifest mime-db@^1.54.0
211 silly packumentCache full:https://registry.npmjs.org/mime-db cache-miss
212 http fetch GET 200 https://registry.npmjs.org/raw-body 1458ms (cache revalidated)
213 silly packumentCache full:https://registry.npmjs.org/raw-body set size:120042 disposed:false
214 silly fetch manifest ee-first@1.1.1
215 silly packumentCache full:https://registry.npmjs.org/ee-first cache-miss
216 http fetch GET 200 https://registry.npmjs.org/setprototypeof 1477ms (cache revalidated)
217 silly packumentCache full:https://registry.npmjs.org/setprototypeof set size:14532 disposed:false
218 silly fetch manifest wrappy@1
219 silly packumentCache full:https://registry.npmjs.org/wrappy cache-miss
220 http fetch GET 200 https://registry.npmjs.org/iconv-lite 1502ms (cache revalidated)
221 silly packumentCache full:https://registry.npmjs.org/iconv-lite set size:126478 disposed:false
222 silly fetch manifest forwarded@0.2.0
223 silly packumentCache full:https://registry.npmjs.org/forwarded cache-miss
224 http fetch GET 200 https://registry.npmjs.org/ms 1541ms (cache revalidated)
225 silly packumentCache full:https://registry.npmjs.org/ms set size:92208 disposed:false
226 silly fetch manifest ipaddr.js@1.9.1
227 silly packumentCache full:https://registry.npmjs.org/ipaddr.js cache-miss
228 http fetch GET 200 https://registry.npmjs.org/inherits 1641ms (cache revalidated)
229 silly packumentCache full:https://registry.npmjs.org/inherits set size:12925 disposed:false
230 silly fetch manifest side-channel@^1.1.1
231 silly packumentCache full:https://registry.npmjs.org/side-channel cache-miss
232 http fetch GET 200 https://registry.npmjs.org/toidentifier 408ms (cache revalidated)
233 silly packumentCache full:https://registry.npmjs.org/toidentifier set size:12006 disposed:false
234 silly fetch manifest es-define-property@^1.0.1
235 silly packumentCache full:https://registry.npmjs.org/es-define-property cache-miss
236 http fetch GET 200 https://registry.npmjs.org/mime-db 405ms (cache revalidated)
237 silly packumentCache full:https://registry.npmjs.org/mime-db set size:164953 disposed:false
238 silly fetch manifest is-promise@^4.0.0
239 silly packumentCache full:https://registry.npmjs.org/is-promise cache-miss
240 http fetch GET 200 https://registry.npmjs.org/forwarded 339ms (cache revalidated)
241 silly packumentCache full:https://registry.npmjs.org/forwarded set size:11229 disposed:false
242 silly fetch manifest path-to-regexp@^8.0.0
243 silly packumentCache full:https://registry.npmjs.org/path-to-regexp cache-miss
244 http fetch GET 200 https://registry.npmjs.org/ee-first 397ms (cache revalidated)
245 silly packumentCache full:https://registry.npmjs.org/ee-first set size:15327 disposed:false
246 silly fetch manifest statuses@^2.0.2
247 silly packumentCache full:https://registry.npmjs.org/statuses cache-hit
248 silly fetch manifest media-typer@^1.1.0
249 silly packumentCache full:https://registry.npmjs.org/media-typer cache-miss
250 http fetch GET 200 https://registry.npmjs.org/wrappy 375ms (cache revalidated)
251 silly packumentCache full:https://registry.npmjs.org/wrappy set size:7682 disposed:false
252 http fetch GET 200 https://registry.npmjs.org/ipaddr.js 345ms (cache revalidated)
253 silly packumentCache full:https://registry.npmjs.org/ipaddr.js set size:69549 disposed:false
254 http fetch GET 200 https://registry.npmjs.org/side-channel 257ms (cache revalidated)
255 silly packumentCache full:https://registry.npmjs.org/side-channel set size:27650 disposed:false
256 http fetch GET 200 https://registry.npmjs.org/is-promise 224ms (cache revalidated)
257 silly packumentCache full:https://registry.npmjs.org/is-promise set size:18599 disposed:false
258 http fetch GET 200 https://registry.npmjs.org/es-define-property 248ms (cache revalidated)
259 silly packumentCache full:https://registry.npmjs.org/es-define-property set size:8542 disposed:false
260 http fetch GET 200 https://registry.npmjs.org/path-to-regexp 211ms (cache revalidated)
261 silly packumentCache full:https://registry.npmjs.org/path-to-regexp set size:216334 disposed:false
262 http fetch GET 200 https://registry.npmjs.org/media-typer 294ms (cache revalidated)
263 silly packumentCache full:https://registry.npmjs.org/media-typer set size:22678 disposed:false
264 silly placeDep ROOT negotiator@1.0.0 OK for: accepts@2.0.0 want: ^1.0.0
265 silly placeDep ROOT bytes@3.1.2 OK for: body-parser@2.3.0 want: ^3.1.2
266 silly placeDep node_modules/body-parser content-type@2.0.0 OK for: body-parser@2.3.0 want: ^2.0.0
267 silly placeDep ROOT iconv-lite@0.7.3 OK for: body-parser@2.3.0 want: ^0.7.2
268 silly placeDep ROOT raw-body@3.0.2 OK for: body-parser@2.3.0 want: ^3.0.2
269 silly fetch manifest safer-buffer@>= 2.1.2 < 3.0.0
270 silly packumentCache full:https://registry.npmjs.org/safer-buffer cache-miss
271 silly fetch manifest unpipe@~1.0.0
272 silly packumentCache full:https://registry.npmjs.org/unpipe cache-miss
273 http fetch GET 200 https://registry.npmjs.org/safer-buffer 1028ms (cache revalidated)
274 silly packumentCache full:https://registry.npmjs.org/safer-buffer set size:18521 disposed:false
275 http fetch GET 200 https://registry.npmjs.org/unpipe 1062ms (cache revalidated)
276 silly packumentCache full:https://registry.npmjs.org/unpipe set size:3609 disposed:false
277 silly placeDep ROOT ms@2.1.3 OK for: debug@4.4.3 want: ^2.1.3
278 silly placeDep ROOT inherits@2.0.4 OK for: http-errors@2.0.1 want: ~2.0.4
279 silly placeDep ROOT setprototypeof@1.2.0 OK for: http-errors@2.0.1 want: ~1.2.0
280 silly placeDep ROOT toidentifier@1.0.1 OK for: http-errors@2.0.1 want: ~1.0.1
281 silly placeDep ROOT safer-buffer@2.1.2 OK for: iconv-lite@0.7.3 want: >= 2.1.2 < 3.0.0
282 silly placeDep ROOT mime-db@1.54.0 OK for: mime-types@3.0.2 want: ^1.54.0
283 silly placeDep ROOT ee-first@1.1.1 OK for: on-finished@2.4.1 want: 1.1.1
284 silly placeDep ROOT wrappy@1.0.2 OK for: once@1.4.0 want: 1
285 silly placeDep ROOT forwarded@0.2.0 OK for: proxy-addr@2.0.7 want: 0.2.0
286 silly placeDep ROOT ipaddr.js@1.9.1 OK for: proxy-addr@2.0.7 want: 1.9.1
287 silly placeDep ROOT es-define-property@1.0.1 OK for: qs@6.15.3 want: ^1.0.1
288 silly placeDep ROOT side-channel@1.1.1 OK for: qs@6.15.3 want: ^1.1.1
289 silly fetch manifest es-errors@^1.3.0
290 silly packumentCache full:https://registry.npmjs.org/es-errors cache-miss
291 silly fetch manifest object-inspect@^1.13.4
292 silly packumentCache full:https://registry.npmjs.org/object-inspect cache-miss
293 silly fetch manifest side-channel-list@^1.0.1
294 silly packumentCache full:https://registry.npmjs.org/side-channel-list cache-miss
295 silly fetch manifest side-channel-map@^1.0.1
296 silly packumentCache full:https://registry.npmjs.org/side-channel-map cache-miss
297 silly fetch manifest side-channel-weakmap@^1.0.2
298 silly packumentCache full:https://registry.npmjs.org/side-channel-weakmap cache-miss
299 http fetch GET 200 https://registry.npmjs.org/es-errors 932ms (cache revalidated)
300 silly packumentCache full:https://registry.npmjs.org/es-errors set size:16918 disposed:false
301 http fetch GET 200 https://registry.npmjs.org/side-channel-list 1035ms (cache revalidated)
302 silly packumentCache full:https://registry.npmjs.org/side-channel-list set size:9021 disposed:false
303 http fetch GET 200 https://registry.npmjs.org/side-channel-weakmap 1277ms (cache revalidated)
304 silly packumentCache full:https://registry.npmjs.org/side-channel-weakmap set size:12620 disposed:false
305 http fetch GET 200 https://registry.npmjs.org/object-inspect 1340ms (cache revalidated)
306 silly packumentCache full:https://registry.npmjs.org/object-inspect set size:101912 disposed:false
307 http fetch GET 200 https://registry.npmjs.org/side-channel-map 1428ms (cache revalidated)
308 silly packumentCache full:https://registry.npmjs.org/side-channel-map set size:9126 disposed:false
309 silly placeDep ROOT unpipe@1.0.0 OK for: raw-body@3.0.2 want: ~1.0.0
310 silly placeDep ROOT is-promise@4.0.0 OK for: router@2.2.0 want: ^4.0.0
311 silly placeDep ROOT path-to-regexp@8.4.2 OK for: router@2.2.0 want: ^8.0.0
312 silly placeDep ROOT es-errors@1.3.0 OK for: side-channel@1.1.1 want: ^1.3.0
313 silly placeDep ROOT object-inspect@1.13.4 OK for: side-channel@1.1.1 want: ^1.13.4
314 silly placeDep ROOT side-channel-list@1.0.1 OK for: side-channel@1.1.1 want: ^1.0.1
315 silly placeDep ROOT side-channel-map@1.0.1 OK for: side-channel@1.1.1 want: ^1.0.1
316 silly placeDep ROOT side-channel-weakmap@1.0.2 OK for: side-channel@1.1.1 want: ^1.0.2
317 silly fetch manifest call-bound@^1.0.2
318 silly packumentCache full:https://registry.npmjs.org/call-bound cache-miss
319 silly fetch manifest get-intrinsic@^1.2.5
320 silly packumentCache full:https://registry.npmjs.org/get-intrinsic cache-miss
321 silly fetch manifest call-bound@^1.0.2
322 silly packumentCache full:https://registry.npmjs.org/call-bound cache-miss
323 silly fetch manifest get-intrinsic@^1.2.5
324 silly packumentCache full:https://registry.npmjs.org/get-intrinsic cache-miss
325 http fetch GET 200 https://registry.npmjs.org/get-intrinsic 421ms (cache revalidated)
326 silly packumentCache full:https://registry.npmjs.org/get-intrinsic set size:60985 disposed:false
327 http fetch GET 200 https://registry.npmjs.org/call-bound 464ms (cache revalidated)
328 silly packumentCache full:https://registry.npmjs.org/call-bound set size:15317 disposed:false
329 http fetch GET 200 https://registry.npmjs.org/call-bound 469ms (cache revalidated)
330 silly packumentCache full:https://registry.npmjs.org/call-bound set size:15317 disposed:false
331 silly packumentCache full:https://registry.npmjs.org/call-bound dispose
332 http fetch GET 200 https://registry.npmjs.org/get-intrinsic 517ms (cache revalidated)
333 silly packumentCache full:https://registry.npmjs.org/get-intrinsic set size:60985 disposed:false
334 silly packumentCache full:https://registry.npmjs.org/get-intrinsic dispose
335 silly placeDep ROOT call-bound@1.0.4 OK for: side-channel-map@1.0.1 want: ^1.0.2
336 silly placeDep ROOT get-intrinsic@1.3.0 OK for: side-channel-map@1.0.1 want: ^1.2.5
337 silly fetch manifest call-bind-apply-helpers@^1.0.2
338 silly packumentCache full:https://registry.npmjs.org/call-bind-apply-helpers cache-miss
339 silly fetch manifest get-intrinsic@^1.3.0
340 silly packumentCache full:https://registry.npmjs.org/get-intrinsic cache-hit
341 silly fetch manifest gopd@^1.2.0
342 silly packumentCache full:https://registry.npmjs.org/gopd cache-miss
343 silly fetch manifest hasown@^2.0.2
344 silly packumentCache full:https://registry.npmjs.org/hasown cache-miss
345 silly fetch manifest get-proto@^1.0.1
346 silly packumentCache full:https://registry.npmjs.org/get-proto cache-miss
347 silly fetch manifest has-symbols@^1.1.0
348 silly packumentCache full:https://registry.npmjs.org/has-symbols cache-miss
349 silly fetch manifest function-bind@^1.1.2
350 silly packumentCache full:https://registry.npmjs.org/function-bind cache-miss
351 silly fetch manifest es-object-atoms@^1.1.1
352 silly packumentCache full:https://registry.npmjs.org/es-object-atoms cache-miss
353 http fetch GET 200 https://registry.npmjs.org/call-bind-apply-helpers 349ms (cache revalidated)
354 silly packumentCache full:https://registry.npmjs.org/call-bind-apply-helpers set size:12744 disposed:false
355 silly fetch manifest math-intrinsics@^1.1.0
356 silly packumentCache full:https://registry.npmjs.org/math-intrinsics cache-miss
357 http fetch GET 200 https://registry.npmjs.org/get-proto 390ms (cache revalidated)
358 silly packumentCache full:https://registry.npmjs.org/get-proto set size:8300 disposed:false
359 http fetch GET 200 https://registry.npmjs.org/es-object-atoms 472ms (cache revalidated)
360 silly packumentCache full:https://registry.npmjs.org/es-object-atoms set size:18278 disposed:false
361 http fetch GET 200 https://registry.npmjs.org/gopd 524ms (cache revalidated)
362 silly packumentCache full:https://registry.npmjs.org/gopd set size:11483 disposed:false
363 http fetch GET 200 https://registry.npmjs.org/hasown 587ms (cache revalidated)
364 silly packumentCache full:https://registry.npmjs.org/hasown set size:18361 disposed:false
365 http fetch GET 200 https://registry.npmjs.org/function-bind 597ms (cache revalidated)
366 silly packumentCache full:https://registry.npmjs.org/function-bind set size:15733 disposed:false
367 http fetch GET 200 https://registry.npmjs.org/has-symbols 642ms (cache revalidated)
368 silly packumentCache full:https://registry.npmjs.org/has-symbols set size:21550 disposed:false
369 http fetch GET 200 https://registry.npmjs.org/math-intrinsics 302ms (cache revalidated)
370 silly packumentCache full:https://registry.npmjs.org/math-intrinsics set size:9265 disposed:false
371 silly placeDep ROOT call-bind-apply-helpers@1.0.2 OK for: call-bound@1.0.4 want: ^1.0.2
372 silly placeDep ROOT function-bind@1.1.2 OK for: call-bind-apply-helpers@1.0.2 want: ^1.1.2
373 silly placeDep ROOT es-object-atoms@1.1.2 OK for: get-intrinsic@1.3.0 want: ^1.1.1
374 silly placeDep ROOT get-proto@1.0.1 OK for: get-intrinsic@1.3.0 want: ^1.0.1
375 silly placeDep ROOT gopd@1.2.0 OK for: get-intrinsic@1.3.0 want: ^1.2.0
376 silly placeDep ROOT has-symbols@1.1.0 OK for: get-intrinsic@1.3.0 want: ^1.1.0
377 silly placeDep ROOT hasown@2.0.4 OK for: get-intrinsic@1.3.0 want: ^2.0.2
378 silly placeDep ROOT math-intrinsics@1.1.0 OK for: get-intrinsic@1.3.0 want: ^1.1.0
379 silly fetch manifest dunder-proto@^1.0.1
380 silly packumentCache full:https://registry.npmjs.org/dunder-proto cache-miss
381 http fetch GET 200 https://registry.npmjs.org/dunder-proto 555ms (cache revalidated)
382 silly packumentCache full:https://registry.npmjs.org/dunder-proto set size:8256 disposed:false
383 silly placeDep ROOT dunder-proto@1.0.1 OK for: get-proto@1.0.1 want: ^1.0.1
384 silly placeDep ROOT methods@1.1.2 OK for: supertest@7.2.2 want: ^1.1.2
385 silly placeDep ROOT superagent@10.3.0 OK for: supertest@7.2.2 want: ^10.3.0
386 silly fetch manifest component-emitter@^1.3.1
387 silly packumentCache full:https://registry.npmjs.org/component-emitter cache-miss
388 silly fetch manifest cookiejar@^2.1.4
389 silly packumentCache full:https://registry.npmjs.org/cookiejar cache-miss
390 silly fetch manifest fast-safe-stringify@^2.1.1
391 silly packumentCache full:https://registry.npmjs.org/fast-safe-stringify cache-miss
392 silly fetch manifest form-data@^4.0.5
393 silly packumentCache full:https://registry.npmjs.org/form-data cache-miss
394 silly fetch manifest formidable@^3.5.4
395 silly packumentCache full:https://registry.npmjs.org/formidable cache-miss
396 silly fetch manifest mime@2.6.0
397 silly packumentCache full:https://registry.npmjs.org/mime cache-miss
398 http fetch GET 200 https://registry.npmjs.org/cookiejar 1936ms (cache miss)
399 silly packumentCache full:https://registry.npmjs.org/cookiejar set size:undefined disposed:false
400 http fetch GET 200 https://registry.npmjs.org/fast-safe-stringify 2185ms (cache miss)
401 silly packumentCache full:https://registry.npmjs.org/fast-safe-stringify set size:undefined disposed:false
402 http fetch GET 200 https://registry.npmjs.org/component-emitter 2870ms (cache miss)
403 silly packumentCache full:https://registry.npmjs.org/component-emitter set size:undefined disposed:false
404 http fetch GET 200 https://registry.npmjs.org/mime 4970ms (cache miss)
405 silly packumentCache full:https://registry.npmjs.org/mime set size:undefined disposed:false
406 http fetch GET 200 https://registry.npmjs.org/formidable 6058ms (cache miss)
407 silly packumentCache full:https://registry.npmjs.org/formidable set size:undefined disposed:false
408 http fetch GET 200 https://registry.npmjs.org/form-data 6246ms (cache miss)
409 silly packumentCache full:https://registry.npmjs.org/form-data set size:undefined disposed:false
410 silly placeDep ROOT component-emitter@1.3.1 OK for: superagent@10.3.0 want: ^1.3.1
411 silly placeDep ROOT cookiejar@2.1.4 OK for: superagent@10.3.0 want: ^2.1.4
412 silly placeDep ROOT fast-safe-stringify@2.1.1 OK for: superagent@10.3.0 want: ^2.1.1
413 silly placeDep ROOT form-data@4.0.6 OK for: superagent@10.3.0 want: ^4.0.5
414 silly placeDep ROOT formidable@3.5.4 OK for: superagent@10.3.0 want: ^3.5.4
415 silly placeDep ROOT mime@2.6.0 OK for: superagent@10.3.0 want: 2.6.0
416 silly fetch manifest asynckit@^0.4.0
417 silly packumentCache full:https://registry.npmjs.org/asynckit cache-miss
418 silly fetch manifest mime-types@^2.1.35
419 silly packumentCache full:https://registry.npmjs.org/mime-types cache-hit
420 silly fetch manifest combined-stream@^1.0.8
421 silly packumentCache full:https://registry.npmjs.org/combined-stream cache-miss
422 silly fetch manifest es-set-tostringtag@^2.1.0
423 silly packumentCache full:https://registry.npmjs.org/es-set-tostringtag cache-miss
424 silly fetch manifest dezalgo@^1.0.4
425 silly packumentCache full:https://registry.npmjs.org/dezalgo cache-miss
426 silly fetch manifest @paralleldrive/cuid2@^2.2.2
427 silly packumentCache full:https://registry.npmjs.org/@paralleldrive%2fcuid2 cache-miss
428 http fetch GET 200 https://registry.npmjs.org/es-set-tostringtag 600ms (cache miss)
429 silly packumentCache full:https://registry.npmjs.org/es-set-tostringtag set size:undefined disposed:false
430 http fetch GET 200 https://registry.npmjs.org/combined-stream 1381ms (cache miss)
431 silly packumentCache full:https://registry.npmjs.org/combined-stream set size:undefined disposed:false
432 http fetch GET 200 https://registry.npmjs.org/asynckit 1405ms (cache miss)
433 silly packumentCache full:https://registry.npmjs.org/asynckit set size:undefined disposed:false
434 http fetch GET 200 https://registry.npmjs.org/dezalgo 1718ms (cache miss)
435 silly packumentCache full:https://registry.npmjs.org/dezalgo set size:undefined disposed:false
436 http fetch GET 200 https://registry.npmjs.org/@paralleldrive%2fcuid2 3022ms (cache miss)
437 silly packumentCache full:https://registry.npmjs.org/@paralleldrive%2fcuid2 set size:undefined disposed:false
438 silly placeDep ROOT asynckit@0.4.0 OK for: form-data@4.0.6 want: ^0.4.0
439 silly placeDep ROOT combined-stream@1.0.8 OK for: form-data@4.0.6 want: ^1.0.8
440 silly placeDep ROOT es-set-tostringtag@2.1.0 OK for: form-data@4.0.6 want: ^2.1.0
441 silly placeDep node_modules/form-data mime-types@2.1.35 OK for: form-data@4.0.6 want: ^2.1.35
442 silly fetch manifest delayed-stream@~1.0.0
443 silly packumentCache full:https://registry.npmjs.org/delayed-stream cache-miss
444 silly fetch manifest has-tostringtag@^1.0.2
445 silly packumentCache full:https://registry.npmjs.org/has-tostringtag cache-miss
446 silly fetch manifest mime-db@1.52.0
447 silly packumentCache full:https://registry.npmjs.org/mime-db cache-hit
448 http fetch GET 200 https://registry.npmjs.org/delayed-stream 342ms (cache miss)
449 silly packumentCache full:https://registry.npmjs.org/delayed-stream set size:undefined disposed:false
450 http fetch GET 200 https://registry.npmjs.org/has-tostringtag 617ms (cache miss)
451 silly packumentCache full:https://registry.npmjs.org/has-tostringtag set size:undefined disposed:false
452 silly placeDep ROOT delayed-stream@1.0.0 OK for: combined-stream@1.0.8 want: ~1.0.0
453 silly placeDep ROOT has-tostringtag@1.0.2 OK for: es-set-tostringtag@2.1.0 want: ^1.0.2
454 silly placeDep ROOT @paralleldrive/cuid2@2.3.1 OK for: formidable@3.5.4 want: ^2.2.2
455 silly placeDep ROOT dezalgo@1.0.4 OK for: formidable@3.5.4 want: ^1.0.4
456 silly fetch manifest @noble/hashes@^1.1.5
457 silly packumentCache full:https://registry.npmjs.org/@noble%2fhashes cache-miss
458 silly fetch manifest asap@^2.0.0
459 silly packumentCache full:https://registry.npmjs.org/asap cache-miss
460 http fetch GET 200 https://registry.npmjs.org/asap 474ms (cache miss)
461 silly packumentCache full:https://registry.npmjs.org/asap set size:undefined disposed:false
462 http fetch GET 200 https://registry.npmjs.org/@noble%2fhashes 2590ms (cache miss)
463 silly packumentCache full:https://registry.npmjs.org/@noble%2fhashes set size:undefined disposed:false
464 silly placeDep ROOT @noble/hashes@1.8.0 OK for: @paralleldrive/cuid2@2.3.1 want: ^1.1.5
465 silly placeDep ROOT asap@2.0.6 OK for: dezalgo@1.0.4 want: ^2.0.0
466 silly placeDep node_modules/type-is content-type@2.0.0 OK for: type-is@2.1.0 want: ^2.0.0
467 silly placeDep ROOT media-typer@1.1.0 OK for: type-is@2.1.0 want: ^1.1.0
468 silly placeDep node_modules/form-data mime-db@1.52.0 OK for: mime-types@2.1.35 want: 1.52.0
469 silly reify moves {}
470 silly audit bulk request {
470 silly audit   express: [ '5.2.1' ],
470 silly audit   supertest: [ '7.2.2' ],
470 silly audit   accepts: [ '2.0.0' ],
470 silly audit   'body-parser': [ '2.3.0' ],
470 silly audit   'content-disposition': [ '1.1.0' ],
470 silly audit   'content-type': [ '1.0.5', '2.0.0' ],
470 silly audit   cookie: [ '0.7.2' ],
470 silly audit   'cookie-signature': [ '1.2.2' ],
470 silly audit   debug: [ '4.4.3' ],
470 silly audit   depd: [ '2.0.0' ],
470 silly audit   encodeurl: [ '2.0.0' ],
470 silly audit   'escape-html': [ '1.0.3' ],
470 silly audit   etag: [ '1.8.1' ],
470 silly audit   finalhandler: [ '2.1.1' ],
470 silly audit   fresh: [ '2.0.0' ],
470 silly audit   'http-errors': [ '2.0.1' ],
470 silly audit   'merge-descriptors': [ '2.0.0' ],
470 silly audit   'mime-types': [ '3.0.2', '2.1.35' ],
470 silly audit   'on-finished': [ '2.4.1' ],
470 silly audit   once: [ '1.4.0' ],
470 silly audit   parseurl: [ '1.3.3' ],
470 silly audit   'proxy-addr': [ '2.0.7' ],
470 silly audit   qs: [ '6.15.3' ],
470 silly audit   'range-parser': [ '1.3.0' ],
470 silly audit   router: [ '2.2.0' ],
470 silly audit   send: [ '1.2.1' ],
470 silly audit   'serve-static': [ '2.2.1' ],
470 silly audit   statuses: [ '2.0.2' ],
470 silly audit   'type-is': [ '2.1.0' ],
470 silly audit   vary: [ '1.1.2' ],
470 silly audit   negotiator: [ '1.0.0' ],
470 silly audit   bytes: [ '3.1.2' ],
470 silly audit   'iconv-lite': [ '0.7.3' ],
470 silly audit   'raw-body': [ '3.0.2' ],
470 silly audit   ms: [ '2.1.3' ],
470 silly audit   inherits: [ '2.0.4' ],
470 silly audit   setprototypeof: [ '1.2.0' ],
470 silly audit   toidentifier: [ '1.0.1' ],
470 silly audit   'safer-buffer': [ '2.1.2' ],
470 silly audit   'mime-db': [ '1.54.0', '1.52.0' ],
470 silly audit   'ee-first': [ '1.1.1' ],
470 silly audit   wrappy: [ '1.0.2' ],
470 silly audit   forwarded: [ '0.2.0' ],
470 silly audit   'ipaddr.js': [ '1.9.1' ],
470 silly audit   'es-define-property': [ '1.0.1' ],
470 silly audit   'side-channel': [ '1.1.1' ],
470 silly audit   unpipe: [ '1.0.0' ],
470 silly audit   'is-promise': [ '4.0.0' ],
470 silly audit   'path-to-regexp': [ '8.4.2' ],
470 silly audit   'es-errors': [ '1.3.0' ],
470 silly audit   'object-inspect': [ '1.13.4' ],
470 silly audit   'side-channel-list': [ '1.0.1' ],
470 silly audit   'side-channel-map': [ '1.0.1' ],
470 silly audit   'side-channel-weakmap': [ '1.0.2' ],
470 silly audit   'call-bound': [ '1.0.4' ],
470 silly audit   'get-intrinsic': [ '1.3.0' ],
470 silly audit   'call-bind-apply-helpers': [ '1.0.2' ],
470 silly audit   'function-bind': [ '1.1.2' ],
470 silly audit   'es-object-atoms': [ '1.1.2' ],
470 silly audit   'get-proto': [ '1.0.1' ],
470 silly audit   gopd: [ '1.2.0' ],
470 silly audit   'has-symbols': [ '1.1.0' ],
470 silly audit   hasown: [ '2.0.4' ],
470 silly audit   'math-intrinsics': [ '1.1.0' ],
470 silly audit   'dunder-proto': [ '1.0.1' ],
470 silly audit   methods: [ '1.1.2' ],
470 silly audit   superagent: [ '10.3.0' ],
470 silly audit   'component-emitter': [ '1.3.1' ],
470 silly audit   cookiejar: [ '2.1.4' ],
470 silly audit   'fast-safe-stringify': [ '2.1.1' ],
470 silly audit   'form-data': [ '4.0.6' ],
470 silly audit   formidable: [ '3.5.4' ],
470 silly audit   mime: [ '2.6.0' ],
470 silly audit   asynckit: [ '0.4.0' ],
470 silly audit   'combined-stream': [ '1.0.8' ],
470 silly audit   'es-set-tostringtag': [ '2.1.0' ],
470 silly audit   'delayed-stream': [ '1.0.0' ],
470 silly audit   'has-tostringtag': [ '1.0.2' ],
470 silly audit   '@paralleldrive/cuid2': [ '2.3.1' ],
470 silly audit   dezalgo: [ '1.0.4' ],
470 silly audit   '@noble/hashes': [ '1.8.0' ],
470 silly audit   asap: [ '2.0.6' ],
470 silly audit   'media-typer': [ '1.1.0' ]
470 silly audit }
471 http cache media-typer@https://registry.npmjs.org/media-typer/-/media-typer-1.1.0.tgz 0ms (cache hit)
472 http cache asap@https://registry.npmjs.org/asap/-/asap-2.0.6.tgz 0ms (cache hit)
473 http cache @noble/hashes@https://registry.npmjs.org/@noble/hashes/-/hashes-1.8.0.tgz 0ms (cache hit)
474 http cache dezalgo@https://registry.npmjs.org/dezalgo/-/dezalgo-1.0.4.tgz 0ms (cache hit)
475 http cache @paralleldrive/cuid2@https://registry.npmjs.org/@paralleldrive/cuid2/-/cuid2-2.3.1.tgz 0ms (cache hit)
476 http cache has-tostringtag@https://registry.npmjs.org/has-tostringtag/-/has-tostringtag-1.0.2.tgz 0ms (cache hit)
477 http cache es-set-tostringtag@https://registry.npmjs.org/es-set-tostringtag/-/es-set-tostringtag-2.1.0.tgz 1ms (cache hit)
478 http cache delayed-stream@https://registry.npmjs.org/delayed-stream/-/delayed-stream-1.0.0.tgz 0ms (cache hit)
479 http cache combined-stream@https://registry.npmjs.org/combined-stream/-/combined-stream-1.0.8.tgz 0ms (cache hit)
480 http cache asynckit@https://registry.npmjs.org/asynckit/-/asynckit-0.4.0.tgz 0ms (cache hit)
481 http cache mime@https://registry.npmjs.org/mime/-/mime-2.6.0.tgz 0ms (cache hit)
482 http cache formidable@https://registry.npmjs.org/formidable/-/formidable-3.5.4.tgz 0ms (cache hit)
483 http cache form-data@https://registry.npmjs.org/form-data/-/form-data-4.0.6.tgz 0ms (cache hit)
484 http cache cookiejar@https://registry.npmjs.org/cookiejar/-/cookiejar-2.1.4.tgz 0ms (cache hit)
485 http cache fast-safe-stringify@https://registry.npmjs.org/fast-safe-stringify/-/fast-safe-stringify-2.1.1.tgz 0ms (cache hit)
486 http cache component-emitter@https://registry.npmjs.org/component-emitter/-/component-emitter-1.3.1.tgz 0ms (cache hit)
487 http cache methods@https://registry.npmjs.org/methods/-/methods-1.1.2.tgz 0ms (cache hit)
488 http cache superagent@https://registry.npmjs.org/superagent/-/superagent-10.3.0.tgz 0ms (cache hit)
489 http cache dunder-proto@https://registry.npmjs.org/dunder-proto/-/dunder-proto-1.0.1.tgz 0ms (cache hit)
490 http cache math-intrinsics@https://registry.npmjs.org/math-intrinsics/-/math-intrinsics-1.1.0.tgz 0ms (cache hit)
491 http cache hasown@https://registry.npmjs.org/hasown/-/hasown-2.0.4.tgz 0ms (cache hit)
492 http cache gopd@https://registry.npmjs.org/gopd/-/gopd-1.2.0.tgz 0ms (cache hit)
493 http cache get-proto@https://registry.npmjs.org/get-proto/-/get-proto-1.0.1.tgz 0ms (cache hit)
494 http cache es-object-atoms@https://registry.npmjs.org/es-object-atoms/-/es-object-atoms-1.1.2.tgz 0ms (cache hit)
495 http cache function-bind@https://registry.npmjs.org/function-bind/-/function-bind-1.1.2.tgz 1ms (cache hit)
496 http cache has-symbols@https://registry.npmjs.org/has-symbols/-/has-symbols-1.1.0.tgz 0ms (cache hit)
497 http cache call-bind-apply-helpers@https://registry.npmjs.org/call-bind-apply-helpers/-/call-bind-apply-helpers-1.0.2.tgz 0ms (cache hit)
498 http cache get-intrinsic@https://registry.npmjs.org/get-intrinsic/-/get-intrinsic-1.3.0.tgz 0ms (cache hit)
499 http cache side-channel-weakmap@https://registry.npmjs.org/side-channel-weakmap/-/side-channel-weakmap-1.0.2.tgz 0ms (cache hit)
500 http cache call-bound@https://registry.npmjs.org/call-bound/-/call-bound-1.0.4.tgz 0ms (cache hit)
501 http cache side-channel-map@https://registry.npmjs.org/side-channel-map/-/side-channel-map-1.0.1.tgz 0ms (cache hit)
502 http cache side-channel-list@https://registry.npmjs.org/side-channel-list/-/side-channel-list-1.0.1.tgz 0ms (cache hit)
503 http cache object-inspect@https://registry.npmjs.org/object-inspect/-/object-inspect-1.13.4.tgz 0ms (cache hit)
504 http cache es-errors@https://registry.npmjs.org/es-errors/-/es-errors-1.3.0.tgz 0ms (cache hit)
505 http cache is-promise@https://registry.npmjs.org/is-promise/-/is-promise-4.0.0.tgz 0ms (cache hit)
506 http cache path-to-regexp@https://registry.npmjs.org/path-to-regexp/-/path-to-regexp-8.4.2.tgz 0ms (cache hit)
507 http cache unpipe@https://registry.npmjs.org/unpipe/-/unpipe-1.0.0.tgz 0ms (cache hit)
508 http cache side-channel@https://registry.npmjs.org/side-channel/-/side-channel-1.1.1.tgz 0ms (cache hit)
509 http cache es-define-property@https://registry.npmjs.org/es-define-property/-/es-define-property-1.0.1.tgz 0ms (cache hit)
510 http cache ipaddr.js@https://registry.npmjs.org/ipaddr.js/-/ipaddr.js-1.9.1.tgz 0ms (cache hit)
511 http cache forwarded@https://registry.npmjs.org/forwarded/-/forwarded-0.2.0.tgz 0ms (cache hit)
512 http cache wrappy@https://registry.npmjs.org/wrappy/-/wrappy-1.0.2.tgz 0ms (cache hit)
513 http cache ee-first@https://registry.npmjs.org/ee-first/-/ee-first-1.1.1.tgz 0ms (cache hit)
514 http cache mime-db@https://registry.npmjs.org/mime-db/-/mime-db-1.54.0.tgz 0ms (cache hit)
515 http cache safer-buffer@https://registry.npmjs.org/safer-buffer/-/safer-buffer-2.1.2.tgz 0ms (cache hit)
516 http cache toidentifier@https://registry.npmjs.org/toidentifier/-/toidentifier-1.0.1.tgz 0ms (cache hit)
517 http cache inherits@https://registry.npmjs.org/inherits/-/inherits-2.0.4.tgz 0ms (cache hit)
518 http cache ms@https://registry.npmjs.org/ms/-/ms-2.1.3.tgz 0ms (cache hit)
519 http cache raw-body@https://registry.npmjs.org/raw-body/-/raw-body-3.0.2.tgz 0ms (cache hit)
520 http cache iconv-lite@https://registry.npmjs.org/iconv-lite/-/iconv-lite-0.7.3.tgz 0ms (cache hit)
521 http cache setprototypeof@https://registry.npmjs.org/setprototypeof/-/setprototypeof-1.2.0.tgz 1ms (cache hit)
522 http cache bytes@https://registry.npmjs.org/bytes/-/bytes-3.1.2.tgz 0ms (cache hit)
523 http cache negotiator@https://registry.npmjs.org/negotiator/-/negotiator-1.0.0.tgz 1ms (cache hit)
524 http cache vary@https://registry.npmjs.org/vary/-/vary-1.1.2.tgz 0ms (cache hit)
525 http cache type-is@https://registry.npmjs.org/type-is/-/type-is-2.1.0.tgz 0ms (cache hit)
526 http cache statuses@https://registry.npmjs.org/statuses/-/statuses-2.0.2.tgz 0ms (cache hit)
527 http cache serve-static@https://registry.npmjs.org/serve-static/-/serve-static-2.2.1.tgz 0ms (cache hit)
528 http cache send@https://registry.npmjs.org/send/-/send-1.2.1.tgz 0ms (cache hit)
529 http cache router@https://registry.npmjs.org/router/-/router-2.2.0.tgz 0ms (cache hit)
530 http cache proxy-addr@https://registry.npmjs.org/proxy-addr/-/proxy-addr-2.0.7.tgz 0ms (cache hit)
531 http cache range-parser@https://registry.npmjs.org/range-parser/-/range-parser-1.3.0.tgz 0ms (cache hit)
532 http cache qs@https://registry.npmjs.org/qs/-/qs-6.15.3.tgz 0ms (cache hit)
533 http cache parseurl@https://registry.npmjs.org/parseurl/-/parseurl-1.3.3.tgz 0ms (cache hit)
534 http cache on-finished@https://registry.npmjs.org/on-finished/-/on-finished-2.4.1.tgz 0ms (cache hit)
535 http cache once@https://registry.npmjs.org/once/-/once-1.4.0.tgz 0ms (cache hit)
536 http cache mime-types@https://registry.npmjs.org/mime-types/-/mime-types-3.0.2.tgz 0ms (cache hit)
537 http cache merge-descriptors@https://registry.npmjs.org/merge-descriptors/-/merge-descriptors-2.0.0.tgz 0ms (cache hit)
538 http cache http-errors@https://registry.npmjs.org/http-errors/-/http-errors-2.0.1.tgz 0ms (cache hit)
539 http cache fresh@https://registry.npmjs.org/fresh/-/fresh-2.0.0.tgz 0ms (cache hit)
540 http cache finalhandler@https://registry.npmjs.org/finalhandler/-/finalhandler-2.1.1.tgz 0ms (cache hit)
541 http cache etag@https://registry.npmjs.org/etag/-/etag-1.8.1.tgz 0ms (cache hit)
542 http cache escape-html@https://registry.npmjs.org/escape-html/-/escape-html-1.0.3.tgz 0ms (cache hit)
543 http cache encodeurl@https://registry.npmjs.org/encodeurl/-/encodeurl-2.0.0.tgz 0ms (cache hit)
544 http cache depd@https://registry.npmjs.org/depd/-/depd-2.0.0.tgz 0ms (cache hit)
545 http cache debug@https://registry.npmjs.org/debug/-/debug-4.4.3.tgz 0ms (cache hit)
546 http cache cookie-signature@https://registry.npmjs.org/cookie-signature/-/cookie-signature-1.2.2.tgz 0ms (cache hit)
547 http cache cookie@https://registry.npmjs.org/cookie/-/cookie-0.7.2.tgz 0ms (cache hit)
548 http cache content-type@https://registry.npmjs.org/content-type/-/content-type-1.0.5.tgz 0ms (cache hit)
549 http cache content-disposition@https://registry.npmjs.org/content-disposition/-/content-disposition-1.1.0.tgz 0ms (cache hit)
550 http cache body-parser@https://registry.npmjs.org/body-parser/-/body-parser-2.3.0.tgz 0ms (cache hit)
551 http cache accepts@https://registry.npmjs.org/accepts/-/accepts-2.0.0.tgz 0ms (cache hit)
552 http cache supertest@https://registry.npmjs.org/supertest/-/supertest-7.2.2.tgz 0ms (cache hit)
553 http cache express@https://registry.npmjs.org/express/-/express-5.2.1.tgz 0ms (cache hit)
554 http cache mime-db@https://registry.npmjs.org/mime-db/-/mime-db-1.52.0.tgz 0ms (cache hit)
555 http cache mime-types@https://registry.npmjs.org/mime-types/-/mime-types-2.1.35.tgz 1ms (cache hit)
556 http cache content-type@https://registry.npmjs.org/content-type/-/content-type-2.0.0.tgz 0ms (cache hit)
557 http cache content-type@https://registry.npmjs.org/content-type/-/content-type-2.0.0.tgz 0ms (cache hit)
558 silly tarball no local data for asap@https://registry.npmjs.org/asap/-/asap-2.0.6.tgz. Extracting by manifest.
559 silly tarball no local data for @noble/hashes@https://registry.npmjs.org/@noble/hashes/-/hashes-1.8.0.tgz. Extracting by manifest.
560 silly tarball no local data for dezalgo@https://registry.npmjs.org/dezalgo/-/dezalgo-1.0.4.tgz. Extracting by manifest.
561 silly tarball no local data for @paralleldrive/cuid2@https://registry.npmjs.org/@paralleldrive/cuid2/-/cuid2-2.3.1.tgz. Extracting by manifest.
562 silly tarball no local data for has-tostringtag@https://registry.npmjs.org/has-tostringtag/-/has-tostringtag-1.0.2.tgz. Extracting by manifest.
563 silly tarball no local data for es-set-tostringtag@https://registry.npmjs.org/es-set-tostringtag/-/es-set-tostringtag-2.1.0.tgz. Extracting by manifest.
564 silly tarball no local data for delayed-stream@https://registry.npmjs.org/delayed-stream/-/delayed-stream-1.0.0.tgz. Extracting by manifest.
565 silly tarball no local data for combined-stream@https://registry.npmjs.org/combined-stream/-/combined-stream-1.0.8.tgz. Extracting by manifest.
566 silly tarball no local data for asynckit@https://registry.npmjs.org/asynckit/-/asynckit-0.4.0.tgz. Extracting by manifest.
567 silly tarball no local data for formidable@https://registry.npmjs.org/formidable/-/formidable-3.5.4.tgz. Extracting by manifest.
568 silly tarball no local data for mime@https://registry.npmjs.org/mime/-/mime-2.6.0.tgz. Extracting by manifest.
569 silly tarball no local data for form-data@https://registry.npmjs.org/form-data/-/form-data-4.0.6.tgz. Extracting by manifest.
570 silly tarball no local data for cookiejar@https://registry.npmjs.org/cookiejar/-/cookiejar-2.1.4.tgz. Extracting by manifest.
571 silly tarball no local data for fast-safe-stringify@https://registry.npmjs.org/fast-safe-stringify/-/fast-safe-stringify-2.1.1.tgz. Extracting by manifest.
572 silly tarball no local data for component-emitter@https://registry.npmjs.org/component-emitter/-/component-emitter-1.3.1.tgz. Extracting by manifest.
573 silly tarball no local data for methods@https://registry.npmjs.org/methods/-/methods-1.1.2.tgz. Extracting by manifest.
574 silly tarball no local data for superagent@https://registry.npmjs.org/superagent/-/superagent-10.3.0.tgz. Extracting by manifest.
575 silly tarball no local data for supertest@https://registry.npmjs.org/supertest/-/supertest-7.2.2.tgz. Extracting by manifest.
576 http fetch GET 200 https://registry.npmjs.org/es-set-tostringtag/-/es-set-tostringtag-2.1.0.tgz 4980ms (cache miss)
577 http fetch GET 200 https://registry.npmjs.org/has-tostringtag/-/has-tostringtag-1.0.2.tgz 5120ms (cache miss)
578 http fetch GET 200 https://registry.npmjs.org/dezalgo/-/dezalgo-1.0.4.tgz 5268ms (cache miss)
579 http fetch GET 200 https://registry.npmjs.org/asap/-/asap-2.0.6.tgz 5468ms (cache miss)
580 http fetch POST 200 https://registry.npmjs.org/-/npm/v1/security/advisories/bulk 5967ms
581 silly audit report {}
582 http fetch GET 200 https://registry.npmjs.org/@paralleldrive/cuid2/-/cuid2-2.3.1.tgz 5736ms (cache miss)
583 http fetch GET 200 https://registry.npmjs.org/component-emitter/-/component-emitter-1.3.1.tgz 5945ms (cache miss)
584 http fetch GET 200 https://registry.npmjs.org/methods/-/methods-1.1.2.tgz 5999ms (cache miss)
585 http fetch GET 200 https://registry.npmjs.org/supertest/-/supertest-7.2.2.tgz 7605ms (cache miss)
586 http fetch GET 200 https://registry.npmjs.org/superagent/-/superagent-10.3.0.tgz 9862ms (cache miss)
587 http fetch GET 200 https://registry.npmjs.org/@noble/hashes/-/hashes-1.8.0.tgz 11481ms (cache miss)
588 http fetch GET 200 https://registry.npmjs.org/delayed-stream/-/delayed-stream-1.0.0.tgz 11541ms (cache miss)
589 http fetch GET 200 https://registry.npmjs.org/cookiejar/-/cookiejar-2.1.4.tgz 11706ms (cache miss)
590 http fetch GET 200 https://registry.npmjs.org/fast-safe-stringify/-/fast-safe-stringify-2.1.1.tgz 12096ms (cache miss)
591 http fetch GET 200 https://registry.npmjs.org/mime/-/mime-2.6.0.tgz 12934ms (cache miss)
592 http fetch GET 200 https://registry.npmjs.org/form-data/-/form-data-4.0.6.tgz 12954ms (cache miss)
593 http fetch GET 200 https://registry.npmjs.org/formidable/-/formidable-3.5.4.tgz 13691ms (cache miss)
594 http fetch GET 200 https://registry.npmjs.org/combined-stream/-/combined-stream-1.0.8.tgz 14229ms (cache miss)
595 http fetch GET 200 https://registry.npmjs.org/asynckit/-/asynckit-0.4.0.tgz 14467ms (cache miss)
596 silly ADD node_modules/media-typer
597 silly ADD node_modules/asap
598 silly ADD node_modules/@noble/hashes
599 silly ADD node_modules/dezalgo
600 silly ADD node_modules/@paralleldrive/cuid2
601 silly ADD node_modules/has-tostringtag
602 silly ADD node_modules/delayed-stream
603 silly ADD node_modules/es-set-tostringtag
604 silly ADD node_modules/combined-stream
605 silly ADD node_modules/asynckit
606 silly ADD node_modules/mime
607 silly ADD node_modules/formidable
608 silly ADD node_modules/form-data
609 silly ADD node_modules/form-data/node_modules/mime-db
610 silly ADD node_modules/form-data/node_modules/mime-types
611 silly ADD node_modules/fast-safe-stringify
612 silly ADD node_modules/cookiejar
613 silly ADD node_modules/component-emitter
614 silly ADD node_modules/superagent
615 silly ADD node_modules/methods
616 silly ADD node_modules/dunder-proto
617 silly ADD node_modules/math-intrinsics
618 silly ADD node_modules/hasown
619 silly ADD node_modules/has-symbols
620 silly ADD node_modules/gopd
621 silly ADD node_modules/get-proto
622 silly ADD node_modules/es-object-atoms
623 silly ADD node_modules/function-bind
624 silly ADD node_modules/call-bind-apply-helpers
625 silly ADD node_modules/get-intrinsic
626 silly ADD node_modules/call-bound
627 silly ADD node_modules/side-channel-weakmap
628 silly ADD node_modules/side-channel-map
629 silly ADD node_modules/side-channel-list
630 silly ADD node_modules/object-inspect
631 silly ADD node_modules/es-errors
632 silly ADD node_modules/path-to-regexp
633 silly ADD node_modules/is-promise
634 silly ADD node_modules/unpipe
635 silly ADD node_modules/side-channel
636 silly ADD node_modules/es-define-property
637 silly ADD node_modules/ipaddr.js
638 silly ADD node_modules/forwarded
639 silly ADD node_modules/wrappy
640 silly ADD node_modules/ee-first
641 silly ADD node_modules/mime-db
642 silly ADD node_modules/safer-buffer
643 silly ADD node_modules/toidentifier
644 silly ADD node_modules/setprototypeof
645 silly ADD node_modules/inherits
646 silly ADD node_modules/ms
647 silly ADD node_modules/raw-body
648 silly ADD node_modules/iconv-lite
649 silly ADD node_modules/bytes
650 silly ADD node_modules/negotiator
651 silly ADD node_modules/vary
652 silly ADD node_modules/type-is
653 silly ADD node_modules/type-is/node_modules/content-type
654 silly ADD node_modules/statuses
655 silly ADD node_modules/serve-static
656 silly ADD node_modules/send
657 silly ADD node_modules/router
658 silly ADD node_modules/range-parser
659 silly ADD node_modules/qs
660 silly ADD node_modules/proxy-addr
661 silly ADD node_modules/parseurl
662 silly ADD node_modules/once
663 silly ADD node_modules/on-finished
664 silly ADD node_modules/mime-types
665 silly ADD node_modules/merge-descriptors
666 silly ADD node_modules/http-errors
667 silly ADD node_modules/fresh
668 silly ADD node_modules/finalhandler
669 silly ADD node_modules/etag
670 silly ADD node_modules/escape-html
671 silly ADD node_modules/encodeurl
672 silly ADD node_modules/depd
673 silly ADD node_modules/debug
674 silly ADD node_modules/cookie-signature
675 silly ADD node_modules/cookie
676 silly ADD node_modules/content-type
677 silly ADD node_modules/content-disposition
678 silly ADD node_modules/body-parser
679 silly ADD node_modules/body-parser/node_modules/content-type
680 silly ADD node_modules/accepts
681 silly ADD node_modules/supertest
682 silly ADD node_modules/express
683 verbose cwd /data/data/com.termux/files/home/test-supertest
684 verbose os Linux 6.12.38-android16-5-abA075FXXS5CZF2-4k
685 verbose node v26.4.0
686 verbose npm  v11.18.0
687 verbose exit 0
688 info ok
