0 verbose cli /data/data/com.termux/files/usr/bin/node /data/data/com.termux/files/usr/bin/npm
1 info using npm@11.18.0
2 info using node@v26.4.0
3 silly config load:file:/data/data/com.termux/files/usr/lib/node_modules/npm/npmrc
4 silly config load:file:/data/data/com.termux/files/home/hyat-views/.npmrc
5 silly config load:file:/data/data/com.termux/files/home/.npmrc
6 silly config load:file:/data/data/com.termux/files/usr/etc/npmrc
7 verbose title npm install express cors
8 verbose argv "install" "express" "cors"
9 verbose logfile logs-max:10 dir:/data/data/com.termux/files/home/.npm/_logs/2026-07-25T11_25_39_593Z-
10 verbose logfile /data/data/com.termux/files/home/.npm/_logs/2026-07-25T11_25_39_593Z-debug-0.log
11 silly logfile start cleaning logs, removing 1 files
12 silly logfile done cleaning log files
13 silly packumentCache heap:1047527424 maxSize:261881856 maxEntrySize:130940928
14 silly idealTree buildDeps
15 silly fetch manifest express@*
16 silly packumentCache full:https://registry.npmjs.org/express cache-miss
17 http fetch GET 200 https://registry.npmjs.org/express 938ms (cache revalidated)
18 silly packumentCache full:https://registry.npmjs.org/express set size:804956 disposed:false
19 silly fetch manifest cors@*
20 silly packumentCache full:https://registry.npmjs.org/cors cache-miss
21 http fetch GET 200 https://registry.npmjs.org/cors 240ms (cache revalidated)
22 silly packumentCache full:https://registry.npmjs.org/cors set size:77956 disposed:false
23 silly placeDep ROOT cors@2.8.6 OK for: hyat-views@1.0.0 want: *
24 silly placeDep ROOT express@5.2.1 OK for: hyat-views@1.0.0 want: *
25 silly fetch manifest object-assign@^4
26 silly packumentCache full:https://registry.npmjs.org/object-assign cache-miss
27 silly fetch manifest vary@^1
28 silly packumentCache full:https://registry.npmjs.org/vary cache-miss
29 silly fetch manifest qs@^6.14.0
30 silly packumentCache full:https://registry.npmjs.org/qs cache-miss
31 silly fetch manifest depd@^2.0.0
32 silly packumentCache full:https://registry.npmjs.org/depd cache-miss
33 silly fetch manifest etag@^1.8.1
34 silly packumentCache full:https://registry.npmjs.org/etag cache-miss
35 silly fetch manifest once@^1.4.0
36 silly packumentCache full:https://registry.npmjs.org/once cache-miss
37 silly fetch manifest send@^1.1.0
38 silly packumentCache full:https://registry.npmjs.org/send cache-miss
39 http fetch GET 200 https://registry.npmjs.org/object-assign 246ms (cache revalidated)
40 silly packumentCache full:https://registry.npmjs.org/object-assign set size:28988 disposed:false
41 silly fetch manifest vary@^1.1.2
42 silly packumentCache full:https://registry.npmjs.org/vary cache-miss
43 http fetch GET 200 https://registry.npmjs.org/vary 262ms (cache revalidated)
44 silly packumentCache full:https://registry.npmjs.org/vary set size:15994 disposed:false
45 silly fetch manifest debug@^4.4.0
46 silly packumentCache full:https://registry.npmjs.org/debug cache-miss
47 http fetch GET 200 https://registry.npmjs.org/depd 744ms (cache revalidated)
48 silly packumentCache full:https://registry.npmjs.org/depd set size:40182 disposed:false
49 silly fetch manifest fresh@^2.0.0
50 silly packumentCache full:https://registry.npmjs.org/fresh cache-miss
51 http fetch GET 200 https://registry.npmjs.org/once 748ms (cache revalidated)
52 silly packumentCache full:https://registry.npmjs.org/once set size:11752 disposed:false
53 silly fetch manifest cookie@^0.7.1
54 silly packumentCache full:https://registry.npmjs.org/cookie cache-miss
55 http fetch GET 200 https://registry.npmjs.org/debug 236ms (cache revalidated)
56 silly packumentCache full:https://registry.npmjs.org/debug set size:195840 disposed:false
57 silly fetch manifest router@^2.2.0
58 silly packumentCache full:https://registry.npmjs.org/router cache-miss
59 http fetch GET 200 https://registry.npmjs.org/vary 799ms (cache revalidated)
60 silly packumentCache full:https://registry.npmjs.org/vary set size:15994 disposed:false
61 silly packumentCache full:https://registry.npmjs.org/vary dispose
62 silly fetch manifest accepts@^2.0.0
63 silly packumentCache full:https://registry.npmjs.org/accepts cache-miss
64 http fetch GET 200 https://registry.npmjs.org/qs 804ms (cache revalidated)
65 silly packumentCache full:https://registry.npmjs.org/qs set size:360318 disposed:false
66 silly fetch manifest type-is@^2.0.1
67 silly packumentCache full:https://registry.npmjs.org/type-is cache-miss
68 http fetch GET 200 https://registry.npmjs.org/send 821ms (cache revalidated)
69 silly packumentCache full:https://registry.npmjs.org/send set size:152810 disposed:false
70 silly fetch manifest parseurl@^1.3.3
71 silly packumentCache full:https://registry.npmjs.org/parseurl cache-miss
72 http fetch GET 200 https://registry.npmjs.org/etag 859ms (cache revalidated)
73 silly packumentCache full:https://registry.npmjs.org/etag set size:30032 disposed:false
74 silly fetch manifest statuses@^2.0.1
75 silly packumentCache full:https://registry.npmjs.org/statuses cache-miss
76 http fetch GET 200 https://registry.npmjs.org/fresh 298ms (cache revalidated)
77 silly packumentCache full:https://registry.npmjs.org/fresh set size:25427 disposed:false
78 silly fetch manifest encodeurl@^2.0.0
79 silly packumentCache full:https://registry.npmjs.org/encodeurl cache-miss
80 http fetch GET 200 https://registry.npmjs.org/router 284ms (cache revalidated)
81 silly packumentCache full:https://registry.npmjs.org/router set size:116499 disposed:false
82 silly fetch manifest mime-types@^3.0.0
83 silly packumentCache full:https://registry.npmjs.org/mime-types cache-miss
84 http fetch GET 200 https://registry.npmjs.org/cookie 310ms (cache revalidated)
85 silly packumentCache full:https://registry.npmjs.org/cookie set size:78274 disposed:false
86 silly fetch manifest proxy-addr@^2.0.7
87 silly packumentCache full:https://registry.npmjs.org/proxy-addr cache-miss
88 http fetch GET 200 https://registry.npmjs.org/accepts 293ms (cache revalidated)
89 silly packumentCache full:https://registry.npmjs.org/accepts set size:77054 disposed:false
90 silly fetch manifest body-parser@^2.2.1
91 silly packumentCache full:https://registry.npmjs.org/body-parser cache-miss
92 http fetch GET 200 https://registry.npmjs.org/type-is 278ms (cache revalidated)
93 silly packumentCache full:https://registry.npmjs.org/type-is set size:88614 disposed:false
94 silly fetch manifest escape-html@^1.0.3
95 silly packumentCache full:https://registry.npmjs.org/escape-html cache-miss
96 http fetch GET 200 https://registry.npmjs.org/statuses 248ms (cache revalidated)
97 silly packumentCache full:https://registry.npmjs.org/statuses set size:37117 disposed:false
98 silly fetch manifest http-errors@^2.0.0
99 silly packumentCache full:https://registry.npmjs.org/http-errors cache-miss
100 http fetch GET 200 https://registry.npmjs.org/parseurl 287ms (cache revalidated)
101 silly packumentCache full:https://registry.npmjs.org/parseurl set size:24148 disposed:false
102 silly fetch manifest on-finished@^2.4.1
103 silly packumentCache full:https://registry.npmjs.org/on-finished cache-miss
104 http fetch GET 200 https://registry.npmjs.org/encodeurl 282ms (cache revalidated)
105 silly packumentCache full:https://registry.npmjs.org/encodeurl set size:12296 disposed:false
106 silly fetch manifest content-type@^1.0.5
107 silly packumentCache full:https://registry.npmjs.org/content-type cache-miss
108 http fetch GET 200 https://registry.npmjs.org/mime-types 300ms (cache revalidated)
109 silly packumentCache full:https://registry.npmjs.org/mime-types set size:139110 disposed:false
110 silly fetch manifest finalhandler@^2.1.0
111 silly packumentCache full:https://registry.npmjs.org/finalhandler cache-miss
112 http fetch GET 200 https://registry.npmjs.org/http-errors 310ms (cache revalidated)
113 silly packumentCache full:https://registry.npmjs.org/http-errors set size:71987 disposed:false
114 silly fetch manifest range-parser@^1.2.1
115 silly packumentCache full:https://registry.npmjs.org/range-parser cache-miss
116 http fetch GET 200 https://registry.npmjs.org/escape-html 330ms (cache revalidated)
117 silly packumentCache full:https://registry.npmjs.org/escape-html set size:7345 disposed:false
118 silly fetch manifest serve-static@^2.2.0
119 silly packumentCache full:https://registry.npmjs.org/serve-static cache-miss
120 http fetch GET 200 https://registry.npmjs.org/proxy-addr 374ms (cache revalidated)
121 silly packumentCache full:https://registry.npmjs.org/proxy-addr set size:61619 disposed:false
122 silly fetch manifest cookie-signature@^1.2.1
123 silly packumentCache full:https://registry.npmjs.org/cookie-signature cache-miss
124 http fetch GET 200 https://registry.npmjs.org/on-finished 327ms (cache revalidated)
125 silly packumentCache full:https://registry.npmjs.org/on-finished set size:23212 disposed:false
126 silly fetch manifest merge-descriptors@^2.0.0
127 silly packumentCache full:https://registry.npmjs.org/merge-descriptors cache-miss
128 http fetch GET 200 https://registry.npmjs.org/body-parser 405ms (cache updated)
129 silly packumentCache full:https://registry.npmjs.org/body-parser set size:undefined disposed:false
130 silly fetch manifest content-disposition@^1.0.0
131 silly packumentCache full:https://registry.npmjs.org/content-disposition cache-miss
132 http fetch GET 200 https://registry.npmjs.org/content-type 321ms (cache revalidated)
133 silly packumentCache full:https://registry.npmjs.org/content-type set size:18994 disposed:false
134 http fetch GET 200 https://registry.npmjs.org/finalhandler 286ms (cache revalidated)
135 silly packumentCache full:https://registry.npmjs.org/finalhandler set size:79291 disposed:false
136 http fetch GET 200 https://registry.npmjs.org/serve-static 229ms (cache revalidated)
137 silly packumentCache full:https://registry.npmjs.org/serve-static set size:150391 disposed:false
138 http fetch GET 200 https://registry.npmjs.org/cookie-signature 229ms (cache revalidated)
139 silly packumentCache full:https://registry.npmjs.org/cookie-signature set size:21777 disposed:false
140 http fetch GET 200 https://registry.npmjs.org/merge-descriptors 250ms (cache revalidated)
141 silly packumentCache full:https://registry.npmjs.org/merge-descriptors set size:16527 disposed:false
142 http fetch GET 200 https://registry.npmjs.org/range-parser 277ms (cache revalidated)
143 silly packumentCache full:https://registry.npmjs.org/range-parser set size:24852 disposed:false
144 http fetch GET 200 https://registry.npmjs.org/content-disposition 210ms (cache revalidated)
145 silly packumentCache full:https://registry.npmjs.org/content-disposition set size:42862 disposed:false
146 silly placeDep ROOT object-assign@4.1.1 OK for: cors@2.8.6 want: ^4
147 silly placeDep ROOT vary@1.1.2 OK for: cors@2.8.6 want: ^1
148 silly placeDep ROOT accepts@2.0.0 OK for: express@5.2.1 want: ^2.0.0
149 silly placeDep ROOT body-parser@2.3.0 OK for: express@5.2.1 want: ^2.2.1
150 silly placeDep ROOT content-disposition@1.1.0 OK for: express@5.2.1 want: ^1.0.0
151 silly placeDep ROOT content-type@1.0.5 OK for: express@5.2.1 want: ^1.0.5
152 silly placeDep ROOT cookie@0.7.2 OK for: express@5.2.1 want: ^0.7.1
153 silly placeDep ROOT cookie-signature@1.2.2 OK for: express@5.2.1 want: ^1.2.1
154 silly placeDep ROOT debug@4.4.3 OK for: express@5.2.1 want: ^4.4.0
155 silly placeDep ROOT depd@2.0.0 OK for: express@5.2.1 want: ^2.0.0
156 silly placeDep ROOT encodeurl@2.0.0 OK for: express@5.2.1 want: ^2.0.0
157 silly placeDep ROOT escape-html@1.0.3 OK for: express@5.2.1 want: ^1.0.3
158 silly placeDep ROOT etag@1.8.1 OK for: express@5.2.1 want: ^1.8.1
159 silly placeDep ROOT finalhandler@2.1.1 OK for: express@5.2.1 want: ^2.1.0
160 silly placeDep ROOT fresh@2.0.0 OK for: express@5.2.1 want: ^2.0.0
161 silly placeDep ROOT http-errors@2.0.1 OK for: express@5.2.1 want: ^2.0.0
162 silly placeDep ROOT merge-descriptors@2.0.0 OK for: express@5.2.1 want: ^2.0.0
163 silly placeDep ROOT mime-types@3.0.2 OK for: express@5.2.1 want: ^3.0.0
164 silly placeDep ROOT on-finished@2.4.1 OK for: express@5.2.1 want: ^2.4.1
165 silly placeDep ROOT once@1.4.0 OK for: express@5.2.1 want: ^1.4.0
166 silly placeDep ROOT parseurl@1.3.3 OK for: express@5.2.1 want: ^1.3.3
167 silly placeDep ROOT proxy-addr@2.0.7 OK for: express@5.2.1 want: ^2.0.7
168 silly placeDep ROOT qs@6.15.3 OK for: express@5.2.1 want: ^6.14.0
169 silly placeDep ROOT range-parser@1.3.0 OK for: express@5.2.1 want: ^1.2.1
170 silly placeDep ROOT router@2.2.0 OK for: express@5.2.1 want: ^2.2.0
171 silly placeDep ROOT send@1.2.1 OK for: express@5.2.1 want: ^1.1.0
172 silly placeDep ROOT serve-static@2.2.1 OK for: express@5.2.1 want: ^2.2.0
173 silly placeDep ROOT statuses@2.0.2 OK for: express@5.2.1 want: ^2.0.1
174 silly placeDep ROOT type-is@2.1.0 OK for: express@5.2.1 want: ^2.0.1
175 silly fetch manifest negotiator@^1.0.0
176 silly packumentCache full:https://registry.npmjs.org/negotiator cache-miss
177 silly fetch manifest qs@^6.15.2
178 silly packumentCache full:https://registry.npmjs.org/qs cache-hit
179 silly fetch manifest bytes@^3.1.2
180 silly packumentCache full:https://registry.npmjs.org/bytes cache-miss
181 silly fetch manifest debug@^4.4.3
182 silly packumentCache full:https://registry.npmjs.org/debug cache-hit
183 silly fetch manifest type-is@^2.1.0
184 silly packumentCache full:https://registry.npmjs.org/type-is cache-hit
185 silly fetch manifest raw-body@^3.0.2
186 silly packumentCache full:https://registry.npmjs.org/raw-body cache-miss
187 silly fetch manifest iconv-lite@^0.7.2
188 silly packumentCache full:https://registry.npmjs.org/iconv-lite cache-miss
189 silly fetch manifest http-errors@^2.0.1
190 silly packumentCache full:https://registry.npmjs.org/http-errors cache-hit
191 silly fetch manifest content-type@^2.0.0
192 silly packumentCache full:https://registry.npmjs.org/content-type cache-hit
193 silly fetch manifest ms@^2.1.3
194 silly packumentCache full:https://registry.npmjs.org/ms cache-miss
195 silly fetch manifest inherits@~2.0.4
196 silly packumentCache full:https://registry.npmjs.org/inherits cache-miss
197 silly fetch manifest setprototypeof@~1.2.0
198 silly packumentCache full:https://registry.npmjs.org/setprototypeof cache-miss
199 http fetch GET 200 https://registry.npmjs.org/negotiator 270ms (cache revalidated)
200 silly packumentCache full:https://registry.npmjs.org/negotiator set size:48046 disposed:false
201 silly fetch manifest statuses@~2.0.2
202 silly packumentCache full:https://registry.npmjs.org/statuses cache-hit
203 silly fetch manifest toidentifier@~1.0.1
204 silly packumentCache full:https://registry.npmjs.org/toidentifier cache-miss
205 http fetch GET 200 https://registry.npmjs.org/raw-body 249ms (cache revalidated)
206 silly packumentCache full:https://registry.npmjs.org/raw-body set size:120042 disposed:false
207 silly fetch manifest mime-db@^1.54.0
208 silly packumentCache full:https://registry.npmjs.org/mime-db cache-miss
209 http fetch GET 200 https://registry.npmjs.org/bytes 293ms (cache revalidated)
210 silly packumentCache full:https://registry.npmjs.org/bytes set size:37018 disposed:false
211 silly fetch manifest ee-first@1.1.1
212 silly packumentCache full:https://registry.npmjs.org/ee-first cache-miss
213 http fetch GET 200 https://registry.npmjs.org/ms 264ms (cache revalidated)
214 silly packumentCache full:https://registry.npmjs.org/ms set size:92208 disposed:false
215 silly fetch manifest wrappy@1
216 silly packumentCache full:https://registry.npmjs.org/wrappy cache-miss
217 http fetch GET 200 https://registry.npmjs.org/iconv-lite 292ms (cache revalidated)
218 silly packumentCache full:https://registry.npmjs.org/iconv-lite set size:126462 disposed:false
219 silly fetch manifest forwarded@0.2.0
220 silly packumentCache full:https://registry.npmjs.org/forwarded cache-miss
221 http fetch GET 200 https://registry.npmjs.org/setprototypeof 291ms (cache revalidated)
222 silly packumentCache full:https://registry.npmjs.org/setprototypeof set size:14532 disposed:false
223 silly fetch manifest ipaddr.js@1.9.1
224 silly packumentCache full:https://registry.npmjs.org/ipaddr.js cache-miss
225 http fetch GET 200 https://registry.npmjs.org/inherits 298ms (cache revalidated)
226 silly packumentCache full:https://registry.npmjs.org/inherits set size:12925 disposed:false
227 silly fetch manifest side-channel@^1.1.1
228 silly packumentCache full:https://registry.npmjs.org/side-channel cache-miss
229 http fetch GET 200 https://registry.npmjs.org/toidentifier 265ms (cache revalidated)
230 silly packumentCache full:https://registry.npmjs.org/toidentifier set size:12006 disposed:false
231 silly fetch manifest es-define-property@^1.0.1
232 silly packumentCache full:https://registry.npmjs.org/es-define-property cache-miss
233 http fetch GET 200 https://registry.npmjs.org/ee-first 246ms (cache revalidated)
234 silly packumentCache full:https://registry.npmjs.org/ee-first set size:15327 disposed:false
235 silly fetch manifest is-promise@^4.0.0
236 silly packumentCache full:https://registry.npmjs.org/is-promise cache-miss
237 http fetch GET 200 https://registry.npmjs.org/wrappy 235ms (cache revalidated)
238 silly packumentCache full:https://registry.npmjs.org/wrappy set size:7682 disposed:false
239 silly fetch manifest path-to-regexp@^8.0.0
240 silly packumentCache full:https://registry.npmjs.org/path-to-regexp cache-miss
241 http fetch GET 200 https://registry.npmjs.org/mime-db 270ms (cache revalidated)
242 silly packumentCache full:https://registry.npmjs.org/mime-db set size:164953 disposed:false
243 silly fetch manifest statuses@^2.0.2
244 silly packumentCache full:https://registry.npmjs.org/statuses cache-hit
245 silly fetch manifest media-typer@^1.1.0
246 silly packumentCache full:https://registry.npmjs.org/media-typer cache-miss
247 http fetch GET 200 https://registry.npmjs.org/forwarded 264ms (cache revalidated)
248 silly packumentCache full:https://registry.npmjs.org/forwarded set size:11229 disposed:false
249 http fetch GET 200 https://registry.npmjs.org/ipaddr.js 264ms (cache revalidated)
250 silly packumentCache full:https://registry.npmjs.org/ipaddr.js set size:69549 disposed:false
251 http fetch GET 200 https://registry.npmjs.org/side-channel 266ms (cache revalidated)
252 silly packumentCache full:https://registry.npmjs.org/side-channel set size:27650 disposed:false
253 http fetch GET 200 https://registry.npmjs.org/is-promise 272ms (cache revalidated)
254 silly packumentCache full:https://registry.npmjs.org/is-promise set size:18599 disposed:false
255 http fetch GET 200 https://registry.npmjs.org/es-define-property 282ms (cache revalidated)
256 silly packumentCache full:https://registry.npmjs.org/es-define-property set size:8542 disposed:false
257 http fetch GET 200 https://registry.npmjs.org/path-to-regexp 279ms (cache revalidated)
258 silly packumentCache full:https://registry.npmjs.org/path-to-regexp set size:216334 disposed:false
259 http fetch GET 200 https://registry.npmjs.org/media-typer 289ms (cache updated)
260 silly packumentCache full:https://registry.npmjs.org/media-typer set size:undefined disposed:false
261 silly placeDep ROOT negotiator@1.0.0 OK for: accepts@2.0.0 want: ^1.0.0
262 silly placeDep ROOT bytes@3.1.2 OK for: body-parser@2.3.0 want: ^3.1.2
263 silly placeDep node_modules/body-parser content-type@2.0.0 OK for: body-parser@2.3.0 want: ^2.0.0
264 silly placeDep ROOT iconv-lite@0.7.3 OK for: body-parser@2.3.0 want: ^0.7.2
265 silly placeDep ROOT raw-body@3.0.2 OK for: body-parser@2.3.0 want: ^3.0.2
266 silly fetch manifest safer-buffer@>= 2.1.2 < 3.0.0
267 silly packumentCache full:https://registry.npmjs.org/safer-buffer cache-miss
268 silly fetch manifest unpipe@~1.0.0
269 silly packumentCache full:https://registry.npmjs.org/unpipe cache-miss
270 http fetch GET 200 https://registry.npmjs.org/unpipe 200ms (cache revalidated)
271 silly packumentCache full:https://registry.npmjs.org/unpipe set size:3609 disposed:false
272 http fetch GET 200 https://registry.npmjs.org/safer-buffer 222ms (cache revalidated)
273 silly packumentCache full:https://registry.npmjs.org/safer-buffer set size:18521 disposed:false
274 silly placeDep ROOT ms@2.1.3 OK for: debug@4.4.3 want: ^2.1.3
275 silly placeDep ROOT inherits@2.0.4 OK for: http-errors@2.0.1 want: ~2.0.4
276 silly placeDep ROOT setprototypeof@1.2.0 OK for: http-errors@2.0.1 want: ~1.2.0
277 silly placeDep ROOT toidentifier@1.0.1 OK for: http-errors@2.0.1 want: ~1.0.1
278 silly placeDep ROOT safer-buffer@2.1.2 OK for: iconv-lite@0.7.3 want: >= 2.1.2 < 3.0.0
279 silly placeDep ROOT mime-db@1.54.0 OK for: mime-types@3.0.2 want: ^1.54.0
280 silly placeDep ROOT ee-first@1.1.1 OK for: on-finished@2.4.1 want: 1.1.1
281 silly placeDep ROOT wrappy@1.0.2 OK for: once@1.4.0 want: 1
282 silly placeDep ROOT forwarded@0.2.0 OK for: proxy-addr@2.0.7 want: 0.2.0
283 silly placeDep ROOT ipaddr.js@1.9.1 OK for: proxy-addr@2.0.7 want: 1.9.1
284 silly placeDep ROOT es-define-property@1.0.1 OK for: qs@6.15.3 want: ^1.0.1
285 silly placeDep ROOT side-channel@1.1.1 OK for: qs@6.15.3 want: ^1.1.1
286 silly fetch manifest es-errors@^1.3.0
287 silly packumentCache full:https://registry.npmjs.org/es-errors cache-miss
288 silly fetch manifest object-inspect@^1.13.4
289 silly packumentCache full:https://registry.npmjs.org/object-inspect cache-miss
290 silly fetch manifest side-channel-list@^1.0.1
291 silly packumentCache full:https://registry.npmjs.org/side-channel-list cache-miss
292 silly fetch manifest side-channel-map@^1.0.1
293 silly packumentCache full:https://registry.npmjs.org/side-channel-map cache-miss
294 silly fetch manifest side-channel-weakmap@^1.0.2
295 silly packumentCache full:https://registry.npmjs.org/side-channel-weakmap cache-miss
296 http fetch GET 200 https://registry.npmjs.org/side-channel-map 236ms (cache revalidated)
297 silly packumentCache full:https://registry.npmjs.org/side-channel-map set size:9126 disposed:false
298 http fetch GET 200 https://registry.npmjs.org/side-channel-list 240ms (cache revalidated)
299 silly packumentCache full:https://registry.npmjs.org/side-channel-list set size:9021 disposed:false
300 http fetch GET 200 https://registry.npmjs.org/es-errors 247ms (cache revalidated)
301 silly packumentCache full:https://registry.npmjs.org/es-errors set size:16918 disposed:false
302 http fetch GET 200 https://registry.npmjs.org/side-channel-weakmap 247ms (cache revalidated)
303 silly packumentCache full:https://registry.npmjs.org/side-channel-weakmap set size:12620 disposed:false
304 http fetch GET 200 https://registry.npmjs.org/object-inspect 263ms (cache updated)
305 silly packumentCache full:https://registry.npmjs.org/object-inspect set size:undefined disposed:false
306 silly placeDep ROOT unpipe@1.0.0 OK for: raw-body@3.0.2 want: ~1.0.0
307 silly placeDep ROOT is-promise@4.0.0 OK for: router@2.2.0 want: ^4.0.0
308 silly placeDep ROOT path-to-regexp@8.4.2 OK for: router@2.2.0 want: ^8.0.0
309 silly placeDep ROOT es-errors@1.3.0 OK for: side-channel@1.1.1 want: ^1.3.0
310 silly placeDep ROOT object-inspect@1.13.4 OK for: side-channel@1.1.1 want: ^1.13.4
311 silly placeDep ROOT side-channel-list@1.0.1 OK for: side-channel@1.1.1 want: ^1.0.1
312 silly placeDep ROOT side-channel-map@1.0.1 OK for: side-channel@1.1.1 want: ^1.0.1
313 silly placeDep ROOT side-channel-weakmap@1.0.2 OK for: side-channel@1.1.1 want: ^1.0.2
314 silly fetch manifest call-bound@^1.0.2
315 silly packumentCache full:https://registry.npmjs.org/call-bound cache-miss
316 silly fetch manifest get-intrinsic@^1.2.5
317 silly packumentCache full:https://registry.npmjs.org/get-intrinsic cache-miss
318 silly fetch manifest call-bound@^1.0.2
319 silly packumentCache full:https://registry.npmjs.org/call-bound cache-miss
320 silly fetch manifest get-intrinsic@^1.2.5
321 silly packumentCache full:https://registry.npmjs.org/get-intrinsic cache-miss
322 http fetch GET 200 https://registry.npmjs.org/call-bound 215ms (cache revalidated)
323 silly packumentCache full:https://registry.npmjs.org/call-bound set size:15317 disposed:false
324 http fetch GET 200 https://registry.npmjs.org/get-intrinsic 225ms (cache revalidated)
325 silly packumentCache full:https://registry.npmjs.org/get-intrinsic set size:60985 disposed:false
326 http fetch GET 200 https://registry.npmjs.org/call-bound 236ms (cache revalidated)
327 silly packumentCache full:https://registry.npmjs.org/call-bound set size:15317 disposed:false
328 silly packumentCache full:https://registry.npmjs.org/call-bound dispose
329 http fetch GET 200 https://registry.npmjs.org/get-intrinsic 241ms (cache revalidated)
330 silly packumentCache full:https://registry.npmjs.org/get-intrinsic set size:60985 disposed:false
331 silly packumentCache full:https://registry.npmjs.org/get-intrinsic dispose
332 silly placeDep ROOT call-bound@1.0.4 OK for: side-channel-map@1.0.1 want: ^1.0.2
333 silly placeDep ROOT get-intrinsic@1.3.0 OK for: side-channel-map@1.0.1 want: ^1.2.5
334 silly fetch manifest call-bind-apply-helpers@^1.0.2
335 silly packumentCache full:https://registry.npmjs.org/call-bind-apply-helpers cache-miss
336 silly fetch manifest get-intrinsic@^1.3.0
337 silly packumentCache full:https://registry.npmjs.org/get-intrinsic cache-hit
338 silly fetch manifest gopd@^1.2.0
339 silly packumentCache full:https://registry.npmjs.org/gopd cache-miss
340 silly fetch manifest hasown@^2.0.2
341 silly packumentCache full:https://registry.npmjs.org/hasown cache-miss
342 silly fetch manifest get-proto@^1.0.1
343 silly packumentCache full:https://registry.npmjs.org/get-proto cache-miss
344 silly fetch manifest has-symbols@^1.1.0
345 silly packumentCache full:https://registry.npmjs.org/has-symbols cache-miss
346 silly fetch manifest function-bind@^1.1.2
347 silly packumentCache full:https://registry.npmjs.org/function-bind cache-miss
348 silly fetch manifest es-object-atoms@^1.1.1
349 silly packumentCache full:https://registry.npmjs.org/es-object-atoms cache-miss
350 http fetch GET 200 https://registry.npmjs.org/gopd 209ms (cache revalidated)
351 silly packumentCache full:https://registry.npmjs.org/gopd set size:11483 disposed:false
352 silly fetch manifest math-intrinsics@^1.1.0
353 silly packumentCache full:https://registry.npmjs.org/math-intrinsics cache-miss
354 http fetch GET 200 https://registry.npmjs.org/call-bind-apply-helpers 236ms (cache revalidated)
355 silly packumentCache full:https://registry.npmjs.org/call-bind-apply-helpers set size:12744 disposed:false
356 http fetch GET 200 https://registry.npmjs.org/get-proto 236ms (cache revalidated)
357 silly packumentCache full:https://registry.npmjs.org/get-proto set size:8300 disposed:false
358 http fetch GET 200 https://registry.npmjs.org/hasown 241ms (cache revalidated)
359 silly packumentCache full:https://registry.npmjs.org/hasown set size:18361 disposed:false
360 http fetch GET 200 https://registry.npmjs.org/es-object-atoms 237ms (cache revalidated)
361 silly packumentCache full:https://registry.npmjs.org/es-object-atoms set size:18278 disposed:false
362 http fetch GET 200 https://registry.npmjs.org/has-symbols 247ms (cache revalidated)
363 silly packumentCache full:https://registry.npmjs.org/has-symbols set size:21550 disposed:false
364 http fetch GET 200 https://registry.npmjs.org/function-bind 253ms (cache revalidated)
365 silly packumentCache full:https://registry.npmjs.org/function-bind set size:15733 disposed:false
366 http fetch GET 200 https://registry.npmjs.org/math-intrinsics 237ms (cache revalidated)
367 silly packumentCache full:https://registry.npmjs.org/math-intrinsics set size:9265 disposed:false
368 silly placeDep ROOT call-bind-apply-helpers@1.0.2 OK for: call-bound@1.0.4 want: ^1.0.2
369 silly placeDep ROOT function-bind@1.1.2 OK for: call-bind-apply-helpers@1.0.2 want: ^1.1.2
370 silly placeDep ROOT es-object-atoms@1.1.2 OK for: get-intrinsic@1.3.0 want: ^1.1.1
371 silly placeDep ROOT get-proto@1.0.1 OK for: get-intrinsic@1.3.0 want: ^1.0.1
372 silly placeDep ROOT gopd@1.2.0 OK for: get-intrinsic@1.3.0 want: ^1.2.0
373 silly placeDep ROOT has-symbols@1.1.0 OK for: get-intrinsic@1.3.0 want: ^1.1.0
374 silly placeDep ROOT hasown@2.0.4 OK for: get-intrinsic@1.3.0 want: ^2.0.2
375 silly placeDep ROOT math-intrinsics@1.1.0 OK for: get-intrinsic@1.3.0 want: ^1.1.0
376 silly fetch manifest dunder-proto@^1.0.1
377 silly packumentCache full:https://registry.npmjs.org/dunder-proto cache-miss
378 http fetch GET 200 https://registry.npmjs.org/dunder-proto 197ms (cache revalidated)
379 silly packumentCache full:https://registry.npmjs.org/dunder-proto set size:8256 disposed:false
380 silly placeDep ROOT dunder-proto@1.0.1 OK for: get-proto@1.0.1 want: ^1.0.1
381 silly placeDep node_modules/type-is content-type@2.0.0 OK for: type-is@2.1.0 want: ^2.0.0
382 silly placeDep ROOT media-typer@1.1.1 OK for: type-is@2.1.0 want: ^1.1.0
383 silly reify moves {}
384 silly audit bulk request {
384 silly audit   cors: [ '2.8.6' ],
384 silly audit   express: [ '5.2.1' ],
384 silly audit   'object-assign': [ '4.1.1' ],
384 silly audit   vary: [ '1.1.2' ],
384 silly audit   accepts: [ '2.0.0' ],
384 silly audit   'body-parser': [ '2.3.0' ],
384 silly audit   'content-disposition': [ '1.1.0' ],
384 silly audit   'content-type': [ '1.0.5', '2.0.0' ],
384 silly audit   cookie: [ '0.7.2' ],
384 silly audit   'cookie-signature': [ '1.2.2' ],
384 silly audit   debug: [ '4.4.3' ],
384 silly audit   depd: [ '2.0.0' ],
384 silly audit   encodeurl: [ '2.0.0' ],
384 silly audit   'escape-html': [ '1.0.3' ],
384 silly audit   etag: [ '1.8.1' ],
384 silly audit   finalhandler: [ '2.1.1' ],
384 silly audit   fresh: [ '2.0.0' ],
384 silly audit   'http-errors': [ '2.0.1' ],
384 silly audit   'merge-descriptors': [ '2.0.0' ],
384 silly audit   'mime-types': [ '3.0.2' ],
384 silly audit   'on-finished': [ '2.4.1' ],
384 silly audit   once: [ '1.4.0' ],
384 silly audit   parseurl: [ '1.3.3' ],
384 silly audit   'proxy-addr': [ '2.0.7' ],
384 silly audit   qs: [ '6.15.3' ],
384 silly audit   'range-parser': [ '1.3.0' ],
384 silly audit   router: [ '2.2.0' ],
384 silly audit   send: [ '1.2.1' ],
384 silly audit   'serve-static': [ '2.2.1' ],
384 silly audit   statuses: [ '2.0.2' ],
384 silly audit   'type-is': [ '2.1.0' ],
384 silly audit   negotiator: [ '1.0.0' ],
384 silly audit   bytes: [ '3.1.2' ],
384 silly audit   'iconv-lite': [ '0.7.3' ],
384 silly audit   'raw-body': [ '3.0.2' ],
384 silly audit   ms: [ '2.1.3' ],
384 silly audit   inherits: [ '2.0.4' ],
384 silly audit   setprototypeof: [ '1.2.0' ],
384 silly audit   toidentifier: [ '1.0.1' ],
384 silly audit   'safer-buffer': [ '2.1.2' ],
384 silly audit   'mime-db': [ '1.54.0' ],
384 silly audit   'ee-first': [ '1.1.1' ],
384 silly audit   wrappy: [ '1.0.2' ],
384 silly audit   forwarded: [ '0.2.0' ],
384 silly audit   'ipaddr.js': [ '1.9.1' ],
384 silly audit   'es-define-property': [ '1.0.1' ],
384 silly audit   'side-channel': [ '1.1.1' ],
384 silly audit   unpipe: [ '1.0.0' ],
384 silly audit   'is-promise': [ '4.0.0' ],
384 silly audit   'path-to-regexp': [ '8.4.2' ],
384 silly audit   'es-errors': [ '1.3.0' ],
384 silly audit   'object-inspect': [ '1.13.4' ],
384 silly audit   'side-channel-list': [ '1.0.1' ],
384 silly audit   'side-channel-map': [ '1.0.1' ],
384 silly audit   'side-channel-weakmap': [ '1.0.2' ],
384 silly audit   'call-bound': [ '1.0.4' ],
384 silly audit   'get-intrinsic': [ '1.3.0' ],
384 silly audit   'call-bind-apply-helpers': [ '1.0.2' ],
384 silly audit   'function-bind': [ '1.1.2' ],
384 silly audit   'es-object-atoms': [ '1.1.2' ],
384 silly audit   'get-proto': [ '1.0.1' ],
384 silly audit   gopd: [ '1.2.0' ],
384 silly audit   'has-symbols': [ '1.1.0' ],
384 silly audit   hasown: [ '2.0.4' ],
384 silly audit   'math-intrinsics': [ '1.1.0' ],
384 silly audit   'dunder-proto': [ '1.0.1' ],
384 silly audit   'media-typer': [ '1.1.1' ]
384 silly audit }
385 http cache media-typer@https://registry.npmjs.org/media-typer/-/media-typer-1.1.1.tgz 0ms (cache hit)
386 http cache dunder-proto@https://registry.npmjs.org/dunder-proto/-/dunder-proto-1.0.1.tgz 0ms (cache hit)
387 http cache math-intrinsics@https://registry.npmjs.org/math-intrinsics/-/math-intrinsics-1.1.0.tgz 0ms (cache hit)
388 http cache hasown@https://registry.npmjs.org/hasown/-/hasown-2.0.4.tgz 0ms (cache hit)
389 http cache has-symbols@https://registry.npmjs.org/has-symbols/-/has-symbols-1.1.0.tgz 0ms (cache hit)
390 http cache get-proto@https://registry.npmjs.org/get-proto/-/get-proto-1.0.1.tgz 0ms (cache hit)
391 http cache gopd@https://registry.npmjs.org/gopd/-/gopd-1.2.0.tgz 0ms (cache hit)
392 http cache es-object-atoms@https://registry.npmjs.org/es-object-atoms/-/es-object-atoms-1.1.2.tgz 0ms (cache hit)
393 http cache function-bind@https://registry.npmjs.org/function-bind/-/function-bind-1.1.2.tgz 0ms (cache hit)
394 http cache call-bind-apply-helpers@https://registry.npmjs.org/call-bind-apply-helpers/-/call-bind-apply-helpers-1.0.2.tgz 0ms (cache hit)
395 http cache get-intrinsic@https://registry.npmjs.org/get-intrinsic/-/get-intrinsic-1.3.0.tgz 0ms (cache hit)
396 http cache call-bound@https://registry.npmjs.org/call-bound/-/call-bound-1.0.4.tgz 0ms (cache hit)
397 http cache side-channel-weakmap@https://registry.npmjs.org/side-channel-weakmap/-/side-channel-weakmap-1.0.2.tgz 0ms (cache hit)
398 http cache side-channel-map@https://registry.npmjs.org/side-channel-map/-/side-channel-map-1.0.1.tgz 0ms (cache hit)
399 http cache side-channel-list@https://registry.npmjs.org/side-channel-list/-/side-channel-list-1.0.1.tgz 0ms (cache hit)
400 http cache object-inspect@https://registry.npmjs.org/object-inspect/-/object-inspect-1.13.4.tgz 0ms (cache hit)
401 http cache es-errors@https://registry.npmjs.org/es-errors/-/es-errors-1.3.0.tgz 0ms (cache hit)
402 http cache path-to-regexp@https://registry.npmjs.org/path-to-regexp/-/path-to-regexp-8.4.2.tgz 1ms (cache hit)
403 http cache is-promise@https://registry.npmjs.org/is-promise/-/is-promise-4.0.0.tgz 0ms (cache hit)
404 http cache unpipe@https://registry.npmjs.org/unpipe/-/unpipe-1.0.0.tgz 0ms (cache hit)
405 http cache side-channel@https://registry.npmjs.org/side-channel/-/side-channel-1.1.1.tgz 0ms (cache hit)
406 http cache es-define-property@https://registry.npmjs.org/es-define-property/-/es-define-property-1.0.1.tgz 0ms (cache hit)
407 http cache ipaddr.js@https://registry.npmjs.org/ipaddr.js/-/ipaddr.js-1.9.1.tgz 0ms (cache hit)
408 http cache forwarded@https://registry.npmjs.org/forwarded/-/forwarded-0.2.0.tgz 0ms (cache hit)
409 http cache wrappy@https://registry.npmjs.org/wrappy/-/wrappy-1.0.2.tgz 0ms (cache hit)
410 http cache ee-first@https://registry.npmjs.org/ee-first/-/ee-first-1.1.1.tgz 0ms (cache hit)
411 http cache mime-db@https://registry.npmjs.org/mime-db/-/mime-db-1.54.0.tgz 0ms (cache hit)
412 http cache safer-buffer@https://registry.npmjs.org/safer-buffer/-/safer-buffer-2.1.2.tgz 0ms (cache hit)
413 http cache toidentifier@https://registry.npmjs.org/toidentifier/-/toidentifier-1.0.1.tgz 0ms (cache hit)
414 http cache setprototypeof@https://registry.npmjs.org/setprototypeof/-/setprototypeof-1.2.0.tgz 0ms (cache hit)
415 http cache inherits@https://registry.npmjs.org/inherits/-/inherits-2.0.4.tgz 0ms (cache hit)
416 http cache ms@https://registry.npmjs.org/ms/-/ms-2.1.3.tgz 0ms (cache hit)
417 http cache raw-body@https://registry.npmjs.org/raw-body/-/raw-body-3.0.2.tgz 0ms (cache hit)
418 http cache iconv-lite@https://registry.npmjs.org/iconv-lite/-/iconv-lite-0.7.3.tgz 0ms (cache hit)
419 http cache bytes@https://registry.npmjs.org/bytes/-/bytes-3.1.2.tgz 0ms (cache hit)
420 http cache negotiator@https://registry.npmjs.org/negotiator/-/negotiator-1.0.0.tgz 0ms (cache hit)
421 http cache type-is@https://registry.npmjs.org/type-is/-/type-is-2.1.0.tgz 0ms (cache hit)
422 http cache statuses@https://registry.npmjs.org/statuses/-/statuses-2.0.2.tgz 0ms (cache hit)
423 http cache serve-static@https://registry.npmjs.org/serve-static/-/serve-static-2.2.1.tgz 0ms (cache hit)
424 http cache send@https://registry.npmjs.org/send/-/send-1.2.1.tgz 0ms (cache hit)
425 http cache router@https://registry.npmjs.org/router/-/router-2.2.0.tgz 0ms (cache hit)
426 http cache range-parser@https://registry.npmjs.org/range-parser/-/range-parser-1.3.0.tgz 0ms (cache hit)
427 http cache qs@https://registry.npmjs.org/qs/-/qs-6.15.3.tgz 0ms (cache hit)
428 http cache proxy-addr@https://registry.npmjs.org/proxy-addr/-/proxy-addr-2.0.7.tgz 0ms (cache hit)
429 http cache parseurl@https://registry.npmjs.org/parseurl/-/parseurl-1.3.3.tgz 0ms (cache hit)
430 http cache once@https://registry.npmjs.org/once/-/once-1.4.0.tgz 0ms (cache hit)
431 http cache on-finished@https://registry.npmjs.org/on-finished/-/on-finished-2.4.1.tgz 0ms (cache hit)
432 http cache mime-types@https://registry.npmjs.org/mime-types/-/mime-types-3.0.2.tgz 0ms (cache hit)
433 http cache merge-descriptors@https://registry.npmjs.org/merge-descriptors/-/merge-descriptors-2.0.0.tgz 0ms (cache hit)
434 http cache http-errors@https://registry.npmjs.org/http-errors/-/http-errors-2.0.1.tgz 0ms (cache hit)
435 http cache fresh@https://registry.npmjs.org/fresh/-/fresh-2.0.0.tgz 0ms (cache hit)
436 http cache etag@https://registry.npmjs.org/etag/-/etag-1.8.1.tgz 0ms (cache hit)
437 http cache finalhandler@https://registry.npmjs.org/finalhandler/-/finalhandler-2.1.1.tgz 0ms (cache hit)
438 http cache escape-html@https://registry.npmjs.org/escape-html/-/escape-html-1.0.3.tgz 0ms (cache hit)
439 http cache encodeurl@https://registry.npmjs.org/encodeurl/-/encodeurl-2.0.0.tgz 0ms (cache hit)
440 http cache depd@https://registry.npmjs.org/depd/-/depd-2.0.0.tgz 0ms (cache hit)
441 http cache debug@https://registry.npmjs.org/debug/-/debug-4.4.3.tgz 0ms (cache hit)
442 http cache cookie-signature@https://registry.npmjs.org/cookie-signature/-/cookie-signature-1.2.2.tgz 0ms (cache hit)
443 http cache cookie@https://registry.npmjs.org/cookie/-/cookie-0.7.2.tgz 0ms (cache hit)
444 http cache content-type@https://registry.npmjs.org/content-type/-/content-type-1.0.5.tgz 0ms (cache hit)
445 http cache content-disposition@https://registry.npmjs.org/content-disposition/-/content-disposition-1.1.0.tgz 0ms (cache hit)
446 http cache accepts@https://registry.npmjs.org/accepts/-/accepts-2.0.0.tgz 0ms (cache hit)
447 http cache body-parser@https://registry.npmjs.org/body-parser/-/body-parser-2.3.0.tgz 0ms (cache hit)
448 http cache vary@https://registry.npmjs.org/vary/-/vary-1.1.2.tgz 0ms (cache hit)
449 http cache object-assign@https://registry.npmjs.org/object-assign/-/object-assign-4.1.1.tgz 0ms (cache hit)
450 http cache express@https://registry.npmjs.org/express/-/express-5.2.1.tgz 0ms (cache hit)
451 http cache cors@https://registry.npmjs.org/cors/-/cors-2.8.6.tgz 0ms (cache hit)
452 http cache content-type@https://registry.npmjs.org/content-type/-/content-type-2.0.0.tgz 0ms (cache hit)
453 http cache content-type@https://registry.npmjs.org/content-type/-/content-type-2.0.0.tgz 0ms (cache hit)
454 silly tarball no local data for media-typer@https://registry.npmjs.org/media-typer/-/media-typer-1.1.1.tgz. Extracting by manifest.
455 http fetch POST 200 https://registry.npmjs.org/-/npm/v1/security/advisories/bulk 581ms
456 silly audit report {}
457 http fetch GET 200 https://registry.npmjs.org/media-typer/-/media-typer-1.1.1.tgz 518ms (cache miss)
458 silly ADD node_modules/media-typer
459 silly ADD node_modules/dunder-proto
460 silly ADD node_modules/math-intrinsics
461 silly ADD node_modules/hasown
462 silly ADD node_modules/has-symbols
463 silly ADD node_modules/gopd
464 silly ADD node_modules/get-proto
465 silly ADD node_modules/es-object-atoms
466 silly ADD node_modules/function-bind
467 silly ADD node_modules/call-bind-apply-helpers
468 silly ADD node_modules/get-intrinsic
469 silly ADD node_modules/call-bound
470 silly ADD node_modules/side-channel-weakmap
471 silly ADD node_modules/side-channel-map
472 silly ADD node_modules/side-channel-list
473 silly ADD node_modules/object-inspect
474 silly ADD node_modules/es-errors
475 silly ADD node_modules/path-to-regexp
476 silly ADD node_modules/is-promise
477 silly ADD node_modules/unpipe
478 silly ADD node_modules/side-channel
479 silly ADD node_modules/es-define-property
480 silly ADD node_modules/ipaddr.js
481 silly ADD node_modules/forwarded
482 silly ADD node_modules/wrappy
483 silly ADD node_modules/ee-first
484 silly ADD node_modules/mime-db
485 silly ADD node_modules/safer-buffer
486 silly ADD node_modules/toidentifier
487 silly ADD node_modules/setprototypeof
488 silly ADD node_modules/inherits
489 silly ADD node_modules/ms
490 silly ADD node_modules/raw-body
491 silly ADD node_modules/iconv-lite
492 silly ADD node_modules/bytes
493 silly ADD node_modules/negotiator
494 silly ADD node_modules/type-is
495 silly ADD node_modules/type-is/node_modules/content-type
496 silly ADD node_modules/statuses
497 silly ADD node_modules/serve-static
498 silly ADD node_modules/send
499 silly ADD node_modules/router
500 silly ADD node_modules/range-parser
501 silly ADD node_modules/qs
502 silly ADD node_modules/proxy-addr
503 silly ADD node_modules/parseurl
504 silly ADD node_modules/once
505 silly ADD node_modules/on-finished
506 silly ADD node_modules/mime-types
507 silly ADD node_modules/merge-descriptors
508 silly ADD node_modules/http-errors
509 silly ADD node_modules/fresh
510 silly ADD node_modules/finalhandler
511 silly ADD node_modules/etag
512 silly ADD node_modules/escape-html
513 silly ADD node_modules/encodeurl
514 silly ADD node_modules/depd
515 silly ADD node_modules/debug
516 silly ADD node_modules/cookie-signature
517 silly ADD node_modules/cookie
518 silly ADD node_modules/content-type
519 silly ADD node_modules/content-disposition
520 silly ADD node_modules/body-parser
521 silly ADD node_modules/body-parser/node_modules/content-type
522 silly ADD node_modules/accepts
523 silly ADD node_modules/vary
524 silly ADD node_modules/object-assign
525 silly ADD node_modules/express
526 silly ADD node_modules/cors
527 verbose cwd /data/data/com.termux/files/home/hyat-views
528 verbose os Linux 6.12.38-android16-5-abA075FXXS6CZF6-4k
529 verbose node v26.4.0
530 verbose npm  v11.18.0
531 verbose exit 0
532 info ok
