0 verbose cli /data/data/com.termux/files/usr/bin/node /data/data/com.termux/files/usr/bin/npm
1 info using npm@11.18.0
2 info using node@v26.4.0
3 silly config load:file:/data/data/com.termux/files/usr/lib/node_modules/npm/npmrc
4 silly config load:file:/data/data/com.termux/files/home/.npmrc
5 silly config load:file:/data/data/com.termux/files/usr/etc/npmrc
6 verbose title npm install express
7 verbose argv "install" "express"
8 verbose logfile logs-max:10 dir:/data/data/com.termux/files/home/.npm/_logs/2026-07-26T03_44_33_185Z-
9 verbose logfile /data/data/com.termux/files/home/.npm/_logs/2026-07-26T03_44_33_185Z-debug-0.log
10 silly logfile start cleaning logs, removing 1 files
11 silly allow-scripts no package.json at prefix Could not read package.json: Error: ENOENT: no such file or directory, open '/data/data/com.termux/files/home/package.json'
12 silly packumentCache heap:1047527424 maxSize:261881856 maxEntrySize:130940928
13 silly logfile done cleaning log files
14 silly idealTree buildDeps
15 silly fetch manifest express@*
16 silly packumentCache full:https://registry.npmjs.org/express cache-miss
17 http fetch GET 200 https://registry.npmjs.org/express 980ms (cache revalidated)
18 silly packumentCache full:https://registry.npmjs.org/express set size:804956 disposed:false
19 silly placeDep ROOT express@5.2.1 OK for:  want: *
20 silly fetch manifest qs@^6.14.0
21 silly packumentCache full:https://registry.npmjs.org/qs cache-miss
22 silly fetch manifest depd@^2.0.0
23 silly packumentCache full:https://registry.npmjs.org/depd cache-miss
24 silly fetch manifest etag@^1.8.1
25 silly packumentCache full:https://registry.npmjs.org/etag cache-miss
26 silly fetch manifest once@^1.4.0
27 silly packumentCache full:https://registry.npmjs.org/once cache-miss
28 silly fetch manifest send@^1.1.0
29 silly packumentCache full:https://registry.npmjs.org/send cache-miss
30 silly fetch manifest vary@^1.1.2
31 silly packumentCache full:https://registry.npmjs.org/vary cache-miss
32 silly fetch manifest debug@^4.4.0
33 silly packumentCache full:https://registry.npmjs.org/debug cache-miss
34 http fetch GET 200 https://registry.npmjs.org/once 235ms (cache revalidated)
35 silly packumentCache full:https://registry.npmjs.org/once set size:11752 disposed:false
36 silly fetch manifest fresh@^2.0.0
37 silly packumentCache full:https://registry.npmjs.org/fresh cache-miss
38 http fetch GET 200 https://registry.npmjs.org/fresh 208ms (cache revalidated)
39 silly packumentCache full:https://registry.npmjs.org/fresh set size:25427 disposed:false
40 silly fetch manifest cookie@^0.7.1
41 silly packumentCache full:https://registry.npmjs.org/cookie cache-miss
42 http fetch GET 200 https://registry.npmjs.org/cookie 223ms (cache revalidated)
43 silly packumentCache full:https://registry.npmjs.org/cookie set size:78274 disposed:false
44 silly fetch manifest router@^2.2.0
45 silly packumentCache full:https://registry.npmjs.org/router cache-miss
46 http fetch GET 200 https://registry.npmjs.org/send 772ms (cache revalidated)
47 silly packumentCache full:https://registry.npmjs.org/send set size:152810 disposed:false
48 silly fetch manifest accepts@^2.0.0
49 silly packumentCache full:https://registry.npmjs.org/accepts cache-miss
50 http fetch GET 200 https://registry.npmjs.org/depd 797ms (cache revalidated)
51 silly packumentCache full:https://registry.npmjs.org/depd set size:40182 disposed:false
52 silly fetch manifest type-is@^2.0.1
53 silly packumentCache full:https://registry.npmjs.org/type-is cache-miss
54 http fetch GET 200 https://registry.npmjs.org/etag 802ms (cache revalidated)
55 silly packumentCache full:https://registry.npmjs.org/etag set size:30032 disposed:false
56 silly fetch manifest parseurl@^1.3.3
57 silly packumentCache full:https://registry.npmjs.org/parseurl cache-miss
58 http fetch GET 200 https://registry.npmjs.org/vary 822ms (cache revalidated)
59 silly packumentCache full:https://registry.npmjs.org/vary set size:15994 disposed:false
60 silly fetch manifest statuses@^2.0.1
61 silly packumentCache full:https://registry.npmjs.org/statuses cache-miss
62 http fetch GET 200 https://registry.npmjs.org/qs 854ms (cache revalidated)
63 silly packumentCache full:https://registry.npmjs.org/qs set size:360318 disposed:false
64 silly fetch manifest encodeurl@^2.0.0
65 silly packumentCache full:https://registry.npmjs.org/encodeurl cache-miss
66 http fetch GET 200 https://registry.npmjs.org/debug 863ms (cache revalidated)
67 silly packumentCache full:https://registry.npmjs.org/debug set size:195840 disposed:false
68 silly fetch manifest mime-types@^3.0.0
69 silly packumentCache full:https://registry.npmjs.org/mime-types cache-miss
70 http fetch GET 200 https://registry.npmjs.org/router 215ms (cache revalidated)
71 silly packumentCache full:https://registry.npmjs.org/router set size:116499 disposed:false
72 silly fetch manifest proxy-addr@^2.0.7
73 silly packumentCache full:https://registry.npmjs.org/proxy-addr cache-miss
74 http fetch GET 200 https://registry.npmjs.org/accepts 229ms (cache revalidated)
75 silly packumentCache full:https://registry.npmjs.org/accepts set size:77054 disposed:false
76 silly fetch manifest body-parser@^2.2.1
77 silly packumentCache full:https://registry.npmjs.org/body-parser cache-miss
78 http fetch GET 200 https://registry.npmjs.org/type-is 238ms (cache revalidated)
79 silly packumentCache full:https://registry.npmjs.org/type-is set size:88614 disposed:false
80 silly fetch manifest escape-html@^1.0.3
81 silly packumentCache full:https://registry.npmjs.org/escape-html cache-miss
82 http fetch GET 200 https://registry.npmjs.org/parseurl 247ms (cache revalidated)
83 silly packumentCache full:https://registry.npmjs.org/parseurl set size:24148 disposed:false
84 silly fetch manifest http-errors@^2.0.0
85 silly packumentCache full:https://registry.npmjs.org/http-errors cache-miss
86 http fetch GET 200 https://registry.npmjs.org/statuses 257ms (cache revalidated)
87 silly packumentCache full:https://registry.npmjs.org/statuses set size:37117 disposed:false
88 silly fetch manifest on-finished@^2.4.1
89 silly packumentCache full:https://registry.npmjs.org/on-finished cache-miss
90 http fetch GET 200 https://registry.npmjs.org/encodeurl 227ms (cache revalidated)
91 silly packumentCache full:https://registry.npmjs.org/encodeurl set size:12296 disposed:false
92 silly fetch manifest content-type@^1.0.5
93 silly packumentCache full:https://registry.npmjs.org/content-type cache-miss
94 http fetch GET 200 https://registry.npmjs.org/mime-types 230ms (cache revalidated)
95 silly packumentCache full:https://registry.npmjs.org/mime-types set size:139110 disposed:false
96 silly fetch manifest finalhandler@^2.1.0
97 silly packumentCache full:https://registry.npmjs.org/finalhandler cache-miss
98 http fetch GET 200 https://registry.npmjs.org/proxy-addr 215ms (cache revalidated)
99 silly packumentCache full:https://registry.npmjs.org/proxy-addr set size:61619 disposed:false
100 silly fetch manifest range-parser@^1.2.1
101 silly packumentCache full:https://registry.npmjs.org/range-parser cache-miss
102 http fetch GET 200 https://registry.npmjs.org/escape-html 219ms (cache revalidated)
103 silly packumentCache full:https://registry.npmjs.org/escape-html set size:7345 disposed:false
104 silly fetch manifest serve-static@^2.2.0
105 silly packumentCache full:https://registry.npmjs.org/serve-static cache-miss
106 http fetch GET 200 https://registry.npmjs.org/http-errors 232ms (cache revalidated)
107 silly packumentCache full:https://registry.npmjs.org/http-errors set size:71987 disposed:false
108 silly fetch manifest cookie-signature@^1.2.1
109 silly packumentCache full:https://registry.npmjs.org/cookie-signature cache-miss
110 http fetch GET 200 https://registry.npmjs.org/on-finished 234ms (cache revalidated)
111 silly packumentCache full:https://registry.npmjs.org/on-finished set size:23212 disposed:false
112 silly fetch manifest merge-descriptors@^2.0.0
113 silly packumentCache full:https://registry.npmjs.org/merge-descriptors cache-miss
114 http fetch GET 200 https://registry.npmjs.org/content-type 231ms (cache revalidated)
115 silly packumentCache full:https://registry.npmjs.org/content-type set size:18994 disposed:false
116 silly fetch manifest content-disposition@^1.0.0
117 silly packumentCache full:https://registry.npmjs.org/content-disposition cache-miss
118 http fetch GET 200 https://registry.npmjs.org/range-parser 201ms (cache revalidated)
119 silly packumentCache full:https://registry.npmjs.org/range-parser set size:24852 disposed:false
120 http fetch GET 200 https://registry.npmjs.org/finalhandler 233ms (cache revalidated)
121 silly packumentCache full:https://registry.npmjs.org/finalhandler set size:79291 disposed:false
122 http fetch GET 200 https://registry.npmjs.org/body-parser 362ms (cache revalidated)
123 silly packumentCache full:https://registry.npmjs.org/body-parser set size:204559 disposed:false
124 http fetch GET 200 https://registry.npmjs.org/serve-static 240ms (cache revalidated)
125 silly packumentCache full:https://registry.npmjs.org/serve-static set size:150391 disposed:false
126 http fetch GET 200 https://registry.npmjs.org/merge-descriptors 216ms (cache revalidated)
127 silly packumentCache full:https://registry.npmjs.org/merge-descriptors set size:16527 disposed:false
128 http fetch GET 200 https://registry.npmjs.org/cookie-signature 249ms (cache revalidated)
129 silly packumentCache full:https://registry.npmjs.org/cookie-signature set size:21777 disposed:false
130 http fetch GET 200 https://registry.npmjs.org/content-disposition 226ms (cache revalidated)
131 silly packumentCache full:https://registry.npmjs.org/content-disposition set size:42862 disposed:false
132 silly placeDep ROOT accepts@2.0.0 OK for: express@5.2.1 want: ^2.0.0
133 silly placeDep ROOT body-parser@2.3.0 OK for: express@5.2.1 want: ^2.2.1
134 silly placeDep ROOT content-disposition@1.1.0 OK for: express@5.2.1 want: ^1.0.0
135 silly placeDep ROOT content-type@1.0.5 OK for: express@5.2.1 want: ^1.0.5
136 silly placeDep ROOT cookie@0.7.2 OK for: express@5.2.1 want: ^0.7.1
137 silly placeDep ROOT cookie-signature@1.2.2 OK for: express@5.2.1 want: ^1.2.1
138 silly placeDep ROOT debug@4.4.3 OK for: express@5.2.1 want: ^4.4.0
139 silly placeDep ROOT depd@2.0.0 OK for: express@5.2.1 want: ^2.0.0
140 silly placeDep ROOT encodeurl@2.0.0 OK for: express@5.2.1 want: ^2.0.0
141 silly placeDep ROOT escape-html@1.0.3 OK for: express@5.2.1 want: ^1.0.3
142 silly placeDep ROOT etag@1.8.1 OK for: express@5.2.1 want: ^1.8.1
143 silly placeDep ROOT finalhandler@2.1.1 OK for: express@5.2.1 want: ^2.1.0
144 silly placeDep ROOT fresh@2.0.0 OK for: express@5.2.1 want: ^2.0.0
145 silly placeDep ROOT http-errors@2.0.1 OK for: express@5.2.1 want: ^2.0.0
146 silly placeDep ROOT merge-descriptors@2.0.0 OK for: express@5.2.1 want: ^2.0.0
147 silly placeDep ROOT mime-types@3.0.2 OK for: express@5.2.1 want: ^3.0.0
148 silly placeDep ROOT on-finished@2.4.1 OK for: express@5.2.1 want: ^2.4.1
149 silly placeDep ROOT once@1.4.0 OK for: express@5.2.1 want: ^1.4.0
150 silly placeDep ROOT parseurl@1.3.3 OK for: express@5.2.1 want: ^1.3.3
151 silly placeDep ROOT proxy-addr@2.0.7 OK for: express@5.2.1 want: ^2.0.7
152 silly placeDep ROOT qs@6.15.3 OK for: express@5.2.1 want: ^6.14.0
153 silly placeDep ROOT range-parser@1.3.0 OK for: express@5.2.1 want: ^1.2.1
154 silly placeDep ROOT router@2.2.0 OK for: express@5.2.1 want: ^2.2.0
155 silly placeDep ROOT send@1.2.1 OK for: express@5.2.1 want: ^1.1.0
156 silly placeDep ROOT serve-static@2.2.1 OK for: express@5.2.1 want: ^2.2.0
157 silly placeDep ROOT statuses@2.0.2 OK for: express@5.2.1 want: ^2.0.1
158 silly placeDep ROOT type-is@2.1.0 OK for: express@5.2.1 want: ^2.0.1
159 silly placeDep ROOT vary@1.1.2 OK for: express@5.2.1 want: ^1.1.2
160 silly fetch manifest negotiator@^1.0.0
161 silly packumentCache full:https://registry.npmjs.org/negotiator cache-miss
162 silly fetch manifest qs@^6.15.2
163 silly packumentCache full:https://registry.npmjs.org/qs cache-hit
164 silly fetch manifest bytes@^3.1.2
165 silly packumentCache full:https://registry.npmjs.org/bytes cache-miss
166 silly fetch manifest debug@^4.4.3
167 silly packumentCache full:https://registry.npmjs.org/debug cache-hit
168 silly fetch manifest type-is@^2.1.0
169 silly packumentCache full:https://registry.npmjs.org/type-is cache-hit
170 silly fetch manifest raw-body@^3.0.2
171 silly packumentCache full:https://registry.npmjs.org/raw-body cache-miss
172 silly fetch manifest iconv-lite@^0.7.2
173 silly packumentCache full:https://registry.npmjs.org/iconv-lite cache-miss
174 silly fetch manifest http-errors@^2.0.1
175 silly packumentCache full:https://registry.npmjs.org/http-errors cache-hit
176 silly fetch manifest content-type@^2.0.0
177 silly packumentCache full:https://registry.npmjs.org/content-type cache-hit
178 silly fetch manifest ms@^2.1.3
179 silly packumentCache full:https://registry.npmjs.org/ms cache-miss
180 silly fetch manifest inherits@~2.0.4
181 silly packumentCache full:https://registry.npmjs.org/inherits cache-miss
182 silly fetch manifest setprototypeof@~1.2.0
183 silly packumentCache full:https://registry.npmjs.org/setprototypeof cache-miss
184 http fetch GET 200 https://registry.npmjs.org/bytes 252ms (cache revalidated)
185 silly packumentCache full:https://registry.npmjs.org/bytes set size:37018 disposed:false
186 silly fetch manifest statuses@~2.0.2
187 silly packumentCache full:https://registry.npmjs.org/statuses cache-hit
188 silly fetch manifest toidentifier@~1.0.1
189 silly packumentCache full:https://registry.npmjs.org/toidentifier cache-miss
190 http fetch GET 200 https://registry.npmjs.org/raw-body 255ms (cache revalidated)
191 silly packumentCache full:https://registry.npmjs.org/raw-body set size:120042 disposed:false
192 silly fetch manifest mime-db@^1.54.0
193 silly packumentCache full:https://registry.npmjs.org/mime-db cache-miss
194 http fetch GET 200 https://registry.npmjs.org/ms 265ms (cache revalidated)
195 silly packumentCache full:https://registry.npmjs.org/ms set size:92208 disposed:false
196 silly fetch manifest ee-first@1.1.1
197 silly packumentCache full:https://registry.npmjs.org/ee-first cache-miss
198 http fetch GET 200 https://registry.npmjs.org/negotiator 298ms (cache revalidated)
199 silly packumentCache full:https://registry.npmjs.org/negotiator set size:48046 disposed:false
200 silly fetch manifest wrappy@1
201 silly packumentCache full:https://registry.npmjs.org/wrappy cache-miss
202 http fetch GET 200 https://registry.npmjs.org/setprototypeof 286ms (cache revalidated)
203 silly packumentCache full:https://registry.npmjs.org/setprototypeof set size:14532 disposed:false
204 silly fetch manifest forwarded@0.2.0
205 silly packumentCache full:https://registry.npmjs.org/forwarded cache-miss
206 http fetch GET 200 https://registry.npmjs.org/inherits 295ms (cache revalidated)
207 silly packumentCache full:https://registry.npmjs.org/inherits set size:12925 disposed:false
208 silly fetch manifest ipaddr.js@1.9.1
209 silly packumentCache full:https://registry.npmjs.org/ipaddr.js cache-miss
210 http fetch GET 200 https://registry.npmjs.org/iconv-lite 312ms (cache revalidated)
211 silly packumentCache full:https://registry.npmjs.org/iconv-lite set size:126462 disposed:false
212 silly fetch manifest side-channel@^1.1.1
213 silly packumentCache full:https://registry.npmjs.org/side-channel cache-miss
214 http fetch GET 200 https://registry.npmjs.org/toidentifier 279ms (cache revalidated)
215 silly packumentCache full:https://registry.npmjs.org/toidentifier set size:12006 disposed:false
216 silly fetch manifest es-define-property@^1.0.1
217 silly packumentCache full:https://registry.npmjs.org/es-define-property cache-miss
218 http fetch GET 200 https://registry.npmjs.org/wrappy 248ms (cache revalidated)
219 silly packumentCache full:https://registry.npmjs.org/wrappy set size:7682 disposed:false
220 silly fetch manifest is-promise@^4.0.0
221 silly packumentCache full:https://registry.npmjs.org/is-promise cache-miss
222 http fetch GET 200 https://registry.npmjs.org/mime-db 278ms (cache revalidated)
223 silly packumentCache full:https://registry.npmjs.org/mime-db set size:164953 disposed:false
224 silly fetch manifest path-to-regexp@^8.0.0
225 silly packumentCache full:https://registry.npmjs.org/path-to-regexp cache-miss
226 http fetch GET 200 https://registry.npmjs.org/side-channel 247ms (cache revalidated)
227 silly packumentCache full:https://registry.npmjs.org/side-channel set size:27650 disposed:false
228 silly fetch manifest statuses@^2.0.2
229 silly packumentCache full:https://registry.npmjs.org/statuses cache-hit
230 silly fetch manifest media-typer@^1.1.0
231 silly packumentCache full:https://registry.npmjs.org/media-typer cache-miss
232 http fetch GET 200 https://registry.npmjs.org/ee-first 297ms (cache revalidated)
233 silly packumentCache full:https://registry.npmjs.org/ee-first set size:15327 disposed:false
234 http fetch GET 200 https://registry.npmjs.org/forwarded 277ms (cache revalidated)
235 silly packumentCache full:https://registry.npmjs.org/forwarded set size:11229 disposed:false
236 http fetch GET 200 https://registry.npmjs.org/ipaddr.js 274ms (cache revalidated)
237 silly packumentCache full:https://registry.npmjs.org/ipaddr.js set size:69549 disposed:false
238 http fetch GET 200 https://registry.npmjs.org/is-promise 263ms (cache revalidated)
239 silly packumentCache full:https://registry.npmjs.org/is-promise set size:18599 disposed:false
240 http fetch GET 200 https://registry.npmjs.org/path-to-regexp 255ms (cache revalidated)
241 silly packumentCache full:https://registry.npmjs.org/path-to-regexp set size:216334 disposed:false
242 http fetch GET 200 https://registry.npmjs.org/es-define-property 287ms (cache revalidated)
243 silly packumentCache full:https://registry.npmjs.org/es-define-property set size:8542 disposed:false
244 http fetch GET 200 https://registry.npmjs.org/media-typer 248ms (cache revalidated)
245 silly packumentCache full:https://registry.npmjs.org/media-typer set size:22074 disposed:false
246 silly placeDep ROOT negotiator@1.0.0 OK for: accepts@2.0.0 want: ^1.0.0
247 silly placeDep ROOT bytes@3.1.2 OK for: body-parser@2.3.0 want: ^3.1.2
248 silly placeDep node_modules/body-parser content-type@2.0.0 OK for: body-parser@2.3.0 want: ^2.0.0
249 silly placeDep ROOT iconv-lite@0.7.3 OK for: body-parser@2.3.0 want: ^0.7.2
250 silly placeDep ROOT raw-body@3.0.2 OK for: body-parser@2.3.0 want: ^3.0.2
251 silly fetch manifest safer-buffer@>= 2.1.2 < 3.0.0
252 silly packumentCache full:https://registry.npmjs.org/safer-buffer cache-miss
253 silly fetch manifest unpipe@~1.0.0
254 silly packumentCache full:https://registry.npmjs.org/unpipe cache-miss
255 http fetch GET 200 https://registry.npmjs.org/unpipe 210ms (cache revalidated)
256 silly packumentCache full:https://registry.npmjs.org/unpipe set size:3609 disposed:false
257 http fetch GET 200 https://registry.npmjs.org/safer-buffer 216ms (cache revalidated)
258 silly packumentCache full:https://registry.npmjs.org/safer-buffer set size:18521 disposed:false
259 silly placeDep ROOT ms@2.1.3 OK for: debug@4.4.3 want: ^2.1.3
260 silly placeDep ROOT inherits@2.0.4 OK for: http-errors@2.0.1 want: ~2.0.4
261 silly placeDep ROOT setprototypeof@1.2.0 OK for: http-errors@2.0.1 want: ~1.2.0
262 silly placeDep ROOT toidentifier@1.0.1 OK for: http-errors@2.0.1 want: ~1.0.1
263 silly placeDep ROOT safer-buffer@2.1.2 OK for: iconv-lite@0.7.3 want: >= 2.1.2 < 3.0.0
264 silly placeDep ROOT mime-db@1.54.0 OK for: mime-types@3.0.2 want: ^1.54.0
265 silly placeDep ROOT ee-first@1.1.1 OK for: on-finished@2.4.1 want: 1.1.1
266 silly placeDep ROOT wrappy@1.0.2 OK for: once@1.4.0 want: 1
267 silly placeDep ROOT forwarded@0.2.0 OK for: proxy-addr@2.0.7 want: 0.2.0
268 silly placeDep ROOT ipaddr.js@1.9.1 OK for: proxy-addr@2.0.7 want: 1.9.1
269 silly placeDep ROOT es-define-property@1.0.1 OK for: qs@6.15.3 want: ^1.0.1
270 silly placeDep ROOT side-channel@1.1.1 OK for: qs@6.15.3 want: ^1.1.1
271 silly fetch manifest es-errors@^1.3.0
272 silly packumentCache full:https://registry.npmjs.org/es-errors cache-miss
273 silly fetch manifest object-inspect@^1.13.4
274 silly packumentCache full:https://registry.npmjs.org/object-inspect cache-miss
275 silly fetch manifest side-channel-list@^1.0.1
276 silly packumentCache full:https://registry.npmjs.org/side-channel-list cache-miss
277 silly fetch manifest side-channel-map@^1.0.1
278 silly packumentCache full:https://registry.npmjs.org/side-channel-map cache-miss
279 silly fetch manifest side-channel-weakmap@^1.0.2
280 silly packumentCache full:https://registry.npmjs.org/side-channel-weakmap cache-miss
281 http fetch GET 200 https://registry.npmjs.org/side-channel-map 207ms (cache revalidated)
282 silly packumentCache full:https://registry.npmjs.org/side-channel-map set size:9126 disposed:false
283 http fetch GET 200 https://registry.npmjs.org/es-errors 220ms (cache revalidated)
284 silly packumentCache full:https://registry.npmjs.org/es-errors set size:16918 disposed:false
285 http fetch GET 200 https://registry.npmjs.org/object-inspect 223ms (cache revalidated)
286 silly packumentCache full:https://registry.npmjs.org/object-inspect set size:101927 disposed:false
287 http fetch GET 200 https://registry.npmjs.org/side-channel-list 234ms (cache revalidated)
288 silly packumentCache full:https://registry.npmjs.org/side-channel-list set size:9021 disposed:false
289 http fetch GET 200 https://registry.npmjs.org/side-channel-weakmap 234ms (cache revalidated)
290 silly packumentCache full:https://registry.npmjs.org/side-channel-weakmap set size:12620 disposed:false
291 silly placeDep ROOT unpipe@1.0.0 OK for: raw-body@3.0.2 want: ~1.0.0
292 silly placeDep ROOT is-promise@4.0.0 OK for: router@2.2.0 want: ^4.0.0
293 silly placeDep ROOT path-to-regexp@8.4.2 OK for: router@2.2.0 want: ^8.0.0
294 silly placeDep ROOT es-errors@1.3.0 OK for: side-channel@1.1.1 want: ^1.3.0
295 silly placeDep ROOT object-inspect@1.13.4 OK for: side-channel@1.1.1 want: ^1.13.4
296 silly placeDep ROOT side-channel-list@1.0.1 OK for: side-channel@1.1.1 want: ^1.0.1
297 silly placeDep ROOT side-channel-map@1.0.1 OK for: side-channel@1.1.1 want: ^1.0.1
298 silly placeDep ROOT side-channel-weakmap@1.0.2 OK for: side-channel@1.1.1 want: ^1.0.2
299 silly fetch manifest call-bound@^1.0.2
300 silly packumentCache full:https://registry.npmjs.org/call-bound cache-miss
301 silly fetch manifest get-intrinsic@^1.2.5
302 silly packumentCache full:https://registry.npmjs.org/get-intrinsic cache-miss
303 silly fetch manifest call-bound@^1.0.2
304 silly packumentCache full:https://registry.npmjs.org/call-bound cache-miss
305 silly fetch manifest get-intrinsic@^1.2.5
306 silly packumentCache full:https://registry.npmjs.org/get-intrinsic cache-miss
307 http fetch GET 200 https://registry.npmjs.org/call-bound 207ms (cache revalidated)
308 silly packumentCache full:https://registry.npmjs.org/call-bound set size:15317 disposed:false
309 http fetch GET 200 https://registry.npmjs.org/get-intrinsic 214ms (cache revalidated)
310 silly packumentCache full:https://registry.npmjs.org/get-intrinsic set size:60985 disposed:false
311 http fetch GET 200 https://registry.npmjs.org/get-intrinsic 218ms (cache revalidated)
312 silly packumentCache full:https://registry.npmjs.org/get-intrinsic set size:60985 disposed:false
313 silly packumentCache full:https://registry.npmjs.org/get-intrinsic dispose
314 http fetch GET 200 https://registry.npmjs.org/call-bound 241ms (cache revalidated)
315 silly packumentCache full:https://registry.npmjs.org/call-bound set size:15317 disposed:false
316 silly packumentCache full:https://registry.npmjs.org/call-bound dispose
317 silly placeDep ROOT call-bound@1.0.4 OK for: side-channel-map@1.0.1 want: ^1.0.2
318 silly placeDep ROOT get-intrinsic@1.3.0 OK for: side-channel-map@1.0.1 want: ^1.2.5
319 silly fetch manifest call-bind-apply-helpers@^1.0.2
320 silly packumentCache full:https://registry.npmjs.org/call-bind-apply-helpers cache-miss
321 silly fetch manifest get-intrinsic@^1.3.0
322 silly packumentCache full:https://registry.npmjs.org/get-intrinsic cache-hit
323 silly fetch manifest gopd@^1.2.0
324 silly packumentCache full:https://registry.npmjs.org/gopd cache-miss
325 silly fetch manifest hasown@^2.0.2
326 silly packumentCache full:https://registry.npmjs.org/hasown cache-miss
327 silly fetch manifest get-proto@^1.0.1
328 silly packumentCache full:https://registry.npmjs.org/get-proto cache-miss
329 silly fetch manifest has-symbols@^1.1.0
330 silly packumentCache full:https://registry.npmjs.org/has-symbols cache-miss
331 silly fetch manifest function-bind@^1.1.2
332 silly packumentCache full:https://registry.npmjs.org/function-bind cache-miss
333 silly fetch manifest es-object-atoms@^1.1.1
334 silly packumentCache full:https://registry.npmjs.org/es-object-atoms cache-miss
335 http fetch GET 200 https://registry.npmjs.org/gopd 214ms (cache revalidated)
336 silly packumentCache full:https://registry.npmjs.org/gopd set size:11483 disposed:false
337 silly fetch manifest math-intrinsics@^1.1.0
338 silly packumentCache full:https://registry.npmjs.org/math-intrinsics cache-miss
339 http fetch GET 200 https://registry.npmjs.org/get-proto 221ms (cache revalidated)
340 silly packumentCache full:https://registry.npmjs.org/get-proto set size:8300 disposed:false
341 silly fetch manifest call-bind-apply-helpers@^1.0.2
342 silly packumentCache full:https://registry.npmjs.org/call-bind-apply-helpers cache-miss
343 http fetch GET 200 https://registry.npmjs.org/hasown 234ms (cache revalidated)
344 silly packumentCache full:https://registry.npmjs.org/hasown set size:18361 disposed:false
345 http fetch GET 200 https://registry.npmjs.org/function-bind 241ms (cache revalidated)
346 silly packumentCache full:https://registry.npmjs.org/function-bind set size:15733 disposed:false
347 http fetch GET 200 https://registry.npmjs.org/has-symbols 246ms (cache revalidated)
348 silly packumentCache full:https://registry.npmjs.org/has-symbols set size:21550 disposed:false
349 http fetch GET 200 https://registry.npmjs.org/es-object-atoms 244ms (cache revalidated)
350 silly packumentCache full:https://registry.npmjs.org/es-object-atoms set size:18278 disposed:false
351 http fetch GET 200 https://registry.npmjs.org/call-bind-apply-helpers 260ms (cache revalidated)
352 silly packumentCache full:https://registry.npmjs.org/call-bind-apply-helpers set size:12744 disposed:false
353 http fetch GET 200 https://registry.npmjs.org/call-bind-apply-helpers 230ms (cache revalidated)
354 silly packumentCache full:https://registry.npmjs.org/call-bind-apply-helpers set size:12744 disposed:false
355 silly packumentCache full:https://registry.npmjs.org/call-bind-apply-helpers dispose
356 http fetch GET 200 https://registry.npmjs.org/math-intrinsics 247ms (cache revalidated)
357 silly packumentCache full:https://registry.npmjs.org/math-intrinsics set size:9265 disposed:false
358 silly placeDep ROOT call-bind-apply-helpers@1.0.2 OK for: call-bound@1.0.4 want: ^1.0.2
359 silly placeDep ROOT function-bind@1.1.2 OK for: call-bind-apply-helpers@1.0.2 want: ^1.1.2
360 silly placeDep ROOT es-object-atoms@1.1.2 OK for: get-intrinsic@1.3.0 want: ^1.1.1
361 silly placeDep ROOT get-proto@1.0.1 OK for: get-intrinsic@1.3.0 want: ^1.0.1
362 silly placeDep ROOT gopd@1.2.0 OK for: get-intrinsic@1.3.0 want: ^1.2.0
363 silly placeDep ROOT has-symbols@1.1.0 OK for: get-intrinsic@1.3.0 want: ^1.1.0
364 silly placeDep ROOT hasown@2.0.4 OK for: get-intrinsic@1.3.0 want: ^2.0.2
365 silly placeDep ROOT math-intrinsics@1.1.0 OK for: get-intrinsic@1.3.0 want: ^1.1.0
366 silly fetch manifest dunder-proto@^1.0.1
367 silly packumentCache full:https://registry.npmjs.org/dunder-proto cache-miss
368 http fetch GET 200 https://registry.npmjs.org/dunder-proto 211ms (cache revalidated)
369 silly packumentCache full:https://registry.npmjs.org/dunder-proto set size:8256 disposed:false
370 silly placeDep ROOT dunder-proto@1.0.1 OK for: get-proto@1.0.1 want: ^1.0.1
371 silly placeDep node_modules/type-is content-type@2.0.0 OK for: type-is@2.1.0 want: ^2.0.0
372 silly placeDep ROOT media-typer@1.1.1 OK for: type-is@2.1.0 want: ^1.1.0
373 silly reify moves {}
374 http cache media-typer@https://registry.npmjs.org/media-typer/-/media-typer-1.1.1.tgz 0ms (cache hit)
375 http cache math-intrinsics@https://registry.npmjs.org/math-intrinsics/-/math-intrinsics-1.1.0.tgz 0ms (cache hit)
376 http cache hasown@https://registry.npmjs.org/hasown/-/hasown-2.0.4.tgz 0ms (cache hit)
377 http cache has-symbols@https://registry.npmjs.org/has-symbols/-/has-symbols-1.1.0.tgz 0ms (cache hit)
378 http cache gopd@https://registry.npmjs.org/gopd/-/gopd-1.2.0.tgz 0ms (cache hit)
379 http cache get-proto@https://registry.npmjs.org/get-proto/-/get-proto-1.0.1.tgz 0ms (cache hit)
380 http cache es-object-atoms@https://registry.npmjs.org/es-object-atoms/-/es-object-atoms-1.1.2.tgz 0ms (cache hit)
381 http cache function-bind@https://registry.npmjs.org/function-bind/-/function-bind-1.1.2.tgz 0ms (cache hit)
382 http cache call-bind-apply-helpers@https://registry.npmjs.org/call-bind-apply-helpers/-/call-bind-apply-helpers-1.0.2.tgz 0ms (cache hit)
383 http cache get-intrinsic@https://registry.npmjs.org/get-intrinsic/-/get-intrinsic-1.3.0.tgz 0ms (cache hit)
384 http cache call-bound@https://registry.npmjs.org/call-bound/-/call-bound-1.0.4.tgz 1ms (cache hit)
385 http cache side-channel-weakmap@https://registry.npmjs.org/side-channel-weakmap/-/side-channel-weakmap-1.0.2.tgz 1ms (cache hit)
386 http cache side-channel-map@https://registry.npmjs.org/side-channel-map/-/side-channel-map-1.0.1.tgz 0ms (cache hit)
387 http cache side-channel-list@https://registry.npmjs.org/side-channel-list/-/side-channel-list-1.0.1.tgz 0ms (cache hit)
388 http cache object-inspect@https://registry.npmjs.org/object-inspect/-/object-inspect-1.13.4.tgz 0ms (cache hit)
389 http cache es-errors@https://registry.npmjs.org/es-errors/-/es-errors-1.3.0.tgz 0ms (cache hit)
390 http cache path-to-regexp@https://registry.npmjs.org/path-to-regexp/-/path-to-regexp-8.4.2.tgz 0ms (cache hit)
391 http cache is-promise@https://registry.npmjs.org/is-promise/-/is-promise-4.0.0.tgz 0ms (cache hit)
392 http cache side-channel@https://registry.npmjs.org/side-channel/-/side-channel-1.1.1.tgz 0ms (cache hit)
393 http cache unpipe@https://registry.npmjs.org/unpipe/-/unpipe-1.0.0.tgz 0ms (cache hit)
394 http cache es-define-property@https://registry.npmjs.org/es-define-property/-/es-define-property-1.0.1.tgz 0ms (cache hit)
395 http cache ipaddr.js@https://registry.npmjs.org/ipaddr.js/-/ipaddr.js-1.9.1.tgz 0ms (cache hit)
396 http cache forwarded@https://registry.npmjs.org/forwarded/-/forwarded-0.2.0.tgz 0ms (cache hit)
397 http cache wrappy@https://registry.npmjs.org/wrappy/-/wrappy-1.0.2.tgz 0ms (cache hit)
398 http cache ee-first@https://registry.npmjs.org/ee-first/-/ee-first-1.1.1.tgz 0ms (cache hit)
399 http cache mime-db@https://registry.npmjs.org/mime-db/-/mime-db-1.54.0.tgz 0ms (cache hit)
400 http cache safer-buffer@https://registry.npmjs.org/safer-buffer/-/safer-buffer-2.1.2.tgz 0ms (cache hit)
401 http cache toidentifier@https://registry.npmjs.org/toidentifier/-/toidentifier-1.0.1.tgz 0ms (cache hit)
402 http cache setprototypeof@https://registry.npmjs.org/setprototypeof/-/setprototypeof-1.2.0.tgz 0ms (cache hit)
403 http cache inherits@https://registry.npmjs.org/inherits/-/inherits-2.0.4.tgz 0ms (cache hit)
404 http cache ms@https://registry.npmjs.org/ms/-/ms-2.1.3.tgz 0ms (cache hit)
405 http cache raw-body@https://registry.npmjs.org/raw-body/-/raw-body-3.0.2.tgz 0ms (cache hit)
406 http cache iconv-lite@https://registry.npmjs.org/iconv-lite/-/iconv-lite-0.7.3.tgz 0ms (cache hit)
407 http cache bytes@https://registry.npmjs.org/bytes/-/bytes-3.1.2.tgz 0ms (cache hit)
408 http cache negotiator@https://registry.npmjs.org/negotiator/-/negotiator-1.0.0.tgz 0ms (cache hit)
409 http cache vary@https://registry.npmjs.org/vary/-/vary-1.1.2.tgz 0ms (cache hit)
410 http cache type-is@https://registry.npmjs.org/type-is/-/type-is-2.1.0.tgz 0ms (cache hit)
411 http cache statuses@https://registry.npmjs.org/statuses/-/statuses-2.0.2.tgz 0ms (cache hit)
412 http cache serve-static@https://registry.npmjs.org/serve-static/-/serve-static-2.2.1.tgz 0ms (cache hit)
413 http cache send@https://registry.npmjs.org/send/-/send-1.2.1.tgz 0ms (cache hit)
414 http cache router@https://registry.npmjs.org/router/-/router-2.2.0.tgz 0ms (cache hit)
415 http cache range-parser@https://registry.npmjs.org/range-parser/-/range-parser-1.3.0.tgz 1ms (cache hit)
416 http cache qs@https://registry.npmjs.org/qs/-/qs-6.15.3.tgz 0ms (cache hit)
417 http cache proxy-addr@https://registry.npmjs.org/proxy-addr/-/proxy-addr-2.0.7.tgz 0ms (cache hit)
418 http cache parseurl@https://registry.npmjs.org/parseurl/-/parseurl-1.3.3.tgz 0ms (cache hit)
419 http cache once@https://registry.npmjs.org/once/-/once-1.4.0.tgz 0ms (cache hit)
420 http cache on-finished@https://registry.npmjs.org/on-finished/-/on-finished-2.4.1.tgz 0ms (cache hit)
421 http cache mime-types@https://registry.npmjs.org/mime-types/-/mime-types-3.0.2.tgz 0ms (cache hit)
422 http cache merge-descriptors@https://registry.npmjs.org/merge-descriptors/-/merge-descriptors-2.0.0.tgz 0ms (cache hit)
423 http cache http-errors@https://registry.npmjs.org/http-errors/-/http-errors-2.0.1.tgz 0ms (cache hit)
424 http cache fresh@https://registry.npmjs.org/fresh/-/fresh-2.0.0.tgz 0ms (cache hit)
425 http cache finalhandler@https://registry.npmjs.org/finalhandler/-/finalhandler-2.1.1.tgz 0ms (cache hit)
426 http cache etag@https://registry.npmjs.org/etag/-/etag-1.8.1.tgz 0ms (cache hit)
427 http cache escape-html@https://registry.npmjs.org/escape-html/-/escape-html-1.0.3.tgz 0ms (cache hit)
428 http cache encodeurl@https://registry.npmjs.org/encodeurl/-/encodeurl-2.0.0.tgz 0ms (cache hit)
429 http cache depd@https://registry.npmjs.org/depd/-/depd-2.0.0.tgz 0ms (cache hit)
430 http cache debug@https://registry.npmjs.org/debug/-/debug-4.4.3.tgz 0ms (cache hit)
431 http cache cookie-signature@https://registry.npmjs.org/cookie-signature/-/cookie-signature-1.2.2.tgz 0ms (cache hit)
432 http cache cookie@https://registry.npmjs.org/cookie/-/cookie-0.7.2.tgz 0ms (cache hit)
433 http cache content-type@https://registry.npmjs.org/content-type/-/content-type-1.0.5.tgz 0ms (cache hit)
434 http cache content-disposition@https://registry.npmjs.org/content-disposition/-/content-disposition-1.1.0.tgz 0ms (cache hit)
435 http cache body-parser@https://registry.npmjs.org/body-parser/-/body-parser-2.3.0.tgz 0ms (cache hit)
436 http cache accepts@https://registry.npmjs.org/accepts/-/accepts-2.0.0.tgz 0ms (cache hit)
437 http cache express@https://registry.npmjs.org/express/-/express-5.2.1.tgz 0ms (cache hit)
438 http cache content-type@https://registry.npmjs.org/content-type/-/content-type-2.0.0.tgz 0ms (cache hit)
439 http cache content-type@https://registry.npmjs.org/content-type/-/content-type-2.0.0.tgz 0ms (cache hit)
440 http cache dunder-proto@https://registry.npmjs.org/dunder-proto/-/dunder-proto-1.0.1.tgz 0ms (cache hit)
441 silly ADD node_modules/media-typer
442 silly ADD node_modules/dunder-proto
443 silly ADD node_modules/math-intrinsics
444 silly ADD node_modules/hasown
445 silly ADD node_modules/has-symbols
446 silly ADD node_modules/gopd
447 silly ADD node_modules/get-proto
448 silly ADD node_modules/es-object-atoms
449 silly ADD node_modules/function-bind
450 silly ADD node_modules/call-bind-apply-helpers
451 silly ADD node_modules/get-intrinsic
452 silly ADD node_modules/call-bound
453 silly ADD node_modules/side-channel-weakmap
454 silly ADD node_modules/side-channel-map
455 silly ADD node_modules/side-channel-list
456 silly ADD node_modules/object-inspect
457 silly ADD node_modules/es-errors
458 silly ADD node_modules/path-to-regexp
459 silly ADD node_modules/is-promise
460 silly ADD node_modules/unpipe
461 silly ADD node_modules/side-channel
462 silly ADD node_modules/es-define-property
463 silly ADD node_modules/ipaddr.js
464 silly ADD node_modules/forwarded
465 silly ADD node_modules/wrappy
466 silly ADD node_modules/ee-first
467 silly ADD node_modules/mime-db
468 silly ADD node_modules/safer-buffer
469 silly ADD node_modules/toidentifier
470 silly ADD node_modules/setprototypeof
471 silly ADD node_modules/inherits
472 silly ADD node_modules/ms
473 silly ADD node_modules/raw-body
474 silly ADD node_modules/iconv-lite
475 silly ADD node_modules/bytes
476 silly ADD node_modules/negotiator
477 silly ADD node_modules/vary
478 silly ADD node_modules/type-is
479 silly ADD node_modules/type-is/node_modules/content-type
480 silly ADD node_modules/statuses
481 silly ADD node_modules/serve-static
482 silly ADD node_modules/send
483 silly ADD node_modules/router
484 silly ADD node_modules/range-parser
485 silly ADD node_modules/qs
486 silly ADD node_modules/proxy-addr
487 silly ADD node_modules/parseurl
488 silly ADD node_modules/once
489 silly ADD node_modules/on-finished
490 silly ADD node_modules/mime-types
491 silly ADD node_modules/merge-descriptors
492 silly ADD node_modules/http-errors
493 silly ADD node_modules/fresh
494 silly ADD node_modules/finalhandler
495 silly ADD node_modules/etag
496 silly ADD node_modules/escape-html
497 silly ADD node_modules/encodeurl
498 silly ADD node_modules/depd
499 silly ADD node_modules/debug
500 silly ADD node_modules/cookie-signature
501 silly ADD node_modules/cookie
502 silly ADD node_modules/content-type
503 silly ADD node_modules/content-disposition
504 silly ADD node_modules/body-parser
505 silly ADD node_modules/body-parser/node_modules/content-type
506 silly ADD node_modules/accepts
507 silly ADD node_modules/express
508 verbose cwd /data/data/com.termux/files/home
509 verbose os Linux 6.12.38-android16-5-abA075FXXS6CZF6-4k
510 verbose node v26.4.0
511 verbose npm  v11.18.0
512 verbose exit 0
513 info ok
