0 verbose cli /data/data/com.termux/files/usr/bin/node /data/data/com.termux/files/usr/bin/npm
1 info using npm@11.18.0
2 info using node@v26.4.0
3 silly config load:file:/data/data/com.termux/files/usr/lib/node_modules/npm/npmrc
4 silly config load:file:/data/data/com.termux/files/home/.npmrc
5 silly config load:file:/data/data/com.termux/files/usr/etc/npmrc
6 verbose title npm install express sqlite3
7 verbose argv "install" "express" "sqlite3"
8 verbose logfile logs-max:10 dir:/data/data/com.termux/files/home/.npm/_logs/2026-07-26T03_32_05_761Z-
9 verbose logfile /data/data/com.termux/files/home/.npm/_logs/2026-07-26T03_32_05_761Z-debug-0.log
10 silly logfile start cleaning logs, removing 1 files
11 silly allow-scripts no package.json at prefix Could not read package.json: Error: ENOENT: no such file or directory, open '/data/data/com.termux/files/home/package.json'
12 silly packumentCache heap:1047527424 maxSize:261881856 maxEntrySize:130940928
13 silly logfile done cleaning log files
14 silly idealTree buildDeps
15 silly fetch manifest express@*
16 silly packumentCache full:https://registry.npmjs.org/express cache-miss
17 http cache https://registry.npmjs.org/express 78ms (cache hit)
18 silly packumentCache full:https://registry.npmjs.org/express set size:804956 disposed:false
19 silly fetch manifest sqlite3@*
20 silly packumentCache full:https://registry.npmjs.org/sqlite3 cache-miss
21 http fetch GET 200 https://registry.npmjs.org/sqlite3 1054ms (cache miss)
22 silly packumentCache full:https://registry.npmjs.org/sqlite3 set size:undefined disposed:false
23 silly placeDep ROOT express@5.2.1 OK for:  want: *
24 silly placeDep ROOT sqlite3@6.0.1 OK for:  want: *
25 silly fetch manifest qs@^6.14.0
26 silly packumentCache full:https://registry.npmjs.org/qs cache-miss
27 silly fetch manifest depd@^2.0.0
28 silly packumentCache full:https://registry.npmjs.org/depd cache-miss
29 silly fetch manifest etag@^1.8.1
30 silly packumentCache full:https://registry.npmjs.org/etag cache-miss
31 silly fetch manifest once@^1.4.0
32 silly packumentCache full:https://registry.npmjs.org/once cache-miss
33 silly fetch manifest send@^1.1.0
34 silly packumentCache full:https://registry.npmjs.org/send cache-miss
35 silly fetch manifest vary@^1.1.2
36 silly packumentCache full:https://registry.npmjs.org/vary cache-miss
37 silly fetch manifest debug@^4.4.0
38 silly packumentCache full:https://registry.npmjs.org/debug cache-miss
39 http cache https://registry.npmjs.org/depd 44ms (cache hit)
40 silly packumentCache full:https://registry.npmjs.org/depd set size:40182 disposed:false
41 silly fetch manifest fresh@^2.0.0
42 silly packumentCache full:https://registry.npmjs.org/fresh cache-miss
43 http cache https://registry.npmjs.org/once 52ms (cache hit)
44 silly packumentCache full:https://registry.npmjs.org/once set size:11752 disposed:false
45 silly fetch manifest cookie@^0.7.1
46 silly packumentCache full:https://registry.npmjs.org/cookie cache-miss
47 http cache https://registry.npmjs.org/etag 61ms (cache hit)
48 silly packumentCache full:https://registry.npmjs.org/etag set size:30032 disposed:false
49 silly fetch manifest router@^2.2.0
50 silly packumentCache full:https://registry.npmjs.org/router cache-miss
51 http cache https://registry.npmjs.org/qs 74ms (cache hit)
52 silly packumentCache full:https://registry.npmjs.org/qs set size:360318 disposed:false
53 silly fetch manifest accepts@^2.0.0
54 silly packumentCache full:https://registry.npmjs.org/accepts cache-miss
55 http cache https://registry.npmjs.org/send 91ms (cache hit)
56 silly packumentCache full:https://registry.npmjs.org/send set size:152810 disposed:false
57 silly fetch manifest type-is@^2.0.1
58 silly packumentCache full:https://registry.npmjs.org/type-is cache-miss
59 http cache https://registry.npmjs.org/vary 130ms (cache hit)
60 silly packumentCache full:https://registry.npmjs.org/vary set size:15994 disposed:false
61 silly fetch manifest parseurl@^1.3.3
62 silly packumentCache full:https://registry.npmjs.org/parseurl cache-miss
63 http cache https://registry.npmjs.org/debug 137ms (cache hit)
64 silly packumentCache full:https://registry.npmjs.org/debug set size:195840 disposed:false
65 silly fetch manifest statuses@^2.0.1
66 silly packumentCache full:https://registry.npmjs.org/statuses cache-miss
67 http cache https://registry.npmjs.org/accepts 83ms (cache hit)
68 silly packumentCache full:https://registry.npmjs.org/accepts set size:77054 disposed:false
69 silly fetch manifest encodeurl@^2.0.0
70 silly packumentCache full:https://registry.npmjs.org/encodeurl cache-miss
71 http cache https://registry.npmjs.org/fresh 137ms (cache hit)
72 silly packumentCache full:https://registry.npmjs.org/fresh set size:25427 disposed:false
73 silly fetch manifest mime-types@^3.0.0
74 silly packumentCache full:https://registry.npmjs.org/mime-types cache-miss
75 http cache https://registry.npmjs.org/router 125ms (cache hit)
76 silly packumentCache full:https://registry.npmjs.org/router set size:116499 disposed:false
77 silly fetch manifest proxy-addr@^2.0.7
78 silly packumentCache full:https://registry.npmjs.org/proxy-addr cache-miss
79 http cache https://registry.npmjs.org/cookie 145ms (cache hit)
80 silly packumentCache full:https://registry.npmjs.org/cookie set size:78274 disposed:false
81 silly fetch manifest body-parser@^2.2.1
82 silly packumentCache full:https://registry.npmjs.org/body-parser cache-miss
83 http cache https://registry.npmjs.org/type-is 107ms (cache hit)
84 silly packumentCache full:https://registry.npmjs.org/type-is set size:88614 disposed:false
85 silly fetch manifest escape-html@^1.0.3
86 silly packumentCache full:https://registry.npmjs.org/escape-html cache-miss
87 http cache https://registry.npmjs.org/parseurl 91ms (cache hit)
88 silly packumentCache full:https://registry.npmjs.org/parseurl set size:24148 disposed:false
89 silly fetch manifest http-errors@^2.0.0
90 silly packumentCache full:https://registry.npmjs.org/http-errors cache-miss
91 http cache https://registry.npmjs.org/statuses 82ms (cache hit)
92 silly packumentCache full:https://registry.npmjs.org/statuses set size:37117 disposed:false
93 silly fetch manifest on-finished@^2.4.1
94 silly packumentCache full:https://registry.npmjs.org/on-finished cache-miss
95 http cache https://registry.npmjs.org/encodeurl 76ms (cache hit)
96 silly packumentCache full:https://registry.npmjs.org/encodeurl set size:12296 disposed:false
97 silly fetch manifest content-type@^1.0.5
98 silly packumentCache full:https://registry.npmjs.org/content-type cache-miss
99 http cache https://registry.npmjs.org/mime-types 75ms (cache hit)
100 silly packumentCache full:https://registry.npmjs.org/mime-types set size:139110 disposed:false
101 silly fetch manifest finalhandler@^2.1.0
102 silly packumentCache full:https://registry.npmjs.org/finalhandler cache-miss
103 http cache https://registry.npmjs.org/proxy-addr 75ms (cache hit)
104 silly packumentCache full:https://registry.npmjs.org/proxy-addr set size:61619 disposed:false
105 silly fetch manifest range-parser@^1.2.1
106 silly packumentCache full:https://registry.npmjs.org/range-parser cache-miss
107 http cache https://registry.npmjs.org/escape-html 61ms (cache hit)
108 silly packumentCache full:https://registry.npmjs.org/escape-html set size:7345 disposed:false
109 silly fetch manifest serve-static@^2.2.0
110 silly packumentCache full:https://registry.npmjs.org/serve-static cache-miss
111 http cache https://registry.npmjs.org/body-parser 76ms (cache hit)
112 silly packumentCache full:https://registry.npmjs.org/body-parser set size:204559 disposed:false
113 silly fetch manifest cookie-signature@^1.2.1
114 silly packumentCache full:https://registry.npmjs.org/cookie-signature cache-miss
115 http cache https://registry.npmjs.org/http-errors 77ms (cache hit)
116 silly packumentCache full:https://registry.npmjs.org/http-errors set size:71987 disposed:false
117 silly fetch manifest merge-descriptors@^2.0.0
118 silly packumentCache full:https://registry.npmjs.org/merge-descriptors cache-miss
119 http cache https://registry.npmjs.org/on-finished 77ms (cache hit)
120 silly packumentCache full:https://registry.npmjs.org/on-finished set size:23212 disposed:false
121 silly fetch manifest content-disposition@^1.0.0
122 silly packumentCache full:https://registry.npmjs.org/content-disposition cache-miss
123 http cache https://registry.npmjs.org/content-type 74ms (cache hit)
124 silly packumentCache full:https://registry.npmjs.org/content-type set size:18994 disposed:false
125 silly fetch manifest bindings@^1.5.0
126 silly packumentCache full:https://registry.npmjs.org/bindings cache-miss
127 http cache https://registry.npmjs.org/finalhandler 70ms (cache hit)
128 silly packumentCache full:https://registry.npmjs.org/finalhandler set size:79291 disposed:false
129 silly fetch manifest node-addon-api@^8.0.0
130 silly packumentCache full:https://registry.npmjs.org/node-addon-api cache-miss
131 http cache https://registry.npmjs.org/range-parser 72ms (cache hit)
132 silly packumentCache full:https://registry.npmjs.org/range-parser set size:24852 disposed:false
133 silly fetch manifest prebuild-install@^7.1.3
134 silly packumentCache full:https://registry.npmjs.org/prebuild-install cache-miss
135 http cache https://registry.npmjs.org/serve-static 82ms (cache hit)
136 silly packumentCache full:https://registry.npmjs.org/serve-static set size:150391 disposed:false
137 silly fetch manifest tar@^7.5.10
138 silly packumentCache full:https://registry.npmjs.org/tar cache-miss
139 http cache https://registry.npmjs.org/cookie-signature 97ms (cache hit)
140 silly packumentCache full:https://registry.npmjs.org/cookie-signature set size:21777 disposed:false
141 silly fetch manifest node-gyp@12.x
142 silly packumentCache full:https://registry.npmjs.org/node-gyp cache-miss
143 http cache https://registry.npmjs.org/merge-descriptors 98ms (cache hit)
144 silly packumentCache full:https://registry.npmjs.org/merge-descriptors set size:16527 disposed:false
145 http cache https://registry.npmjs.org/content-disposition 97ms (cache hit)
146 silly packumentCache full:https://registry.npmjs.org/content-disposition set size:42862 disposed:false
147 http cache https://registry.npmjs.org/node-addon-api 81ms (cache hit)
148 silly packumentCache full:https://registry.npmjs.org/node-addon-api set size:365991 disposed:false
149 http fetch GET 200 https://registry.npmjs.org/bindings 409ms (cache miss)
150 silly packumentCache full:https://registry.npmjs.org/bindings set size:undefined disposed:false
151 http fetch GET 200 https://registry.npmjs.org/prebuild-install 941ms (cache miss)
152 silly packumentCache full:https://registry.npmjs.org/prebuild-install set size:undefined disposed:false
153 http fetch GET 200 https://registry.npmjs.org/node-gyp 951ms (cache miss)
154 silly packumentCache full:https://registry.npmjs.org/node-gyp set size:undefined disposed:false
155 http fetch GET 200 https://registry.npmjs.org/tar 1088ms (cache miss)
156 silly packumentCache full:https://registry.npmjs.org/tar set size:undefined disposed:false
157 silly placeDep ROOT accepts@2.0.0 OK for: express@5.2.1 want: ^2.0.0
158 silly placeDep ROOT body-parser@2.3.0 OK for: express@5.2.1 want: ^2.2.1
159 silly placeDep ROOT content-disposition@1.1.0 OK for: express@5.2.1 want: ^1.0.0
160 silly placeDep ROOT content-type@1.0.5 OK for: express@5.2.1 want: ^1.0.5
161 silly placeDep ROOT cookie@0.7.2 OK for: express@5.2.1 want: ^0.7.1
162 silly placeDep ROOT cookie-signature@1.2.2 OK for: express@5.2.1 want: ^1.2.1
163 silly placeDep ROOT debug@4.4.3 OK for: express@5.2.1 want: ^4.4.0
164 silly placeDep ROOT depd@2.0.0 OK for: express@5.2.1 want: ^2.0.0
165 silly placeDep ROOT encodeurl@2.0.0 OK for: express@5.2.1 want: ^2.0.0
166 silly placeDep ROOT escape-html@1.0.3 OK for: express@5.2.1 want: ^1.0.3
167 silly placeDep ROOT etag@1.8.1 OK for: express@5.2.1 want: ^1.8.1
168 silly placeDep ROOT finalhandler@2.1.1 OK for: express@5.2.1 want: ^2.1.0
169 silly placeDep ROOT fresh@2.0.0 OK for: express@5.2.1 want: ^2.0.0
170 silly placeDep ROOT http-errors@2.0.1 OK for: express@5.2.1 want: ^2.0.0
171 silly placeDep ROOT merge-descriptors@2.0.0 OK for: express@5.2.1 want: ^2.0.0
172 silly placeDep ROOT mime-types@3.0.2 OK for: express@5.2.1 want: ^3.0.0
173 silly placeDep ROOT on-finished@2.4.1 OK for: express@5.2.1 want: ^2.4.1
174 silly placeDep ROOT once@1.4.0 OK for: express@5.2.1 want: ^1.4.0
175 silly placeDep ROOT parseurl@1.3.3 OK for: express@5.2.1 want: ^1.3.3
176 silly placeDep ROOT proxy-addr@2.0.7 OK for: express@5.2.1 want: ^2.0.7
177 silly placeDep ROOT qs@6.15.3 OK for: express@5.2.1 want: ^6.14.0
178 silly placeDep ROOT range-parser@1.3.0 OK for: express@5.2.1 want: ^1.2.1
179 silly placeDep ROOT router@2.2.0 OK for: express@5.2.1 want: ^2.2.0
180 silly placeDep ROOT send@1.2.1 OK for: express@5.2.1 want: ^1.1.0
181 silly placeDep ROOT serve-static@2.2.1 OK for: express@5.2.1 want: ^2.2.0
182 silly placeDep ROOT statuses@2.0.2 OK for: express@5.2.1 want: ^2.0.1
183 silly placeDep ROOT type-is@2.1.0 OK for: express@5.2.1 want: ^2.0.1
184 silly placeDep ROOT vary@1.1.2 OK for: express@5.2.1 want: ^1.1.2
185 silly fetch manifest negotiator@^1.0.0
186 silly packumentCache full:https://registry.npmjs.org/negotiator cache-miss
187 silly fetch manifest qs@^6.15.2
188 silly packumentCache full:https://registry.npmjs.org/qs cache-hit
189 silly fetch manifest bytes@^3.1.2
190 silly packumentCache full:https://registry.npmjs.org/bytes cache-miss
191 silly fetch manifest debug@^4.4.3
192 silly packumentCache full:https://registry.npmjs.org/debug cache-hit
193 silly fetch manifest type-is@^2.1.0
194 silly packumentCache full:https://registry.npmjs.org/type-is cache-hit
195 silly fetch manifest raw-body@^3.0.2
196 silly packumentCache full:https://registry.npmjs.org/raw-body cache-miss
197 silly fetch manifest iconv-lite@^0.7.2
198 silly packumentCache full:https://registry.npmjs.org/iconv-lite cache-miss
199 silly fetch manifest http-errors@^2.0.1
200 silly packumentCache full:https://registry.npmjs.org/http-errors cache-hit
201 silly fetch manifest content-type@^2.0.0
202 silly packumentCache full:https://registry.npmjs.org/content-type cache-hit
203 silly fetch manifest ms@^2.1.3
204 silly packumentCache full:https://registry.npmjs.org/ms cache-miss
205 silly fetch manifest inherits@~2.0.4
206 silly packumentCache full:https://registry.npmjs.org/inherits cache-miss
207 silly fetch manifest setprototypeof@~1.2.0
208 silly packumentCache full:https://registry.npmjs.org/setprototypeof cache-miss
209 http cache https://registry.npmjs.org/iconv-lite 49ms (cache hit)
210 silly packumentCache full:https://registry.npmjs.org/iconv-lite set size:126462 disposed:false
211 silly fetch manifest statuses@~2.0.2
212 silly packumentCache full:https://registry.npmjs.org/statuses cache-hit
213 silly fetch manifest toidentifier@~1.0.1
214 silly packumentCache full:https://registry.npmjs.org/toidentifier cache-miss
215 http cache https://registry.npmjs.org/setprototypeof 49ms (cache hit)
216 silly packumentCache full:https://registry.npmjs.org/setprototypeof set size:14532 disposed:false
217 silly fetch manifest mime-db@^1.54.0
218 silly packumentCache full:https://registry.npmjs.org/mime-db cache-miss
219 http cache https://registry.npmjs.org/bytes 75ms (cache hit)
220 silly packumentCache full:https://registry.npmjs.org/bytes set size:37018 disposed:false
221 silly fetch manifest ee-first@1.1.1
222 silly packumentCache full:https://registry.npmjs.org/ee-first cache-miss
223 http cache https://registry.npmjs.org/ms 68ms (cache hit)
224 silly packumentCache full:https://registry.npmjs.org/ms set size:92208 disposed:false
225 silly fetch manifest wrappy@1
226 silly packumentCache full:https://registry.npmjs.org/wrappy cache-miss
227 http cache https://registry.npmjs.org/raw-body 90ms (cache hit)
228 silly packumentCache full:https://registry.npmjs.org/raw-body set size:120042 disposed:false
229 silly fetch manifest forwarded@0.2.0
230 silly packumentCache full:https://registry.npmjs.org/forwarded cache-miss
231 http cache https://registry.npmjs.org/negotiator 108ms (cache hit)
232 silly packumentCache full:https://registry.npmjs.org/negotiator set size:48046 disposed:false
233 silly fetch manifest ipaddr.js@1.9.1
234 silly packumentCache full:https://registry.npmjs.org/ipaddr.js cache-miss
235 http cache https://registry.npmjs.org/inherits 91ms (cache hit)
236 silly packumentCache full:https://registry.npmjs.org/inherits set size:12925 disposed:false
237 silly fetch manifest side-channel@^1.1.1
238 silly packumentCache full:https://registry.npmjs.org/side-channel cache-miss
239 http cache https://registry.npmjs.org/toidentifier 69ms (cache hit)
240 silly packumentCache full:https://registry.npmjs.org/toidentifier set size:12006 disposed:false
241 silly fetch manifest es-define-property@^1.0.1
242 silly packumentCache full:https://registry.npmjs.org/es-define-property cache-miss
243 http cache https://registry.npmjs.org/ee-first 61ms (cache hit)
244 silly packumentCache full:https://registry.npmjs.org/ee-first set size:15327 disposed:false
245 silly fetch manifest is-promise@^4.0.0
246 silly packumentCache full:https://registry.npmjs.org/is-promise cache-miss
247 http cache https://registry.npmjs.org/forwarded 46ms (cache hit)
248 silly packumentCache full:https://registry.npmjs.org/forwarded set size:11229 disposed:false
249 silly fetch manifest path-to-regexp@^8.0.0
250 silly packumentCache full:https://registry.npmjs.org/path-to-regexp cache-miss
251 http cache https://registry.npmjs.org/wrappy 61ms (cache hit)
252 silly packumentCache full:https://registry.npmjs.org/wrappy set size:7682 disposed:false
253 silly fetch manifest statuses@^2.0.2
254 silly packumentCache full:https://registry.npmjs.org/statuses cache-hit
255 silly fetch manifest media-typer@^1.1.0
256 silly packumentCache full:https://registry.npmjs.org/media-typer cache-miss
257 http cache https://registry.npmjs.org/mime-db 87ms (cache hit)
258 silly packumentCache full:https://registry.npmjs.org/mime-db set size:164953 disposed:false
259 http cache https://registry.npmjs.org/ipaddr.js 62ms (cache hit)
260 silly packumentCache full:https://registry.npmjs.org/ipaddr.js set size:69549 disposed:false
261 http cache https://registry.npmjs.org/side-channel 63ms (cache hit)
262 silly packumentCache full:https://registry.npmjs.org/side-channel set size:27650 disposed:false
263 http cache https://registry.npmjs.org/es-define-property 53ms (cache hit)
264 silly packumentCache full:https://registry.npmjs.org/es-define-property set size:8542 disposed:false
265 http cache https://registry.npmjs.org/path-to-regexp 46ms (cache hit)
266 silly packumentCache full:https://registry.npmjs.org/path-to-regexp set size:216334 disposed:false
267 http cache https://registry.npmjs.org/is-promise 66ms (cache hit)
268 silly packumentCache full:https://registry.npmjs.org/is-promise set size:18599 disposed:false
269 http cache https://registry.npmjs.org/media-typer 58ms (cache hit)
270 silly packumentCache full:https://registry.npmjs.org/media-typer set size:22074 disposed:false
271 silly placeDep ROOT negotiator@1.0.0 OK for: accepts@2.0.0 want: ^1.0.0
272 silly placeDep ROOT bytes@3.1.2 OK for: body-parser@2.3.0 want: ^3.1.2
273 silly placeDep node_modules/body-parser content-type@2.0.0 OK for: body-parser@2.3.0 want: ^2.0.0
274 silly placeDep ROOT iconv-lite@0.7.3 OK for: body-parser@2.3.0 want: ^0.7.2
275 silly placeDep ROOT raw-body@3.0.2 OK for: body-parser@2.3.0 want: ^3.0.2
276 silly fetch manifest safer-buffer@>= 2.1.2 < 3.0.0
277 silly packumentCache full:https://registry.npmjs.org/safer-buffer cache-miss
278 silly fetch manifest unpipe@~1.0.0
279 silly packumentCache full:https://registry.npmjs.org/unpipe cache-miss
280 http cache https://registry.npmjs.org/unpipe 18ms (cache hit)
281 silly packumentCache full:https://registry.npmjs.org/unpipe set size:3609 disposed:false
282 http cache https://registry.npmjs.org/safer-buffer 24ms (cache hit)
283 silly packumentCache full:https://registry.npmjs.org/safer-buffer set size:18521 disposed:false
284 silly placeDep ROOT ms@2.1.3 OK for: debug@4.4.3 want: ^2.1.3
285 silly placeDep ROOT inherits@2.0.4 OK for: http-errors@2.0.1 want: ~2.0.4
286 silly placeDep ROOT setprototypeof@1.2.0 OK for: http-errors@2.0.1 want: ~1.2.0
287 silly placeDep ROOT toidentifier@1.0.1 OK for: http-errors@2.0.1 want: ~1.0.1
288 silly placeDep ROOT safer-buffer@2.1.2 OK for: iconv-lite@0.7.3 want: >= 2.1.2 < 3.0.0
289 silly placeDep ROOT mime-db@1.54.0 OK for: mime-types@3.0.2 want: ^1.54.0
290 silly placeDep ROOT ee-first@1.1.1 OK for: on-finished@2.4.1 want: 1.1.1
291 silly placeDep ROOT wrappy@1.0.2 OK for: once@1.4.0 want: 1
292 silly placeDep ROOT forwarded@0.2.0 OK for: proxy-addr@2.0.7 want: 0.2.0
293 silly placeDep ROOT ipaddr.js@1.9.1 OK for: proxy-addr@2.0.7 want: 1.9.1
294 silly placeDep ROOT es-define-property@1.0.1 OK for: qs@6.15.3 want: ^1.0.1
295 silly placeDep ROOT side-channel@1.1.1 OK for: qs@6.15.3 want: ^1.1.1
296 silly fetch manifest es-errors@^1.3.0
297 silly packumentCache full:https://registry.npmjs.org/es-errors cache-miss
298 silly fetch manifest object-inspect@^1.13.4
299 silly packumentCache full:https://registry.npmjs.org/object-inspect cache-miss
300 silly fetch manifest side-channel-list@^1.0.1
301 silly packumentCache full:https://registry.npmjs.org/side-channel-list cache-miss
302 silly fetch manifest side-channel-map@^1.0.1
303 silly packumentCache full:https://registry.npmjs.org/side-channel-map cache-miss
304 silly fetch manifest side-channel-weakmap@^1.0.2
305 silly packumentCache full:https://registry.npmjs.org/side-channel-weakmap cache-miss
306 http cache https://registry.npmjs.org/es-errors 37ms (cache hit)
307 silly packumentCache full:https://registry.npmjs.org/es-errors set size:16918 disposed:false
308 http cache https://registry.npmjs.org/side-channel-weakmap 35ms (cache hit)
309 silly packumentCache full:https://registry.npmjs.org/side-channel-weakmap set size:12620 disposed:false
310 http cache https://registry.npmjs.org/object-inspect 43ms (cache hit)
311 silly packumentCache full:https://registry.npmjs.org/object-inspect set size:101927 disposed:false
312 http cache https://registry.npmjs.org/side-channel-map 48ms (cache hit)
313 silly packumentCache full:https://registry.npmjs.org/side-channel-map set size:9126 disposed:false
314 http cache https://registry.npmjs.org/side-channel-list 53ms (cache hit)
315 silly packumentCache full:https://registry.npmjs.org/side-channel-list set size:9021 disposed:false
316 silly placeDep ROOT unpipe@1.0.0 OK for: raw-body@3.0.2 want: ~1.0.0
317 silly placeDep ROOT is-promise@4.0.0 OK for: router@2.2.0 want: ^4.0.0
318 silly placeDep ROOT path-to-regexp@8.4.2 OK for: router@2.2.0 want: ^8.0.0
319 silly placeDep ROOT es-errors@1.3.0 OK for: side-channel@1.1.1 want: ^1.3.0
320 silly placeDep ROOT object-inspect@1.13.4 OK for: side-channel@1.1.1 want: ^1.13.4
321 silly placeDep ROOT side-channel-list@1.0.1 OK for: side-channel@1.1.1 want: ^1.0.1
322 silly placeDep ROOT side-channel-map@1.0.1 OK for: side-channel@1.1.1 want: ^1.0.1
323 silly placeDep ROOT side-channel-weakmap@1.0.2 OK for: side-channel@1.1.1 want: ^1.0.2
324 silly fetch manifest call-bound@^1.0.2
325 silly packumentCache full:https://registry.npmjs.org/call-bound cache-miss
326 silly fetch manifest get-intrinsic@^1.2.5
327 silly packumentCache full:https://registry.npmjs.org/get-intrinsic cache-miss
328 silly fetch manifest call-bound@^1.0.2
329 silly packumentCache full:https://registry.npmjs.org/call-bound cache-miss
330 silly fetch manifest get-intrinsic@^1.2.5
331 silly packumentCache full:https://registry.npmjs.org/get-intrinsic cache-miss
332 http cache https://registry.npmjs.org/call-bound 18ms (cache hit)
333 silly packumentCache full:https://registry.npmjs.org/call-bound set size:15317 disposed:false
334 http cache https://registry.npmjs.org/call-bound 23ms (cache hit)
335 silly packumentCache full:https://registry.npmjs.org/call-bound set size:15317 disposed:false
336 silly packumentCache full:https://registry.npmjs.org/call-bound dispose
337 http cache https://registry.npmjs.org/get-intrinsic 27ms (cache hit)
338 silly packumentCache full:https://registry.npmjs.org/get-intrinsic set size:60985 disposed:false
339 http cache https://registry.npmjs.org/get-intrinsic 30ms (cache hit)
340 silly packumentCache full:https://registry.npmjs.org/get-intrinsic set size:60985 disposed:false
341 silly packumentCache full:https://registry.npmjs.org/get-intrinsic dispose
342 silly placeDep ROOT call-bound@1.0.4 OK for: side-channel-map@1.0.1 want: ^1.0.2
343 silly placeDep ROOT get-intrinsic@1.3.0 OK for: side-channel-map@1.0.1 want: ^1.2.5
344 silly fetch manifest call-bind-apply-helpers@^1.0.2
345 silly packumentCache full:https://registry.npmjs.org/call-bind-apply-helpers cache-miss
346 silly fetch manifest get-intrinsic@^1.3.0
347 silly packumentCache full:https://registry.npmjs.org/get-intrinsic cache-hit
348 silly fetch manifest gopd@^1.2.0
349 silly packumentCache full:https://registry.npmjs.org/gopd cache-miss
350 silly fetch manifest hasown@^2.0.2
351 silly packumentCache full:https://registry.npmjs.org/hasown cache-miss
352 silly fetch manifest get-proto@^1.0.1
353 silly packumentCache full:https://registry.npmjs.org/get-proto cache-miss
354 silly fetch manifest has-symbols@^1.1.0
355 silly packumentCache full:https://registry.npmjs.org/has-symbols cache-miss
356 silly fetch manifest function-bind@^1.1.2
357 silly packumentCache full:https://registry.npmjs.org/function-bind cache-miss
358 silly fetch manifest es-object-atoms@^1.1.1
359 silly packumentCache full:https://registry.npmjs.org/es-object-atoms cache-miss
360 http cache https://registry.npmjs.org/hasown 28ms (cache hit)
361 silly packumentCache full:https://registry.npmjs.org/hasown set size:18361 disposed:false
362 silly fetch manifest math-intrinsics@^1.1.0
363 silly packumentCache full:https://registry.npmjs.org/math-intrinsics cache-miss
364 http cache https://registry.npmjs.org/call-bind-apply-helpers 38ms (cache hit)
365 silly packumentCache full:https://registry.npmjs.org/call-bind-apply-helpers set size:12744 disposed:false
366 http cache https://registry.npmjs.org/has-symbols 39ms (cache hit)
367 silly packumentCache full:https://registry.npmjs.org/has-symbols set size:21550 disposed:false
368 http cache https://registry.npmjs.org/function-bind 41ms (cache hit)
369 silly packumentCache full:https://registry.npmjs.org/function-bind set size:15733 disposed:false
370 http cache https://registry.npmjs.org/get-proto 47ms (cache hit)
371 silly packumentCache full:https://registry.npmjs.org/get-proto set size:8300 disposed:false
372 http cache https://registry.npmjs.org/gopd 53ms (cache hit)
373 silly packumentCache full:https://registry.npmjs.org/gopd set size:11483 disposed:false
374 http cache https://registry.npmjs.org/es-object-atoms 51ms (cache hit)
375 silly packumentCache full:https://registry.npmjs.org/es-object-atoms set size:18278 disposed:false
376 http cache https://registry.npmjs.org/math-intrinsics 33ms (cache hit)
377 silly packumentCache full:https://registry.npmjs.org/math-intrinsics set size:9265 disposed:false
378 silly placeDep ROOT call-bind-apply-helpers@1.0.2 OK for: call-bound@1.0.4 want: ^1.0.2
379 silly placeDep ROOT function-bind@1.1.2 OK for: call-bind-apply-helpers@1.0.2 want: ^1.1.2
380 silly placeDep ROOT es-object-atoms@1.1.2 OK for: get-intrinsic@1.3.0 want: ^1.1.1
381 silly placeDep ROOT get-proto@1.0.1 OK for: get-intrinsic@1.3.0 want: ^1.0.1
382 silly placeDep ROOT gopd@1.2.0 OK for: get-intrinsic@1.3.0 want: ^1.2.0
383 silly placeDep ROOT has-symbols@1.1.0 OK for: get-intrinsic@1.3.0 want: ^1.1.0
384 silly placeDep ROOT hasown@2.0.4 OK for: get-intrinsic@1.3.0 want: ^2.0.2
385 silly placeDep ROOT math-intrinsics@1.1.0 OK for: get-intrinsic@1.3.0 want: ^1.1.0
386 silly fetch manifest dunder-proto@^1.0.1
387 silly packumentCache full:https://registry.npmjs.org/dunder-proto cache-miss
388 http cache https://registry.npmjs.org/dunder-proto 17ms (cache hit)
389 silly packumentCache full:https://registry.npmjs.org/dunder-proto set size:8256 disposed:false
390 silly placeDep ROOT dunder-proto@1.0.1 OK for: get-proto@1.0.1 want: ^1.0.1
391 silly placeDep ROOT bindings@1.5.0 OK for: sqlite3@6.0.1 want: ^1.5.0
392 silly placeDep ROOT node-addon-api@8.9.0 OK for: sqlite3@6.0.1 want: ^8.0.0
393 silly placeDep ROOT node-gyp@12.4.0 OK for: sqlite3@6.0.1 want: 12.x
394 silly placeDep ROOT prebuild-install@7.1.3 OK for: sqlite3@6.0.1 want: ^7.1.3
395 silly placeDep ROOT tar@7.5.22 OK for: sqlite3@6.0.1 want: ^7.5.10
396 silly fetch manifest file-uri-to-path@1.0.0
397 silly packumentCache full:https://registry.npmjs.org/file-uri-to-path cache-miss
398 silly fetch manifest tar@^7.5.4
399 silly packumentCache full:https://registry.npmjs.org/tar cache-miss
400 silly fetch manifest nopt@^9.0.0
401 silly packumentCache full:https://registry.npmjs.org/nopt cache-miss
402 silly fetch manifest which@^6.0.0
403 silly packumentCache full:https://registry.npmjs.org/which cache-miss
404 silly fetch manifest semver@^7.3.5
405 silly packumentCache full:https://registry.npmjs.org/semver cache-miss
406 silly fetch manifest undici@^6.25.0
407 silly packumentCache full:https://registry.npmjs.org/undici cache-miss
408 silly fetch manifest proc-log@^6.0.0
409 silly packumentCache full:https://registry.npmjs.org/proc-log cache-miss
410 http cache https://registry.npmjs.org/tar 51ms (cache hit)
411 silly packumentCache full:https://registry.npmjs.org/tar set size:591769 disposed:false
412 silly fetch manifest env-paths@^2.2.0
413 silly packumentCache full:https://registry.npmjs.org/env-paths cache-miss
414 http fetch GET 200 https://registry.npmjs.org/file-uri-to-path 425ms (cache miss)
415 silly packumentCache full:https://registry.npmjs.org/file-uri-to-path set size:undefined disposed:false
416 silly fetch manifest tinyglobby@^0.2.12
417 silly packumentCache full:https://registry.npmjs.org/tinyglobby cache-miss
418 http fetch GET 200 https://registry.npmjs.org/nopt 429ms (cache miss)
419 silly packumentCache full:https://registry.npmjs.org/nopt set size:undefined disposed:false
420 silly fetch manifest graceful-fs@^4.2.6
421 silly packumentCache full:https://registry.npmjs.org/graceful-fs cache-miss
422 http fetch GET 200 https://registry.npmjs.org/proc-log 439ms (cache miss)
423 silly packumentCache full:https://registry.npmjs.org/proc-log set size:undefined disposed:false
424 silly fetch manifest exponential-backoff@^3.1.1
425 silly packumentCache full:https://registry.npmjs.org/exponential-backoff cache-miss
426 http fetch GET 200 https://registry.npmjs.org/tinyglobby 334ms (cache revalidated)
427 silly packumentCache full:https://registry.npmjs.org/tinyglobby set size:54291 disposed:false
428 silly fetch manifest rc@^1.2.7
429 silly packumentCache full:https://registry.npmjs.org/rc cache-miss
430 http fetch GET 200 https://registry.npmjs.org/exponential-backoff 335ms (cache miss)
431 silly packumentCache full:https://registry.npmjs.org/exponential-backoff set size:undefined disposed:false
432 silly fetch manifest pump@^3.0.0
433 silly packumentCache full:https://registry.npmjs.org/pump cache-miss
434 http fetch GET 200 https://registry.npmjs.org/graceful-fs 368ms (cache miss)
435 silly packumentCache full:https://registry.npmjs.org/graceful-fs set size:undefined disposed:false
436 silly fetch manifest tar-fs@^2.0.0
437 silly packumentCache full:https://registry.npmjs.org/tar-fs cache-miss
438 http fetch GET 200 https://registry.npmjs.org/pump 251ms (cache miss)
439 silly packumentCache full:https://registry.npmjs.org/pump set size:undefined disposed:false
440 silly fetch manifest minimist@^1.2.3
441 silly packumentCache full:https://registry.npmjs.org/minimist cache-miss
442 http fetch GET 200 https://registry.npmjs.org/tar-fs 245ms (cache miss)
443 silly packumentCache full:https://registry.npmjs.org/tar-fs set size:undefined disposed:false
444 silly fetch manifest node-abi@^3.3.0
445 silly packumentCache full:https://registry.npmjs.org/node-abi cache-miss
446 http fetch GET 200 https://registry.npmjs.org/which 1140ms (cache revalidated)
447 silly packumentCache full:https://registry.npmjs.org/which set size:70087 disposed:false
448 silly fetch manifest simple-get@^4.0.0
449 silly packumentCache full:https://registry.npmjs.org/simple-get cache-miss
450 http fetch GET 200 https://registry.npmjs.org/undici 1152ms (cache miss)
451 silly packumentCache full:https://registry.npmjs.org/undici set size:undefined disposed:false
452 silly fetch manifest detect-libc@^2.0.0
453 silly packumentCache full:https://registry.npmjs.org/detect-libc cache-miss
454 http fetch GET 200 https://registry.npmjs.org/rc 442ms (cache revalidated)
455 silly packumentCache full:https://registry.npmjs.org/rc set size:70417 disposed:false
456 silly fetch manifest tunnel-agent@^0.6.0
457 silly packumentCache full:https://registry.npmjs.org/tunnel-agent cache-miss
458 http fetch GET 200 https://registry.npmjs.org/env-paths 1182ms (cache miss)
459 silly packumentCache full:https://registry.npmjs.org/env-paths set size:undefined disposed:false
460 silly fetch manifest mkdirp-classic@^0.5.3
461 silly packumentCache full:https://registry.npmjs.org/mkdirp-classic cache-miss
462 http fetch GET 200 https://registry.npmjs.org/semver 1254ms (cache revalidated)
463 silly packumentCache full:https://registry.npmjs.org/semver set size:246069 disposed:false
464 silly fetch manifest expand-template@^2.0.3
465 silly packumentCache full:https://registry.npmjs.org/expand-template cache-miss
466 http fetch GET 200 https://registry.npmjs.org/minimist 279ms (cache revalidated)
467 silly packumentCache full:https://registry.npmjs.org/minimist set size:77063 disposed:false
468 silly fetch manifest napi-build-utils@^2.0.0
469 silly packumentCache full:https://registry.npmjs.org/napi-build-utils cache-miss
470 http fetch GET 200 https://registry.npmjs.org/node-abi 317ms (cache miss)
471 silly packumentCache full:https://registry.npmjs.org/node-abi set size:undefined disposed:false
472 silly fetch manifest github-from-package@0.0.0
473 silly packumentCache full:https://registry.npmjs.org/github-from-package cache-miss
474 http fetch GET 200 https://registry.npmjs.org/tunnel-agent 212ms (cache miss)
475 silly packumentCache full:https://registry.npmjs.org/tunnel-agent set size:undefined disposed:false
476 silly fetch manifest chownr@^3.0.0
477 silly packumentCache full:https://registry.npmjs.org/chownr cache-miss
478 http fetch GET 200 https://registry.npmjs.org/simple-get 294ms (cache miss)
479 silly packumentCache full:https://registry.npmjs.org/simple-get set size:undefined disposed:false
480 silly fetch manifest yallist@^5.0.0
481 silly packumentCache full:https://registry.npmjs.org/yallist cache-miss
482 http fetch GET 200 https://registry.npmjs.org/detect-libc 252ms (cache revalidated)
483 silly packumentCache full:https://registry.npmjs.org/detect-libc set size:47861 disposed:false
484 silly fetch manifest minipass@^7.1.2
485 silly packumentCache full:https://registry.npmjs.org/minipass cache-miss
486 http fetch GET 200 https://registry.npmjs.org/mkdirp-classic 263ms (cache miss)
487 silly packumentCache full:https://registry.npmjs.org/mkdirp-classic set size:undefined disposed:false
488 silly fetch manifest minizlib@^3.1.0
489 silly packumentCache full:https://registry.npmjs.org/minizlib cache-miss
490 http fetch GET 200 https://registry.npmjs.org/expand-template 257ms (cache miss)
491 silly packumentCache full:https://registry.npmjs.org/expand-template set size:undefined disposed:false
492 silly fetch manifest @isaacs/fs-minipass@^4.0.0
493 silly packumentCache full:https://registry.npmjs.org/@isaacs%2ffs-minipass cache-miss
494 http fetch GET 200 https://registry.npmjs.org/napi-build-utils 238ms (cache miss)
495 silly packumentCache full:https://registry.npmjs.org/napi-build-utils set size:undefined disposed:false
496 http fetch GET 200 https://registry.npmjs.org/github-from-package 250ms (cache miss)
497 silly packumentCache full:https://registry.npmjs.org/github-from-package set size:undefined disposed:false
498 http fetch GET 200 https://registry.npmjs.org/yallist 219ms (cache miss)
499 silly packumentCache full:https://registry.npmjs.org/yallist set size:undefined disposed:false
500 http fetch GET 200 https://registry.npmjs.org/chownr 239ms (cache miss)
501 silly packumentCache full:https://registry.npmjs.org/chownr set size:undefined disposed:false
502 http fetch GET 200 https://registry.npmjs.org/minipass 338ms (cache miss)
503 silly packumentCache full:https://registry.npmjs.org/minipass set size:undefined disposed:false
504 http fetch GET 200 https://registry.npmjs.org/minizlib 314ms (cache miss)
505 silly packumentCache full:https://registry.npmjs.org/minizlib set size:undefined disposed:false
506 http fetch GET 200 https://registry.npmjs.org/@isaacs%2ffs-minipass 310ms (cache miss)
507 silly packumentCache full:https://registry.npmjs.org/@isaacs%2ffs-minipass set size:undefined disposed:false
508 silly placeDep ROOT file-uri-to-path@1.0.0 OK for: bindings@1.5.0 want: 1.0.0
509 silly placeDep ROOT env-paths@2.2.1 OK for: node-gyp@12.4.0 want: ^2.2.0
510 silly placeDep ROOT exponential-backoff@3.1.3 OK for: node-gyp@12.4.0 want: ^3.1.1
511 silly placeDep ROOT graceful-fs@4.2.11 OK for: node-gyp@12.4.0 want: ^4.2.6
512 silly placeDep ROOT nopt@9.0.0 OK for: node-gyp@12.4.0 want: ^9.0.0
513 silly placeDep ROOT proc-log@6.1.0 OK for: node-gyp@12.4.0 want: ^6.0.0
514 silly placeDep ROOT semver@7.8.5 OK for: node-gyp@12.4.0 want: ^7.3.5
515 silly placeDep ROOT tinyglobby@0.2.17 OK for: node-gyp@12.4.0 want: ^0.2.12
516 silly placeDep ROOT undici@6.28.0 OK for: node-gyp@12.4.0 want: ^6.25.0
517 silly placeDep ROOT which@6.0.1 OK for: node-gyp@12.4.0 want: ^6.0.0
518 silly fetch manifest abbrev@^4.0.0
519 silly packumentCache full:https://registry.npmjs.org/abbrev cache-miss
520 silly fetch manifest fdir@^6.5.0
521 silly packumentCache full:https://registry.npmjs.org/fdir cache-miss
522 silly fetch manifest picomatch@^4.0.4
523 silly packumentCache full:https://registry.npmjs.org/picomatch cache-miss
524 silly fetch manifest isexe@^4.0.0
525 silly packumentCache full:https://registry.npmjs.org/isexe cache-miss
526 http fetch GET 200 https://registry.npmjs.org/isexe 247ms (cache revalidated)
527 silly packumentCache full:https://registry.npmjs.org/isexe set size:31756 disposed:false
528 http fetch GET 200 https://registry.npmjs.org/fdir 260ms (cache revalidated)
529 silly packumentCache full:https://registry.npmjs.org/fdir set size:136182 disposed:false
530 http fetch GET 200 https://registry.npmjs.org/picomatch 273ms (cache revalidated)
531 silly packumentCache full:https://registry.npmjs.org/picomatch set size:128942 disposed:false
532 http fetch GET 200 https://registry.npmjs.org/abbrev 288ms (cache miss)
533 silly packumentCache full:https://registry.npmjs.org/abbrev set size:undefined disposed:false
534 silly placeDep ROOT abbrev@4.0.0 OK for: nopt@9.0.0 want: ^4.0.0
535 silly placeDep ROOT detect-libc@2.1.2 OK for: prebuild-install@7.1.3 want: ^2.0.0
536 silly placeDep ROOT expand-template@2.0.3 OK for: prebuild-install@7.1.3 want: ^2.0.3
537 silly placeDep ROOT github-from-package@0.0.0 OK for: prebuild-install@7.1.3 want: 0.0.0
538 silly placeDep ROOT minimist@1.2.8 OK for: prebuild-install@7.1.3 want: ^1.2.3
539 silly placeDep ROOT mkdirp-classic@0.5.3 OK for: prebuild-install@7.1.3 want: ^0.5.3
540 silly placeDep ROOT napi-build-utils@2.0.0 OK for: prebuild-install@7.1.3 want: ^2.0.0
541 silly placeDep ROOT node-abi@3.94.0 OK for: prebuild-install@7.1.3 want: ^3.3.0
542 silly placeDep ROOT pump@3.0.4 OK for: prebuild-install@7.1.3 want: ^3.0.0
543 silly placeDep ROOT rc@1.2.8 OK for: prebuild-install@7.1.3 want: ^1.2.7
544 silly placeDep ROOT simple-get@4.0.1 OK for: prebuild-install@7.1.3 want: ^4.0.0
545 silly placeDep ROOT tar-fs@2.1.5 OK for: prebuild-install@7.1.3 want: ^2.0.0
546 silly placeDep ROOT tunnel-agent@0.6.0 OK for: prebuild-install@7.1.3 want: ^0.6.0
547 silly fetch manifest end-of-stream@^1.1.0
548 silly packumentCache full:https://registry.npmjs.org/end-of-stream cache-miss
549 silly fetch manifest ini@~1.3.0
550 silly packumentCache full:https://registry.npmjs.org/ini cache-miss
551 silly fetch manifest deep-extend@^0.6.0
552 silly packumentCache full:https://registry.npmjs.org/deep-extend cache-miss
553 silly fetch manifest strip-json-comments@~2.0.1
554 silly packumentCache full:https://registry.npmjs.org/strip-json-comments cache-miss
555 silly fetch manifest decompress-response@^6.0.0
556 silly packumentCache full:https://registry.npmjs.org/decompress-response cache-miss
557 silly fetch manifest simple-concat@^1.0.0
558 silly packumentCache full:https://registry.npmjs.org/simple-concat cache-miss
559 silly fetch manifest chownr@^1.1.1
560 silly packumentCache full:https://registry.npmjs.org/chownr cache-miss
561 http cache https://registry.npmjs.org/chownr 57ms (cache hit)
562 silly packumentCache full:https://registry.npmjs.org/chownr set size:22157 disposed:false
563 silly fetch manifest tar-stream@^2.1.4
564 silly packumentCache full:https://registry.npmjs.org/tar-stream cache-miss
565 http fetch GET 200 https://registry.npmjs.org/end-of-stream 248ms (cache miss)
566 silly packumentCache full:https://registry.npmjs.org/end-of-stream set size:undefined disposed:false
567 silly fetch manifest safe-buffer@^5.0.1
568 silly packumentCache full:https://registry.npmjs.org/safe-buffer cache-miss
569 http fetch GET 200 https://registry.npmjs.org/simple-concat 255ms (cache miss)
570 silly packumentCache full:https://registry.npmjs.org/simple-concat set size:undefined disposed:false
571 http fetch GET 200 https://registry.npmjs.org/strip-json-comments 269ms (cache revalidated)
572 silly packumentCache full:https://registry.npmjs.org/strip-json-comments set size:43569 disposed:false
573 http fetch GET 200 https://registry.npmjs.org/decompress-response 280ms (cache miss)
574 silly packumentCache full:https://registry.npmjs.org/decompress-response set size:undefined disposed:false
575 http fetch GET 200 https://registry.npmjs.org/ini 288ms (cache revalidated)
576 silly packumentCache full:https://registry.npmjs.org/ini set size:59124 disposed:false
577 http fetch GET 200 https://registry.npmjs.org/deep-extend 298ms (cache revalidated)
578 silly packumentCache full:https://registry.npmjs.org/deep-extend set size:34472 disposed:false
579 http fetch GET 200 https://registry.npmjs.org/tar-stream 289ms (cache miss)
580 silly packumentCache full:https://registry.npmjs.org/tar-stream set size:undefined disposed:false
581 http fetch GET 200 https://registry.npmjs.org/safe-buffer 288ms (cache revalidated)
582 silly packumentCache full:https://registry.npmjs.org/safe-buffer set size:41183 disposed:false
583 silly placeDep ROOT end-of-stream@1.4.5 OK for: pump@3.0.4 want: ^1.1.0
584 silly placeDep ROOT deep-extend@0.6.0 OK for: rc@1.2.8 want: ^0.6.0
585 silly placeDep ROOT ini@1.3.8 OK for: rc@1.2.8 want: ~1.3.0
586 silly placeDep ROOT strip-json-comments@2.0.1 OK for: rc@1.2.8 want: ~2.0.1
587 silly placeDep ROOT decompress-response@6.0.0 OK for: simple-get@4.0.1 want: ^6.0.0
588 silly placeDep ROOT simple-concat@1.0.1 OK for: simple-get@4.0.1 want: ^1.0.0
589 silly fetch manifest mimic-response@^3.1.0
590 silly packumentCache full:https://registry.npmjs.org/mimic-response cache-miss
591 http fetch GET 200 https://registry.npmjs.org/mimic-response 267ms (cache miss)
592 silly packumentCache full:https://registry.npmjs.org/mimic-response set size:undefined disposed:false
593 silly placeDep ROOT mimic-response@3.1.0 OK for: decompress-response@6.0.0 want: ^3.1.0
594 silly placeDep ROOT @isaacs/fs-minipass@4.0.1 OK for: tar@7.5.22 want: ^4.0.0
595 silly placeDep ROOT chownr@3.0.0 OK for: tar@7.5.22 want: ^3.0.0
596 silly placeDep ROOT minipass@7.1.3 OK for: tar@7.5.22 want: ^7.1.2
597 silly placeDep ROOT minizlib@3.1.0 OK for: tar@7.5.22 want: ^3.1.0
598 silly placeDep ROOT yallist@5.0.0 OK for: tar@7.5.22 want: ^5.0.0
599 silly fetch manifest minipass@^7.0.4
600 silly packumentCache full:https://registry.npmjs.org/minipass cache-miss
601 http cache https://registry.npmjs.org/minipass 13ms (cache hit)
602 silly packumentCache full:https://registry.npmjs.org/minipass set size:276925 disposed:false
603 silly placeDep node_modules/tar-fs chownr@1.1.4 OK for: tar-fs@2.1.5 want: ^1.1.1
604 silly placeDep ROOT tar-stream@2.2.0 OK for: tar-fs@2.1.5 want: ^2.1.4
605 silly fetch manifest bl@^4.0.3
606 silly packumentCache full:https://registry.npmjs.org/bl cache-miss
607 silly fetch manifest fs-constants@^1.0.0
608 silly packumentCache full:https://registry.npmjs.org/fs-constants cache-miss
609 silly fetch manifest readable-stream@^3.1.1
610 silly packumentCache full:https://registry.npmjs.org/readable-stream cache-miss
611 http fetch GET 200 https://registry.npmjs.org/fs-constants 281ms (cache miss)
612 silly packumentCache full:https://registry.npmjs.org/fs-constants set size:undefined disposed:false
613 http fetch GET 200 https://registry.npmjs.org/bl 300ms (cache miss)
614 silly packumentCache full:https://registry.npmjs.org/bl set size:undefined disposed:false
615 http fetch GET 200 https://registry.npmjs.org/readable-stream 370ms (cache miss)
616 silly packumentCache full:https://registry.npmjs.org/readable-stream set size:undefined disposed:false
617 silly placeDep ROOT bl@4.1.0 OK for: tar-stream@2.2.0 want: ^4.0.3
618 silly placeDep ROOT fs-constants@1.0.0 OK for: tar-stream@2.2.0 want: ^1.0.0
619 silly placeDep ROOT readable-stream@3.6.2 OK for: tar-stream@2.2.0 want: ^3.1.1
620 silly fetch manifest buffer@^5.5.0
621 silly packumentCache full:https://registry.npmjs.org/buffer cache-miss
622 silly fetch manifest readable-stream@^3.4.0
623 silly packumentCache full:https://registry.npmjs.org/readable-stream cache-miss
624 silly fetch manifest string_decoder@^1.1.1
625 silly packumentCache full:https://registry.npmjs.org/string_decoder cache-miss
626 silly fetch manifest util-deprecate@^1.0.1
627 silly packumentCache full:https://registry.npmjs.org/util-deprecate cache-miss
628 http cache https://registry.npmjs.org/readable-stream 20ms (cache hit)
629 silly packumentCache full:https://registry.npmjs.org/readable-stream set size:261096 disposed:false
630 http fetch GET 200 https://registry.npmjs.org/util-deprecate 287ms (cache miss)
631 silly packumentCache full:https://registry.npmjs.org/util-deprecate set size:undefined disposed:false
632 http fetch GET 200 https://registry.npmjs.org/string_decoder 298ms (cache miss)
633 silly packumentCache full:https://registry.npmjs.org/string_decoder set size:undefined disposed:false
634 http fetch GET 200 https://registry.npmjs.org/buffer 357ms (cache miss)
635 silly packumentCache full:https://registry.npmjs.org/buffer set size:undefined disposed:false
636 silly placeDep ROOT buffer@5.7.1 OK for: bl@4.1.0 want: ^5.5.0
637 silly fetch manifest base64-js@^1.3.1
638 silly packumentCache full:https://registry.npmjs.org/base64-js cache-miss
639 silly fetch manifest ieee754@^1.1.13
640 silly packumentCache full:https://registry.npmjs.org/ieee754 cache-miss
641 http fetch GET 200 https://registry.npmjs.org/ieee754 275ms (cache miss)
642 silly packumentCache full:https://registry.npmjs.org/ieee754 set size:undefined disposed:false
643 http fetch GET 200 https://registry.npmjs.org/base64-js 288ms (cache miss)
644 silly packumentCache full:https://registry.npmjs.org/base64-js set size:undefined disposed:false
645 silly placeDep ROOT base64-js@1.5.1 OK for: buffer@5.7.1 want: ^1.3.1
646 silly placeDep ROOT ieee754@1.2.1 OK for: buffer@5.7.1 want: ^1.1.13
647 silly placeDep ROOT string_decoder@1.3.0 OK for: readable-stream@3.6.2 want: ^1.1.1
648 silly placeDep ROOT util-deprecate@1.0.2 OK for: readable-stream@3.6.2 want: ^1.0.1
649 silly fetch manifest safe-buffer@~5.2.0
650 silly packumentCache full:https://registry.npmjs.org/safe-buffer cache-hit
651 silly placeDep ROOT safe-buffer@5.2.1 OK for: string_decoder@1.3.0 want: ~5.2.0
652 silly placeDep ROOT fdir@6.5.0 OK for: tinyglobby@0.2.17 want: ^6.5.0
653 silly placeDep ROOT picomatch@4.0.5 OK for: tinyglobby@0.2.17 want: ^4.0.4
654 silly placeDep node_modules/type-is content-type@2.0.0 OK for: type-is@2.1.0 want: ^2.0.0
655 silly placeDep ROOT media-typer@1.1.1 OK for: type-is@2.1.0 want: ^1.1.0
656 silly placeDep ROOT isexe@4.0.0 OK for: which@6.0.1 want: ^4.0.0
657 silly reify moves {}
658 http cache isexe@https://registry.npmjs.org/isexe/-/isexe-4.0.0.tgz 0ms (cache hit)
659 http cache media-typer@https://registry.npmjs.org/media-typer/-/media-typer-1.1.1.tgz 0ms (cache hit)
660 http cache picomatch@https://registry.npmjs.org/picomatch/-/picomatch-4.0.5.tgz 0ms (cache hit)
661 http cache util-deprecate@https://registry.npmjs.org/util-deprecate/-/util-deprecate-1.0.2.tgz 0ms (cache hit)
662 http cache string_decoder@https://registry.npmjs.org/string_decoder/-/string_decoder-1.3.0.tgz 0ms (cache hit)
663 http cache safe-buffer@https://registry.npmjs.org/safe-buffer/-/safe-buffer-5.2.1.tgz 0ms (cache hit)
664 http cache ieee754@https://registry.npmjs.org/ieee754/-/ieee754-1.2.1.tgz 0ms (cache hit)
665 http cache readable-stream@https://registry.npmjs.org/readable-stream/-/readable-stream-3.6.2.tgz 0ms (cache hit)
666 http cache fdir@https://registry.npmjs.org/fdir/-/fdir-6.5.0.tgz 0ms (cache hit)
667 http cache fs-constants@https://registry.npmjs.org/fs-constants/-/fs-constants-1.0.0.tgz 0ms (cache hit)
668 http cache bl@https://registry.npmjs.org/bl/-/bl-4.1.0.tgz 0ms (cache hit)
669 http cache tar-stream@https://registry.npmjs.org/tar-stream/-/tar-stream-2.2.0.tgz 1ms (cache hit)
670 http cache minizlib@https://registry.npmjs.org/minizlib/-/minizlib-3.1.0.tgz 0ms (cache hit)
671 http cache yallist@https://registry.npmjs.org/yallist/-/yallist-5.0.0.tgz 0ms (cache hit)
672 http cache minipass@https://registry.npmjs.org/minipass/-/minipass-7.1.3.tgz 0ms (cache hit)
673 http cache base64-js@https://registry.npmjs.org/base64-js/-/base64-js-1.5.1.tgz 0ms (cache hit)
674 http cache chownr@https://registry.npmjs.org/chownr/-/chownr-3.0.0.tgz 0ms (cache hit)
675 http cache @isaacs/fs-minipass@https://registry.npmjs.org/@isaacs/fs-minipass/-/fs-minipass-4.0.1.tgz 0ms (cache hit)
676 http cache mimic-response@https://registry.npmjs.org/mimic-response/-/mimic-response-3.1.0.tgz 0ms (cache hit)
677 http cache simple-concat@https://registry.npmjs.org/simple-concat/-/simple-concat-1.0.1.tgz 0ms (cache hit)
678 http cache decompress-response@https://registry.npmjs.org/decompress-response/-/decompress-response-6.0.0.tgz 0ms (cache hit)
679 http cache ini@https://registry.npmjs.org/ini/-/ini-1.3.8.tgz 0ms (cache hit)
680 http cache deep-extend@https://registry.npmjs.org/deep-extend/-/deep-extend-0.6.0.tgz 0ms (cache hit)
681 http cache strip-json-comments@https://registry.npmjs.org/strip-json-comments/-/strip-json-comments-2.0.1.tgz 0ms (cache hit)
682 http cache end-of-stream@https://registry.npmjs.org/end-of-stream/-/end-of-stream-1.4.5.tgz 0ms (cache hit)
683 http cache buffer@https://registry.npmjs.org/buffer/-/buffer-5.7.1.tgz 0ms (cache hit)
684 http cache tunnel-agent@https://registry.npmjs.org/tunnel-agent/-/tunnel-agent-0.6.0.tgz 0ms (cache hit)
685 http cache tar-fs@https://registry.npmjs.org/tar-fs/-/tar-fs-2.1.5.tgz 0ms (cache hit)
686 http cache simple-get@https://registry.npmjs.org/simple-get/-/simple-get-4.0.1.tgz 0ms (cache hit)
687 http cache pump@https://registry.npmjs.org/pump/-/pump-3.0.4.tgz 0ms (cache hit)
688 http cache rc@https://registry.npmjs.org/rc/-/rc-1.2.8.tgz 0ms (cache hit)
689 http cache napi-build-utils@https://registry.npmjs.org/napi-build-utils/-/napi-build-utils-2.0.0.tgz 0ms (cache hit)
690 http cache node-abi@https://registry.npmjs.org/node-abi/-/node-abi-3.94.0.tgz 0ms (cache hit)
691 http cache mkdirp-classic@https://registry.npmjs.org/mkdirp-classic/-/mkdirp-classic-0.5.3.tgz 0ms (cache hit)
692 http cache github-from-package@https://registry.npmjs.org/github-from-package/-/github-from-package-0.0.0.tgz 0ms (cache hit)
693 http cache expand-template@https://registry.npmjs.org/expand-template/-/expand-template-2.0.3.tgz 0ms (cache hit)
694 http cache minimist@https://registry.npmjs.org/minimist/-/minimist-1.2.8.tgz 1ms (cache hit)
695 http cache detect-libc@https://registry.npmjs.org/detect-libc/-/detect-libc-2.1.2.tgz 0ms (cache hit)
696 http cache which@https://registry.npmjs.org/which/-/which-6.0.1.tgz 0ms (cache hit)
697 http cache abbrev@https://registry.npmjs.org/abbrev/-/abbrev-4.0.0.tgz 0ms (cache hit)
698 http cache undici@https://registry.npmjs.org/undici/-/undici-6.28.0.tgz 0ms (cache hit)
699 http cache tinyglobby@https://registry.npmjs.org/tinyglobby/-/tinyglobby-0.2.17.tgz 0ms (cache hit)
700 http cache semver@https://registry.npmjs.org/semver/-/semver-7.8.5.tgz 0ms (cache hit)
701 http cache proc-log@https://registry.npmjs.org/proc-log/-/proc-log-6.1.0.tgz 0ms (cache hit)
702 http cache nopt@https://registry.npmjs.org/nopt/-/nopt-9.0.0.tgz 0ms (cache hit)
703 http cache graceful-fs@https://registry.npmjs.org/graceful-fs/-/graceful-fs-4.2.11.tgz 0ms (cache hit)
704 http cache exponential-backoff@https://registry.npmjs.org/exponential-backoff/-/exponential-backoff-3.1.3.tgz 0ms (cache hit)
705 http cache env-paths@https://registry.npmjs.org/env-paths/-/env-paths-2.2.1.tgz 0ms (cache hit)
706 http cache file-uri-to-path@https://registry.npmjs.org/file-uri-to-path/-/file-uri-to-path-1.0.0.tgz 0ms (cache hit)
707 http cache tar@https://registry.npmjs.org/tar/-/tar-7.5.22.tgz 0ms (cache hit)
708 http cache prebuild-install@https://registry.npmjs.org/prebuild-install/-/prebuild-install-7.1.3.tgz 1ms (cache hit)
709 http cache node-gyp@https://registry.npmjs.org/node-gyp/-/node-gyp-12.4.0.tgz 0ms (cache hit)
710 http cache node-addon-api@https://registry.npmjs.org/node-addon-api/-/node-addon-api-8.9.0.tgz 0ms (cache hit)
711 http cache bindings@https://registry.npmjs.org/bindings/-/bindings-1.5.0.tgz 0ms (cache hit)
712 http cache dunder-proto@https://registry.npmjs.org/dunder-proto/-/dunder-proto-1.0.1.tgz 0ms (cache hit)
713 http cache math-intrinsics@https://registry.npmjs.org/math-intrinsics/-/math-intrinsics-1.1.0.tgz 0ms (cache hit)
714 http cache hasown@https://registry.npmjs.org/hasown/-/hasown-2.0.4.tgz 0ms (cache hit)
715 http cache has-symbols@https://registry.npmjs.org/has-symbols/-/has-symbols-1.1.0.tgz 0ms (cache hit)
716 http cache gopd@https://registry.npmjs.org/gopd/-/gopd-1.2.0.tgz 0ms (cache hit)
717 http cache get-proto@https://registry.npmjs.org/get-proto/-/get-proto-1.0.1.tgz 0ms (cache hit)
718 http cache es-object-atoms@https://registry.npmjs.org/es-object-atoms/-/es-object-atoms-1.1.2.tgz 0ms (cache hit)
719 http cache function-bind@https://registry.npmjs.org/function-bind/-/function-bind-1.1.2.tgz 0ms (cache hit)
720 http cache call-bind-apply-helpers@https://registry.npmjs.org/call-bind-apply-helpers/-/call-bind-apply-helpers-1.0.2.tgz 0ms (cache hit)
721 http cache get-intrinsic@https://registry.npmjs.org/get-intrinsic/-/get-intrinsic-1.3.0.tgz 1ms (cache hit)
722 http cache call-bound@https://registry.npmjs.org/call-bound/-/call-bound-1.0.4.tgz 1ms (cache hit)
723 http cache side-channel-weakmap@https://registry.npmjs.org/side-channel-weakmap/-/side-channel-weakmap-1.0.2.tgz 0ms (cache hit)
724 http cache side-channel-map@https://registry.npmjs.org/side-channel-map/-/side-channel-map-1.0.1.tgz 0ms (cache hit)
725 http cache side-channel-list@https://registry.npmjs.org/side-channel-list/-/side-channel-list-1.0.1.tgz 0ms (cache hit)
726 http cache object-inspect@https://registry.npmjs.org/object-inspect/-/object-inspect-1.13.4.tgz 0ms (cache hit)
727 http cache es-errors@https://registry.npmjs.org/es-errors/-/es-errors-1.3.0.tgz 0ms (cache hit)
728 http cache path-to-regexp@https://registry.npmjs.org/path-to-regexp/-/path-to-regexp-8.4.2.tgz 0ms (cache hit)
729 http cache is-promise@https://registry.npmjs.org/is-promise/-/is-promise-4.0.0.tgz 0ms (cache hit)
730 http cache unpipe@https://registry.npmjs.org/unpipe/-/unpipe-1.0.0.tgz 0ms (cache hit)
731 http cache side-channel@https://registry.npmjs.org/side-channel/-/side-channel-1.1.1.tgz 0ms (cache hit)
732 http cache es-define-property@https://registry.npmjs.org/es-define-property/-/es-define-property-1.0.1.tgz 0ms (cache hit)
733 http cache ipaddr.js@https://registry.npmjs.org/ipaddr.js/-/ipaddr.js-1.9.1.tgz 0ms (cache hit)
734 http cache forwarded@https://registry.npmjs.org/forwarded/-/forwarded-0.2.0.tgz 0ms (cache hit)
735 http cache wrappy@https://registry.npmjs.org/wrappy/-/wrappy-1.0.2.tgz 0ms (cache hit)
736 http cache ee-first@https://registry.npmjs.org/ee-first/-/ee-first-1.1.1.tgz 0ms (cache hit)
737 http cache mime-db@https://registry.npmjs.org/mime-db/-/mime-db-1.54.0.tgz 0ms (cache hit)
738 http cache safer-buffer@https://registry.npmjs.org/safer-buffer/-/safer-buffer-2.1.2.tgz 0ms (cache hit)
739 http cache toidentifier@https://registry.npmjs.org/toidentifier/-/toidentifier-1.0.1.tgz 0ms (cache hit)
740 http cache setprototypeof@https://registry.npmjs.org/setprototypeof/-/setprototypeof-1.2.0.tgz 0ms (cache hit)
741 http cache inherits@https://registry.npmjs.org/inherits/-/inherits-2.0.4.tgz 0ms (cache hit)
742 http cache ms@https://registry.npmjs.org/ms/-/ms-2.1.3.tgz 0ms (cache hit)
743 http cache raw-body@https://registry.npmjs.org/raw-body/-/raw-body-3.0.2.tgz 0ms (cache hit)
744 http cache iconv-lite@https://registry.npmjs.org/iconv-lite/-/iconv-lite-0.7.3.tgz 0ms (cache hit)
745 http cache bytes@https://registry.npmjs.org/bytes/-/bytes-3.1.2.tgz 0ms (cache hit)
746 http cache negotiator@https://registry.npmjs.org/negotiator/-/negotiator-1.0.0.tgz 0ms (cache hit)
747 http cache vary@https://registry.npmjs.org/vary/-/vary-1.1.2.tgz 0ms (cache hit)
748 http cache type-is@https://registry.npmjs.org/type-is/-/type-is-2.1.0.tgz 0ms (cache hit)
749 http cache statuses@https://registry.npmjs.org/statuses/-/statuses-2.0.2.tgz 0ms (cache hit)
750 http cache serve-static@https://registry.npmjs.org/serve-static/-/serve-static-2.2.1.tgz 0ms (cache hit)
751 http cache send@https://registry.npmjs.org/send/-/send-1.2.1.tgz 0ms (cache hit)
752 http cache router@https://registry.npmjs.org/router/-/router-2.2.0.tgz 0ms (cache hit)
753 http cache range-parser@https://registry.npmjs.org/range-parser/-/range-parser-1.3.0.tgz 0ms (cache hit)
754 http cache qs@https://registry.npmjs.org/qs/-/qs-6.15.3.tgz 0ms (cache hit)
755 http cache proxy-addr@https://registry.npmjs.org/proxy-addr/-/proxy-addr-2.0.7.tgz 0ms (cache hit)
756 http cache parseurl@https://registry.npmjs.org/parseurl/-/parseurl-1.3.3.tgz 0ms (cache hit)
757 http cache once@https://registry.npmjs.org/once/-/once-1.4.0.tgz 0ms (cache hit)
758 http cache on-finished@https://registry.npmjs.org/on-finished/-/on-finished-2.4.1.tgz 0ms (cache hit)
759 http cache mime-types@https://registry.npmjs.org/mime-types/-/mime-types-3.0.2.tgz 1ms (cache hit)
760 http cache merge-descriptors@https://registry.npmjs.org/merge-descriptors/-/merge-descriptors-2.0.0.tgz 0ms (cache hit)
761 http cache http-errors@https://registry.npmjs.org/http-errors/-/http-errors-2.0.1.tgz 0ms (cache hit)
762 http cache fresh@https://registry.npmjs.org/fresh/-/fresh-2.0.0.tgz 0ms (cache hit)
763 http cache finalhandler@https://registry.npmjs.org/finalhandler/-/finalhandler-2.1.1.tgz 0ms (cache hit)
764 http cache etag@https://registry.npmjs.org/etag/-/etag-1.8.1.tgz 0ms (cache hit)
765 http cache escape-html@https://registry.npmjs.org/escape-html/-/escape-html-1.0.3.tgz 0ms (cache hit)
766 http cache encodeurl@https://registry.npmjs.org/encodeurl/-/encodeurl-2.0.0.tgz 0ms (cache hit)
767 http cache depd@https://registry.npmjs.org/depd/-/depd-2.0.0.tgz 0ms (cache hit)
768 http cache debug@https://registry.npmjs.org/debug/-/debug-4.4.3.tgz 0ms (cache hit)
769 http cache cookie-signature@https://registry.npmjs.org/cookie-signature/-/cookie-signature-1.2.2.tgz 0ms (cache hit)
770 http cache cookie@https://registry.npmjs.org/cookie/-/cookie-0.7.2.tgz 0ms (cache hit)
771 http cache content-type@https://registry.npmjs.org/content-type/-/content-type-1.0.5.tgz 0ms (cache hit)
772 http cache body-parser@https://registry.npmjs.org/body-parser/-/body-parser-2.3.0.tgz 0ms (cache hit)
773 http cache content-disposition@https://registry.npmjs.org/content-disposition/-/content-disposition-1.1.0.tgz 0ms (cache hit)
774 http cache accepts@https://registry.npmjs.org/accepts/-/accepts-2.0.0.tgz 0ms (cache hit)
775 http cache sqlite3@https://registry.npmjs.org/sqlite3/-/sqlite3-6.0.1.tgz 0ms (cache hit)
776 http cache express@https://registry.npmjs.org/express/-/express-5.2.1.tgz 0ms (cache hit)
777 http cache chownr@https://registry.npmjs.org/chownr/-/chownr-1.1.4.tgz 0ms (cache hit)
778 http cache content-type@https://registry.npmjs.org/content-type/-/content-type-2.0.0.tgz 0ms (cache hit)
779 http cache content-type@https://registry.npmjs.org/content-type/-/content-type-2.0.0.tgz 0ms (cache hit)
780 silly tarball no local data for isexe@https://registry.npmjs.org/isexe/-/isexe-4.0.0.tgz. Extracting by manifest.
781 silly tarball no local data for util-deprecate@https://registry.npmjs.org/util-deprecate/-/util-deprecate-1.0.2.tgz. Extracting by manifest.
782 silly tarball no local data for string_decoder@https://registry.npmjs.org/string_decoder/-/string_decoder-1.3.0.tgz. Extracting by manifest.
783 silly tarball no local data for ieee754@https://registry.npmjs.org/ieee754/-/ieee754-1.2.1.tgz. Extracting by manifest.
784 silly tarball no local data for readable-stream@https://registry.npmjs.org/readable-stream/-/readable-stream-3.6.2.tgz. Extracting by manifest.
785 silly tarball no local data for fs-constants@https://registry.npmjs.org/fs-constants/-/fs-constants-1.0.0.tgz. Extracting by manifest.
786 silly tarball no local data for bl@https://registry.npmjs.org/bl/-/bl-4.1.0.tgz. Extracting by manifest.
787 silly tarball no local data for tar-stream@https://registry.npmjs.org/tar-stream/-/tar-stream-2.2.0.tgz. Extracting by manifest.
788 silly tarball no local data for minizlib@https://registry.npmjs.org/minizlib/-/minizlib-3.1.0.tgz. Extracting by manifest.
789 silly tarball no local data for yallist@https://registry.npmjs.org/yallist/-/yallist-5.0.0.tgz. Extracting by manifest.
790 silly tarball no local data for minipass@https://registry.npmjs.org/minipass/-/minipass-7.1.3.tgz. Extracting by manifest.
791 silly tarball no local data for base64-js@https://registry.npmjs.org/base64-js/-/base64-js-1.5.1.tgz. Extracting by manifest.
792 silly tarball no local data for chownr@https://registry.npmjs.org/chownr/-/chownr-3.0.0.tgz. Extracting by manifest.
793 silly tarball no local data for @isaacs/fs-minipass@https://registry.npmjs.org/@isaacs/fs-minipass/-/fs-minipass-4.0.1.tgz. Extracting by manifest.
794 silly tarball no local data for mimic-response@https://registry.npmjs.org/mimic-response/-/mimic-response-3.1.0.tgz. Extracting by manifest.
795 silly tarball no local data for simple-concat@https://registry.npmjs.org/simple-concat/-/simple-concat-1.0.1.tgz. Extracting by manifest.
796 silly tarball no local data for decompress-response@https://registry.npmjs.org/decompress-response/-/decompress-response-6.0.0.tgz. Extracting by manifest.
797 silly tarball no local data for end-of-stream@https://registry.npmjs.org/end-of-stream/-/end-of-stream-1.4.5.tgz. Extracting by manifest.
798 silly tarball no local data for buffer@https://registry.npmjs.org/buffer/-/buffer-5.7.1.tgz. Extracting by manifest.
799 silly tarball no local data for tunnel-agent@https://registry.npmjs.org/tunnel-agent/-/tunnel-agent-0.6.0.tgz. Extracting by manifest.
800 silly tarball no local data for tar-fs@https://registry.npmjs.org/tar-fs/-/tar-fs-2.1.5.tgz. Extracting by manifest.
801 silly tarball no local data for simple-get@https://registry.npmjs.org/simple-get/-/simple-get-4.0.1.tgz. Extracting by manifest.
802 silly tarball no local data for pump@https://registry.npmjs.org/pump/-/pump-3.0.4.tgz. Extracting by manifest.
803 silly tarball no local data for napi-build-utils@https://registry.npmjs.org/napi-build-utils/-/napi-build-utils-2.0.0.tgz. Extracting by manifest.
804 silly tarball no local data for mkdirp-classic@https://registry.npmjs.org/mkdirp-classic/-/mkdirp-classic-0.5.3.tgz. Extracting by manifest.
805 silly tarball no local data for github-from-package@https://registry.npmjs.org/github-from-package/-/github-from-package-0.0.0.tgz. Extracting by manifest.
806 silly tarball no local data for expand-template@https://registry.npmjs.org/expand-template/-/expand-template-2.0.3.tgz. Extracting by manifest.
807 silly tarball no local data for node-abi@https://registry.npmjs.org/node-abi/-/node-abi-3.94.0.tgz. Extracting by manifest.
808 silly tarball no local data for which@https://registry.npmjs.org/which/-/which-6.0.1.tgz. Extracting by manifest.
809 silly tarball no local data for undici@https://registry.npmjs.org/undici/-/undici-6.28.0.tgz. Extracting by manifest.
810 silly tarball no local data for proc-log@https://registry.npmjs.org/proc-log/-/proc-log-6.1.0.tgz. Extracting by manifest.
811 silly tarball no local data for nopt@https://registry.npmjs.org/nopt/-/nopt-9.0.0.tgz. Extracting by manifest.
812 silly tarball no local data for abbrev@https://registry.npmjs.org/abbrev/-/abbrev-4.0.0.tgz. Extracting by manifest.
813 silly tarball no local data for graceful-fs@https://registry.npmjs.org/graceful-fs/-/graceful-fs-4.2.11.tgz. Extracting by manifest.
814 silly tarball no local data for exponential-backoff@https://registry.npmjs.org/exponential-backoff/-/exponential-backoff-3.1.3.tgz. Extracting by manifest.
815 silly tarball no local data for env-paths@https://registry.npmjs.org/env-paths/-/env-paths-2.2.1.tgz. Extracting by manifest.
816 silly tarball no local data for file-uri-to-path@https://registry.npmjs.org/file-uri-to-path/-/file-uri-to-path-1.0.0.tgz. Extracting by manifest.
817 silly tarball no local data for prebuild-install@https://registry.npmjs.org/prebuild-install/-/prebuild-install-7.1.3.tgz. Extracting by manifest.
818 silly tarball no local data for tar@https://registry.npmjs.org/tar/-/tar-7.5.22.tgz. Extracting by manifest.
819 silly tarball no local data for node-gyp@https://registry.npmjs.org/node-gyp/-/node-gyp-12.4.0.tgz. Extracting by manifest.
820 silly tarball no local data for bindings@https://registry.npmjs.org/bindings/-/bindings-1.5.0.tgz. Extracting by manifest.
821 silly tarball no local data for sqlite3@https://registry.npmjs.org/sqlite3/-/sqlite3-6.0.1.tgz. Extracting by manifest.
822 silly tarball no local data for chownr@https://registry.npmjs.org/chownr/-/chownr-1.1.4.tgz. Extracting by manifest.
823 http fetch GET 200 https://registry.npmjs.org/util-deprecate/-/util-deprecate-1.0.2.tgz 884ms (cache miss)
824 http fetch GET 200 https://registry.npmjs.org/string_decoder/-/string_decoder-1.3.0.tgz 883ms (cache miss)
825 http fetch GET 200 https://registry.npmjs.org/ieee754/-/ieee754-1.2.1.tgz 883ms (cache miss)
826 http fetch GET 200 https://registry.npmjs.org/fs-constants/-/fs-constants-1.0.0.tgz 909ms (cache miss)
827 http fetch GET 200 https://registry.npmjs.org/end-of-stream/-/end-of-stream-1.4.5.tgz 978ms (cache miss)
828 http fetch GET 200 https://registry.npmjs.org/simple-concat/-/simple-concat-1.0.1.tgz 984ms (cache miss)
829 http fetch GET 200 https://registry.npmjs.org/decompress-response/-/decompress-response-6.0.0.tgz 983ms (cache miss)
830 http fetch GET 200 https://registry.npmjs.org/tunnel-agent/-/tunnel-agent-0.6.0.tgz 982ms (cache miss)
831 http fetch GET 200 https://registry.npmjs.org/tar-fs/-/tar-fs-2.1.5.tgz 994ms (cache miss)
832 http fetch GET 200 https://registry.npmjs.org/simple-get/-/simple-get-4.0.1.tgz 996ms (cache miss)
833 http fetch GET 200 https://registry.npmjs.org/bl/-/bl-4.1.0.tgz 1033ms (cache miss)
834 http fetch GET 200 https://registry.npmjs.org/buffer/-/buffer-5.7.1.tgz 1013ms (cache miss)
835 http fetch GET 200 https://registry.npmjs.org/pump/-/pump-3.0.4.tgz 1069ms (cache miss)
836 http fetch GET 200 https://registry.npmjs.org/napi-build-utils/-/napi-build-utils-2.0.0.tgz 1121ms (cache miss)
837 http fetch GET 200 https://registry.npmjs.org/mkdirp-classic/-/mkdirp-classic-0.5.3.tgz 1123ms (cache miss)
838 http fetch GET 200 https://registry.npmjs.org/github-from-package/-/github-from-package-0.0.0.tgz 1129ms (cache miss)
839 http fetch GET 200 https://registry.npmjs.org/expand-template/-/expand-template-2.0.3.tgz 1129ms (cache miss)
840 http fetch GET 200 https://registry.npmjs.org/node-abi/-/node-abi-3.94.0.tgz 1138ms (cache miss)
841 http fetch GET 200 https://registry.npmjs.org/which/-/which-6.0.1.tgz 1163ms (cache miss)
842 http fetch GET 200 https://registry.npmjs.org/readable-stream/-/readable-stream-3.6.2.tgz 1231ms (cache miss)
843 http fetch GET 200 https://registry.npmjs.org/isexe/-/isexe-4.0.0.tgz 1267ms (cache miss)
844 http fetch GET 200 https://registry.npmjs.org/proc-log/-/proc-log-6.1.0.tgz 1342ms (cache miss)
845 http fetch GET 200 https://registry.npmjs.org/abbrev/-/abbrev-4.0.0.tgz 1518ms (cache miss)
846 http fetch GET 200 https://registry.npmjs.org/chownr/-/chownr-3.0.0.tgz 1563ms (cache miss)
847 http fetch GET 200 https://registry.npmjs.org/graceful-fs/-/graceful-fs-4.2.11.tgz 1533ms (cache miss)
848 http fetch GET 200 https://registry.npmjs.org/nopt/-/nopt-9.0.0.tgz 1577ms (cache miss)
849 http fetch GET 200 https://registry.npmjs.org/tar-stream/-/tar-stream-2.2.0.tgz 1653ms (cache miss)
850 http fetch GET 200 https://registry.npmjs.org/mimic-response/-/mimic-response-3.1.0.tgz 1836ms (cache miss)
851 http fetch GET 200 https://registry.npmjs.org/@isaacs/fs-minipass/-/fs-minipass-4.0.1.tgz 1992ms (cache miss)
852 http fetch GET 200 https://registry.npmjs.org/minizlib/-/minizlib-3.1.0.tgz 2057ms (cache miss)
853 http fetch GET 200 https://registry.npmjs.org/prebuild-install/-/prebuild-install-7.1.3.tgz 2013ms (cache miss)
854 warn deprecated prebuild-install@7.1.3: No longer maintained. Please contact the author of the relevant native addon; alternatives are available.
855 http fetch GET 200 https://registry.npmjs.org/file-uri-to-path/-/file-uri-to-path-1.0.0.tgz 2079ms (cache miss)
856 http fetch GET 200 https://registry.npmjs.org/exponential-backoff/-/exponential-backoff-3.1.3.tgz 2086ms (cache miss)
857 http fetch GET 200 https://registry.npmjs.org/bindings/-/bindings-1.5.0.tgz 2079ms (cache miss)
858 http fetch GET 200 https://registry.npmjs.org/base64-js/-/base64-js-1.5.1.tgz 2321ms (cache miss)
859 http fetch GET 200 https://registry.npmjs.org/chownr/-/chownr-1.1.4.tgz 2253ms (cache miss)
860 http fetch GET 200 https://registry.npmjs.org/env-paths/-/env-paths-2.2.1.tgz 2283ms (cache miss)
861 http fetch GET 200 https://registry.npmjs.org/yallist/-/yallist-5.0.0.tgz 2358ms (cache miss)
862 http fetch GET 200 https://registry.npmjs.org/minipass/-/minipass-7.1.3.tgz 2818ms (cache miss)
863 http fetch GET 200 https://registry.npmjs.org/undici/-/undici-6.28.0.tgz 2989ms (cache miss)
864 http fetch GET 200 https://registry.npmjs.org/node-gyp/-/node-gyp-12.4.0.tgz 3664ms (cache miss)
865 http fetch GET 200 https://registry.npmjs.org/tar/-/tar-7.5.22.tgz 4136ms (cache miss)
866 http fetch GET 200 https://registry.npmjs.org/sqlite3/-/sqlite3-6.0.1.tgz 5661ms (cache miss)
867 info run sqlite3@6.0.1 install node_modules/sqlite3 prebuild-install -r napi || node-gyp rebuild
868 info run sqlite3@6.0.1 install { code: 1, signal: null }
869 verbose stack Error: command failed
869 verbose stack     at promiseSpawn (/data/data/com.termux/files/usr/lib/node_modules/npm/node_modules/@npmcli/promise-spawn/lib/index.js:22:22)
869 verbose stack     at spawnWithShell (/data/data/com.termux/files/usr/lib/node_modules/npm/node_modules/@npmcli/promise-spawn/lib/index.js:124:10)
869 verbose stack     at promiseSpawn (/data/data/com.termux/files/usr/lib/node_modules/npm/node_modules/@npmcli/promise-spawn/lib/index.js:12:12)
869 verbose stack     at runScriptPkg (/data/data/com.termux/files/usr/lib/node_modules/npm/node_modules/@npmcli/run-script/lib/run-script-pkg.js:79:13)
869 verbose stack     at runScript (/data/data/com.termux/files/usr/lib/node_modules/npm/node_modules/@npmcli/run-script/lib/run-script.js:9:12)
869 verbose stack     at /data/data/com.termux/files/usr/lib/node_modules/npm/node_modules/@npmcli/arborist/lib/arborist/rebuild.js:348:17
869 verbose stack     at run (/data/data/com.termux/files/usr/lib/node_modules/npm/node_modules/promise-call-limit/dist/commonjs/index.js:67:22)
869 verbose stack     at /data/data/com.termux/files/usr/lib/node_modules/npm/node_modules/promise-call-limit/dist/commonjs/index.js:84:9
869 verbose stack     at new Promise (<anonymous>)
869 verbose stack     at callLimit (/data/data/com.termux/files/usr/lib/node_modules/npm/node_modules/promise-call-limit/dist/commonjs/index.js:35:69)
870 verbose pkgid sqlite3@6.0.1
871 error code 1
872 error path /data/data/com.termux/files/home/node_modules/sqlite3
873 error command failed
874 error command sh -c prebuild-install -r napi || node-gyp rebuild
875 error prebuild-install warn install No prebuilt binaries found (target=6 runtime=napi arch=arm64 libc= platform=android)
875 error gyp info it worked if it ends with ok
875 error gyp info using node-gyp@12.4.0
875 error gyp info using node@26.4.0 | android | arm64
875 error gyp info find Python using Python version 3.14.6 found at "/data/data/com.termux/files/usr/bin/python3"
875 error gyp info spawn /data/data/com.termux/files/usr/bin/python3
875 error gyp info spawn args [
875 error gyp info spawn args '/data/data/com.termux/files/home/node_modules/node-gyp/gyp/gyp_main.py',
875 error gyp info spawn args 'binding.gyp',
875 error gyp info spawn args '-f',
875 error gyp info spawn args 'make',
875 error gyp info spawn args '-I',
875 error gyp info spawn args '/data/data/com.termux/files/home/node_modules/sqlite3/build/config.gypi',
875 error gyp info spawn args '-I',
875 error gyp info spawn args '/data/data/com.termux/files/home/node_modules/node-gyp/addon.gypi',
875 error gyp info spawn args '-I',
875 error gyp info spawn args '/data/data/com.termux/files/home/.cache/node-gyp/26.4.0/include/node/common.gypi',
875 error gyp info spawn args '-Dlibrary=shared_library',
875 error gyp info spawn args '-Dvisibility=default',
875 error gyp info spawn args '-Dnode_root_dir=/data/data/com.termux/files/home/.cache/node-gyp/26.4.0',
875 error gyp info spawn args '-Dnode_gyp_dir=/data/data/com.termux/files/home/node_modules/node-gyp',
875 error gyp info spawn args '-Dnode_lib_file=/data/data/com.termux/files/home/.cache/node-gyp/26.4.0/<(target_arch)/node.lib',
875 error gyp info spawn args '-Dmodule_root_dir=/data/data/com.termux/files/home/node_modules/sqlite3',
875 error gyp info spawn args '-Dnode_engine=v8',
875 error gyp info spawn args '--depth=.',
875 error gyp info spawn args '--no-parallel',
875 error gyp info spawn args '--generator-output',
875 error gyp info spawn args 'build',
875 error gyp info spawn args '-Goutput_dir=.'
875 error gyp info spawn args ]
875 error gyp: Undefined variable android_ndk_path in binding.gyp while trying to load binding.gyp
875 error gyp ERR! configure error 
875 error gyp ERR! stack Error: `gyp` failed with exit code: 1
875 error gyp ERR! stack at ChildProcess.<anonymous> (/data/data/com.termux/files/home/node_modules/node-gyp/lib/configure.js:317:18)
875 error gyp ERR! stack at ChildProcess.emit (node:events:509:20)
875 error gyp ERR! stack at ChildProcess._handle.onexit (node:internal/child_process:294:12)
875 error gyp ERR! System Linux 6.12.38-android16-5-abA075FXXS6CZF6-4k
875 error gyp ERR! command "/data/data/com.termux/files/usr/bin/node" "/data/data/com.termux/files/home/node_modules/.bin/node-gyp" "rebuild"
875 error gyp ERR! cwd /data/data/com.termux/files/home/node_modules/sqlite3
875 error gyp ERR! node -v v26.4.0
875 error gyp ERR! node-gyp -v v12.4.0
875 error gyp ERR! $npm_package_name sqlite3
875 error gyp ERR! $npm_package_version 6.0.1
875 error gyp ERR! not ok
876 silly unfinished npm timer reify 1785036726902
877 silly unfinished npm timer reify:build 1785036740957
878 silly unfinished npm timer build 1785036740960
879 silly unfinished npm timer build:deps 1785036740961
880 silly unfinished npm timer build:run:install 1785036741000
881 silly unfinished npm timer build:run:install:node_modules/sqlite3 1785036741001
882 verbose cwd /data/data/com.termux/files/home
883 verbose os Linux 6.12.38-android16-5-abA075FXXS6CZF6-4k
884 verbose node v26.4.0
885 verbose npm  v11.18.0
886 verbose exit 1
887 verbose code 1
888 error A complete log of this run can be found in: /data/data/com.termux/files/home/.npm/_logs/2026-07-26T03_32_05_761Z-debug-0.log
