0 verbose cli /data/data/com.termux/files/usr/bin/node /data/data/com.termux/files/usr/bin/npm
1 info using npm@11.18.0
2 info using node@v26.4.0
3 silly config load:file:/data/data/com.termux/files/usr/lib/node_modules/npm/npmrc
4 silly config load:file:/data/data/com.termux/files/home/.npmrc
5 silly config load:file:/data/data/com.termux/files/usr/etc/npmrc
6 verbose title npm install better-sqlite3
7 verbose argv "install" "better-sqlite3"
8 verbose logfile logs-max:10 dir:/data/data/com.termux/files/home/.npm/_logs/2026-07-26T03_19_50_336Z-
9 verbose logfile /data/data/com.termux/files/home/.npm/_logs/2026-07-26T03_19_50_336Z-debug-0.log
10 silly logfile start cleaning logs, removing 1 files
11 silly allow-scripts no package.json at prefix Could not read package.json: Error: ENOENT: no such file or directory, open '/data/data/com.termux/files/home/package.json'
12 silly packumentCache heap:1047527424 maxSize:261881856 maxEntrySize:130940928
13 silly logfile done cleaning log files
14 silly idealTree buildDeps
15 silly fetch manifest better-sqlite3@*
16 silly packumentCache full:https://registry.npmjs.org/better-sqlite3 cache-miss
17 http fetch GET 200 https://registry.npmjs.org/better-sqlite3 1335ms (cache miss)
18 silly packumentCache full:https://registry.npmjs.org/better-sqlite3 set size:undefined disposed:false
19 silly placeDep ROOT better-sqlite3@13.0.1 OK for:  want: *
20 silly fetch manifest node-addon-api@^8.0.0
21 silly packumentCache full:https://registry.npmjs.org/node-addon-api cache-miss
22 http fetch GET 200 https://registry.npmjs.org/node-addon-api 360ms (cache miss)
23 silly packumentCache full:https://registry.npmjs.org/node-addon-api set size:undefined disposed:false
24 silly placeDep ROOT node-addon-api@8.9.0 OK for: better-sqlite3@13.0.1 want: ^8.0.0
25 silly reify moves {}
26 http cache better-sqlite3@https://registry.npmjs.org/better-sqlite3/-/better-sqlite3-13.0.1.tgz 0ms (cache hit)
27 http cache node-addon-api@https://registry.npmjs.org/node-addon-api/-/node-addon-api-8.9.0.tgz 0ms (cache hit)
28 silly tarball no local data for better-sqlite3@https://registry.npmjs.org/better-sqlite3/-/better-sqlite3-13.0.1.tgz. Extracting by manifest.
29 silly tarball no local data for node-addon-api@https://registry.npmjs.org/node-addon-api/-/node-addon-api-8.9.0.tgz. Extracting by manifest.
30 http fetch GET 200 https://registry.npmjs.org/node-addon-api/-/node-addon-api-8.9.0.tgz 1976ms (cache miss)
31 http fetch GET 200 https://registry.npmjs.org/better-sqlite3/-/better-sqlite3-13.0.1.tgz 23232ms (cache miss)
32 info run better-sqlite3@13.0.1 install node_modules/better-sqlite3 node-gyp rebuild
33 info run better-sqlite3@13.0.1 install { code: 1, signal: null }
34 verbose stack Error: command failed
34 verbose stack     at promiseSpawn (/data/data/com.termux/files/usr/lib/node_modules/npm/node_modules/@npmcli/promise-spawn/lib/index.js:22:22)
34 verbose stack     at spawnWithShell (/data/data/com.termux/files/usr/lib/node_modules/npm/node_modules/@npmcli/promise-spawn/lib/index.js:124:10)
34 verbose stack     at promiseSpawn (/data/data/com.termux/files/usr/lib/node_modules/npm/node_modules/@npmcli/promise-spawn/lib/index.js:12:12)
34 verbose stack     at runScriptPkg (/data/data/com.termux/files/usr/lib/node_modules/npm/node_modules/@npmcli/run-script/lib/run-script-pkg.js:79:13)
34 verbose stack     at runScript (/data/data/com.termux/files/usr/lib/node_modules/npm/node_modules/@npmcli/run-script/lib/run-script.js:9:12)
34 verbose stack     at /data/data/com.termux/files/usr/lib/node_modules/npm/node_modules/@npmcli/arborist/lib/arborist/rebuild.js:348:17
34 verbose stack     at run (/data/data/com.termux/files/usr/lib/node_modules/npm/node_modules/promise-call-limit/dist/commonjs/index.js:67:22)
34 verbose stack     at /data/data/com.termux/files/usr/lib/node_modules/npm/node_modules/promise-call-limit/dist/commonjs/index.js:84:9
34 verbose stack     at new Promise (<anonymous>)
34 verbose stack     at callLimit (/data/data/com.termux/files/usr/lib/node_modules/npm/node_modules/promise-call-limit/dist/commonjs/index.js:35:69)
35 verbose pkgid better-sqlite3@13.0.1
36 error code 1
37 error path /data/data/com.termux/files/home/node_modules/better-sqlite3
38 error command failed
39 error command sh -c node-gyp rebuild
40 error gyp info it worked if it ends with ok
40 error gyp info using node-gyp@12.4.0
40 error gyp info using node@26.4.0 | android | arm64
40 error gyp info find Python using Python version 3.14.6 found at "/data/data/com.termux/files/usr/bin/python3"
40 error gyp http GET https://nodejs.org/download/release/v26.4.0/node-v26.4.0-headers.tar.gz
40 error gyp http 200 https://nodejs.org/download/release/v26.4.0/node-v26.4.0-headers.tar.gz
40 error gyp http GET https://nodejs.org/download/release/v26.4.0/SHASUMS256.txt
40 error gyp http 200 https://nodejs.org/download/release/v26.4.0/SHASUMS256.txt
40 error gyp info spawn /data/data/com.termux/files/usr/bin/python3
40 error gyp info spawn args [
40 error gyp info spawn args '/data/data/com.termux/files/usr/lib/node_modules/npm/node_modules/node-gyp/gyp/gyp_main.py',
40 error gyp info spawn args 'binding.gyp',
40 error gyp info spawn args '-f',
40 error gyp info spawn args 'make',
40 error gyp info spawn args '-I',
40 error gyp info spawn args '/data/data/com.termux/files/home/node_modules/better-sqlite3/build/config.gypi',
40 error gyp info spawn args '-I',
40 error gyp info spawn args '/data/data/com.termux/files/usr/lib/node_modules/npm/node_modules/node-gyp/addon.gypi',
40 error gyp info spawn args '-I',
40 error gyp info spawn args '/data/data/com.termux/files/home/.cache/node-gyp/26.4.0/include/node/common.gypi',
40 error gyp info spawn args '-Dlibrary=shared_library',
40 error gyp info spawn args '-Dvisibility=default',
40 error gyp info spawn args '-Dnode_root_dir=/data/data/com.termux/files/home/.cache/node-gyp/26.4.0',
40 error gyp info spawn args '-Dnode_gyp_dir=/data/data/com.termux/files/usr/lib/node_modules/npm/node_modules/node-gyp',
40 error gyp info spawn args '-Dnode_lib_file=/data/data/com.termux/files/home/.cache/node-gyp/26.4.0/<(target_arch)/node.lib',
40 error gyp info spawn args '-Dmodule_root_dir=/data/data/com.termux/files/home/node_modules/better-sqlite3',
40 error gyp info spawn args '-Dnode_engine=v8',
40 error gyp info spawn args '--depth=.',
40 error gyp info spawn args '--no-parallel',
40 error gyp info spawn args '--generator-output',
40 error gyp info spawn args 'build',
40 error gyp info spawn args '-Goutput_dir=.'
40 error gyp info spawn args ]
40 error gyp: Undefined variable android_ndk_path in binding.gyp while trying to load binding.gyp
40 error gyp ERR! configure error 
40 error gyp ERR! stack Error: `gyp` failed with exit code: 1
40 error gyp ERR! stack at ChildProcess.<anonymous> (/data/data/com.termux/files/usr/lib/node_modules/npm/node_modules/node-gyp/lib/configure.js:317:18)
40 error gyp ERR! stack at ChildProcess.emit (node:events:509:20)
40 error gyp ERR! stack at ChildProcess._handle.onexit (node:internal/child_process:294:12)
40 error gyp ERR! System Linux 6.12.38-android16-5-abA075FXXS6CZF6-4k
40 error gyp ERR! command "/data/data/com.termux/files/usr/bin/node" "/data/data/com.termux/files/usr/lib/node_modules/npm/node_modules/node-gyp/bin/node-gyp.js" "rebuild"
40 error gyp ERR! cwd /data/data/com.termux/files/home/node_modules/better-sqlite3
40 error gyp ERR! node -v v26.4.0
40 error gyp ERR! node-gyp -v v12.4.0
40 error gyp ERR! $npm_package_name better-sqlite3
40 error gyp ERR! $npm_package_version 13.0.1
40 error gyp ERR! not ok
41 silly unfinished npm timer reify 1785035992278
42 silly unfinished npm timer reify:build 1785036017405
43 silly unfinished npm timer build 1785036017407
44 silly unfinished npm timer build:deps 1785036017408
45 silly unfinished npm timer build:run:install 1785036017413
46 silly unfinished npm timer build:run:install:node_modules/better-sqlite3 1785036017414
47 verbose cwd /data/data/com.termux/files/home
48 verbose os Linux 6.12.38-android16-5-abA075FXXS6CZF6-4k
49 verbose node v26.4.0
50 verbose npm  v11.18.0
51 verbose exit 1
52 verbose code 1
53 error A complete log of this run can be found in: /data/data/com.termux/files/home/.npm/_logs/2026-07-26T03_19_50_336Z-debug-0.log
