0 verbose cli /data/data/com.termux/files/usr/bin/node /data/data/com.termux/files/usr/bin/npm
1 info using npm@11.18.0
2 info using node@v26.4.0
3 silly config load:file:/data/data/com.termux/files/usr/lib/node_modules/npm/npmrc
4 silly config load:file:/data/data/com.termux/files/home/.npmrc
5 silly config load:file:/data/data/com.termux/files/usr/etc/npmrc
6 verbose title npm install pm2
7 verbose argv "install" "--global" "pm2"
8 verbose logfile logs-max:10 dir:/data/data/com.termux/files/home/.npm/_logs/2026-08-02T16_08_58_332Z-
9 verbose logfile /data/data/com.termux/files/home/.npm/_logs/2026-08-02T16_08_58_332Z-debug-0.log
10 silly packumentCache heap:1047527424 maxSize:261881856 maxEntrySize:130940928
11 silly logfile start cleaning logs, removing 1 files
12 silly logfile done cleaning log files
13 silly idealTree buildDeps
14 silly fetch manifest pm2@*
15 silly packumentCache full:https://registry.npmjs.org/pm2 cache-miss
16 http fetch GET 200 https://registry.npmjs.org/pm2 1087ms (cache miss)
17 silly packumentCache full:https://registry.npmjs.org/pm2 set size:undefined disposed:false
18 silly placeDep ROOT pm2@7.0.3 OK for:  want: *
19 silly fetch manifest @pm2/blessed@0.1.81
20 silly packumentCache full:https://registry.npmjs.org/@pm2%2fblessed cache-miss
21 silly fetch manifest @pm2/js-api@0.8.1
22 silly packumentCache full:https://registry.npmjs.org/@pm2%2fjs-api cache-miss
23 silly fetch manifest @pm2/pm2-version-check@1.0.4
24 silly packumentCache full:https://registry.npmjs.org/@pm2%2fpm2-version-check cache-miss
25 silly fetch manifest amp@0.3.1
26 silly packumentCache full:https://registry.npmjs.org/amp cache-miss
27 silly fetch manifest amp-message@0.1.2
28 silly packumentCache full:https://registry.npmjs.org/amp-message cache-miss
29 silly fetch manifest ansis@4.0.0-node10
30 silly packumentCache full:https://registry.npmjs.org/ansis cache-miss
31 silly fetch manifest async@3.2.6
32 silly packumentCache full:https://registry.npmjs.org/async cache-miss
33 http fetch GET 200 https://registry.npmjs.org/@pm2%2fblessed 269ms (cache miss)
34 silly packumentCache full:https://registry.npmjs.org/@pm2%2fblessed set size:undefined disposed:false
35 silly fetch manifest chokidar@3.6.0
36 silly packumentCache full:https://registry.npmjs.org/chokidar cache-miss
37 http fetch GET 200 https://registry.npmjs.org/chokidar 228ms (cache revalidated)
38 silly packumentCache full:https://registry.npmjs.org/chokidar set size:255902 disposed:false
39 silly fetch manifest cli-tableau@2.0.1
40 silly packumentCache full:https://registry.npmjs.org/cli-tableau cache-miss
41 http fetch GET 200 https://registry.npmjs.org/amp 759ms (cache miss)
42 silly packumentCache full:https://registry.npmjs.org/amp set size:undefined disposed:false
43 silly fetch manifest commander@2.15.1
44 silly packumentCache full:https://registry.npmjs.org/commander cache-miss
45 http fetch GET 200 https://registry.npmjs.org/cli-tableau 260ms (cache miss)
46 silly packumentCache full:https://registry.npmjs.org/cli-tableau set size:undefined disposed:false
47 silly fetch manifest croner@4.1.97
48 silly packumentCache full:https://registry.npmjs.org/croner cache-miss
49 http fetch GET 200 https://registry.npmjs.org/@pm2%2fpm2-version-check 799ms (cache miss)
50 silly packumentCache full:https://registry.npmjs.org/@pm2%2fpm2-version-check set size:undefined disposed:false
51 silly fetch manifest dayjs@1.11.15
52 silly packumentCache full:https://registry.npmjs.org/dayjs cache-miss
53 http fetch GET 200 https://registry.npmjs.org/amp-message 831ms (cache miss)
54 silly packumentCache full:https://registry.npmjs.org/amp-message set size:undefined disposed:false
55 silly fetch manifest debug@4.4.3
56 silly packumentCache full:https://registry.npmjs.org/debug cache-miss
57 http fetch GET 200 https://registry.npmjs.org/@pm2%2fjs-api 864ms (cache miss)
58 silly packumentCache full:https://registry.npmjs.org/@pm2%2fjs-api set size:undefined disposed:false
59 silly fetch manifest eventemitter2@6.4.9
60 silly packumentCache full:https://registry.npmjs.org/eventemitter2 cache-miss
61 http fetch GET 200 https://registry.npmjs.org/ansis 879ms (cache miss)
62 silly packumentCache full:https://registry.npmjs.org/ansis set size:undefined disposed:false
63 silly fetch manifest fast-json-patch@3.1.1
64 silly packumentCache full:https://registry.npmjs.org/fast-json-patch cache-miss
65 http fetch GET 200 https://registry.npmjs.org/async 907ms (cache miss)
66 silly packumentCache full:https://registry.npmjs.org/async set size:undefined disposed:false
67 silly fetch manifest js-yaml@4.3.0
68 silly packumentCache full:https://registry.npmjs.org/js-yaml cache-miss
69 http fetch GET 200 https://registry.npmjs.org/dayjs 294ms (cache revalidated)
70 silly packumentCache full:https://registry.npmjs.org/dayjs set size:489321 disposed:false
71 silly fetch manifest pidusage@4.0.1
72 silly packumentCache full:https://registry.npmjs.org/pidusage cache-miss
73 http fetch GET 200 https://registry.npmjs.org/debug 303ms (cache revalidated)
74 silly packumentCache full:https://registry.npmjs.org/debug set size:195840 disposed:false
75 silly fetch manifest pm2-deploy@1.0.2
76 silly packumentCache full:https://registry.npmjs.org/pm2-deploy cache-miss
77 http fetch GET 200 https://registry.npmjs.org/croner 404ms (cache miss)
78 silly packumentCache full:https://registry.npmjs.org/croner set size:undefined disposed:false
79 silly fetch manifest proxy-agent@6.5.0
80 silly packumentCache full:https://registry.npmjs.org/proxy-agent cache-miss
81 http fetch GET 200 https://registry.npmjs.org/eventemitter2 376ms (cache miss)
82 silly packumentCache full:https://registry.npmjs.org/eventemitter2 set size:undefined disposed:false
83 silly fetch manifest semver@7.7.2
84 silly packumentCache full:https://registry.npmjs.org/semver cache-miss
85 http fetch GET 200 https://registry.npmjs.org/fast-json-patch 371ms (cache miss)
86 silly packumentCache full:https://registry.npmjs.org/fast-json-patch set size:undefined disposed:false
87 silly fetch manifest tx2@1.0.5
88 silly packumentCache full:https://registry.npmjs.org/tx2 cache-miss
89 http fetch GET 200 https://registry.npmjs.org/commander 517ms (cache miss)
90 silly packumentCache full:https://registry.npmjs.org/commander set size:undefined disposed:false
91 silly fetch manifest ws@8.21.0
92 silly packumentCache full:https://registry.npmjs.org/ws cache-miss
93 http fetch GET 200 https://registry.npmjs.org/js-yaml 394ms (cache updated)
94 silly packumentCache full:https://registry.npmjs.org/js-yaml set size:undefined disposed:false
95 http fetch GET 200 https://registry.npmjs.org/pidusage 246ms (cache miss)
96 silly packumentCache full:https://registry.npmjs.org/pidusage set size:undefined disposed:false
97 http fetch GET 200 https://registry.npmjs.org/pm2-deploy 221ms (cache miss)
98 silly packumentCache full:https://registry.npmjs.org/pm2-deploy set size:undefined disposed:false
99 http fetch GET 200 https://registry.npmjs.org/proxy-agent 234ms (cache miss)
100 silly packumentCache full:https://registry.npmjs.org/proxy-agent set size:undefined disposed:false
101 http fetch GET 200 https://registry.npmjs.org/tx2 234ms (cache miss)
102 silly packumentCache full:https://registry.npmjs.org/tx2 set size:undefined disposed:false
103 http fetch GET 200 https://registry.npmjs.org/semver 260ms (cache revalidated)
104 silly packumentCache full:https://registry.npmjs.org/semver set size:246069 disposed:false
105 http fetch GET 200 https://registry.npmjs.org/ws 324ms (cache updated)
106 silly packumentCache full:https://registry.npmjs.org/ws set size:undefined disposed:false
107 silly fetch manifest bufferutil@^4.0.1
108 silly packumentCache full:https://registry.npmjs.org/bufferutil cache-miss
109 http fetch GET 200 https://registry.npmjs.org/bufferutil 227ms (cache updated)
110 silly packumentCache full:https://registry.npmjs.org/bufferutil set size:undefined disposed:false
111 silly fetch manifest utf-8-validate@>=5.0.2
112 silly packumentCache full:https://registry.npmjs.org/utf-8-validate cache-miss
113 http fetch GET 200 https://registry.npmjs.org/utf-8-validate 241ms (cache updated)
114 silly packumentCache full:https://registry.npmjs.org/utf-8-validate set size:undefined disposed:false
115 silly placeDep node_modules/pm2 @pm2/blessed@0.1.81 OK for: pm2@7.0.3 want: 0.1.81
116 silly placeDep node_modules/pm2 @pm2/js-api@0.8.1 OK for: pm2@7.0.3 want: 0.8.1
117 silly placeDep node_modules/pm2 @pm2/pm2-version-check@1.0.4 OK for: pm2@7.0.3 want: 1.0.4
118 silly placeDep node_modules/pm2 amp@0.3.1 OK for: pm2@7.0.3 want: 0.3.1
119 silly placeDep node_modules/pm2 amp-message@0.1.2 OK for: pm2@7.0.3 want: 0.1.2
120 silly placeDep node_modules/pm2 ansis@4.0.0-node10 OK for: pm2@7.0.3 want: 4.0.0-node10
121 silly placeDep node_modules/pm2 async@3.2.6 OK for: pm2@7.0.3 want: 3.2.6
122 silly placeDep node_modules/pm2 chokidar@3.6.0 OK for: pm2@7.0.3 want: 3.6.0
123 silly placeDep node_modules/pm2 cli-tableau@2.0.1 OK for: pm2@7.0.3 want: 2.0.1
124 silly placeDep node_modules/pm2 commander@2.15.1 OK for: pm2@7.0.3 want: 2.15.1
125 silly placeDep node_modules/pm2 croner@4.1.97 OK for: pm2@7.0.3 want: 4.1.97
126 silly placeDep node_modules/pm2 dayjs@1.11.15 OK for: pm2@7.0.3 want: 1.11.15
127 silly placeDep node_modules/pm2 debug@4.4.3 OK for: pm2@7.0.3 want: 4.4.3
128 silly placeDep node_modules/pm2 eventemitter2@6.4.9 OK for: pm2@7.0.3 want: 6.4.9
129 silly placeDep node_modules/pm2 fast-json-patch@3.1.1 OK for: pm2@7.0.3 want: 3.1.1
130 silly placeDep node_modules/pm2 js-yaml@4.3.0 OK for: pm2@7.0.3 want: 4.3.0
131 silly placeDep node_modules/pm2 pidusage@4.0.1 OK for: pm2@7.0.3 want: 4.0.1
132 silly placeDep node_modules/pm2 pm2-deploy@1.0.2 OK for: pm2@7.0.3 want: 1.0.2
133 silly placeDep node_modules/pm2 proxy-agent@6.5.0 OK for: pm2@7.0.3 want: 6.5.0
134 silly placeDep node_modules/pm2 semver@7.7.2 OK for: pm2@7.0.3 want: 7.7.2
135 silly placeDep node_modules/pm2 tx2@1.0.5 OK for: pm2@7.0.3 want: 1.0.5
136 silly placeDep node_modules/pm2 ws@8.21.0 OK for: pm2@7.0.3 want: 8.21.0
137 silly fetch manifest async@^2.6.3
138 silly packumentCache full:https://registry.npmjs.org/async cache-miss
139 silly fetch manifest extrareqp2@^1.0.0
140 silly packumentCache full:https://registry.npmjs.org/extrareqp2 cache-miss
141 silly fetch manifest debug@~4.3.1
142 silly packumentCache full:https://registry.npmjs.org/debug cache-hit
143 silly fetch manifest eventemitter2@^6.3.1
144 silly packumentCache full:https://registry.npmjs.org/eventemitter2 cache-miss
145 silly fetch manifest ws@^8.21.0
146 silly packumentCache full:https://registry.npmjs.org/ws cache-miss
147 silly fetch manifest debug@^4.3.1
148 silly packumentCache full:https://registry.npmjs.org/debug cache-hit
149 silly fetch manifest braces@~3.0.2
150 silly packumentCache full:https://registry.npmjs.org/braces cache-miss
151 silly fetch manifest is-glob@~4.0.1
152 silly packumentCache full:https://registry.npmjs.org/is-glob cache-miss
153 silly fetch manifest anymatch@~3.1.2
154 silly packumentCache full:https://registry.npmjs.org/anymatch cache-miss
155 http cache https://registry.npmjs.org/async 60ms (cache hit)
156 silly packumentCache full:https://registry.npmjs.org/async set size:230482 disposed:false
157 silly fetch manifest readdirp@~3.6.0
158 silly packumentCache full:https://registry.npmjs.org/readdirp cache-miss
159 http cache https://registry.npmjs.org/eventemitter2 81ms (cache hit)
160 silly packumentCache full:https://registry.npmjs.org/eventemitter2 set size:172525 disposed:false
161 silly fetch manifest glob-parent@~5.1.2
162 silly packumentCache full:https://registry.npmjs.org/glob-parent cache-miss
163 http cache https://registry.npmjs.org/ws 93ms (cache hit)
164 silly packumentCache full:https://registry.npmjs.org/ws set size:426754 disposed:false
165 silly fetch manifest is-binary-path@~2.1.0
166 silly packumentCache full:https://registry.npmjs.org/is-binary-path cache-miss
167 http fetch GET 200 https://registry.npmjs.org/extrareqp2 237ms (cache miss)
168 silly packumentCache full:https://registry.npmjs.org/extrareqp2 set size:undefined disposed:false
169 silly fetch manifest normalize-path@~3.0.0
170 silly packumentCache full:https://registry.npmjs.org/normalize-path cache-miss
171 http fetch GET 200 https://registry.npmjs.org/is-glob 227ms (cache revalidated)
172 silly packumentCache full:https://registry.npmjs.org/is-glob set size:40530 disposed:false
173 silly fetch manifest fsevents@~2.3.2
174 silly packumentCache full:https://registry.npmjs.org/fsevents cache-miss
175 http fetch GET 200 https://registry.npmjs.org/braces 245ms (cache revalidated)
176 silly packumentCache full:https://registry.npmjs.org/braces set size:114529 disposed:false
177 silly fetch manifest chalk@3.0.0
178 silly packumentCache full:https://registry.npmjs.org/chalk cache-miss
179 http fetch GET 200 https://registry.npmjs.org/anymatch 250ms (cache miss)
180 silly packumentCache full:https://registry.npmjs.org/anymatch set size:undefined disposed:false
181 silly fetch manifest ms@^2.1.3
182 silly packumentCache full:https://registry.npmjs.org/ms cache-miss
183 http fetch GET 200 https://registry.npmjs.org/is-binary-path 190ms (cache miss)
184 silly packumentCache full:https://registry.npmjs.org/is-binary-path set size:undefined disposed:false
185 silly fetch manifest argparse@^2.0.1
186 silly packumentCache full:https://registry.npmjs.org/argparse cache-miss
187 http fetch GET 200 https://registry.npmjs.org/glob-parent 232ms (cache revalidated)
188 silly packumentCache full:https://registry.npmjs.org/glob-parent set size:42445 disposed:false
189 silly fetch manifest safe-buffer@^5.2.1
190 silly packumentCache full:https://registry.npmjs.org/safe-buffer cache-miss
191 http fetch GET 200 https://registry.npmjs.org/readdirp 249ms (cache revalidated)
192 silly packumentCache full:https://registry.npmjs.org/readdirp set size:107589 disposed:false
193 silly fetch manifest tv4@^1.3.0
194 silly packumentCache full:https://registry.npmjs.org/tv4 cache-miss
195 http fetch GET 200 https://registry.npmjs.org/normalize-path 214ms (cache miss)
196 silly packumentCache full:https://registry.npmjs.org/normalize-path set size:undefined disposed:false
197 silly fetch manifest run-series@^1.1.8
198 silly packumentCache full:https://registry.npmjs.org/run-series cache-miss
199 http fetch GET 200 https://registry.npmjs.org/fsevents 269ms (cache revalidated)
200 silly packumentCache full:https://registry.npmjs.org/fsevents set size:182472 disposed:false
201 silly fetch manifest lru-cache@^7.14.1
202 silly packumentCache full:https://registry.npmjs.org/lru-cache cache-miss
203 http fetch GET 200 https://registry.npmjs.org/ms 259ms (cache revalidated)
204 silly packumentCache full:https://registry.npmjs.org/ms set size:92208 disposed:false
205 silly fetch manifest agent-base@^7.1.2
206 silly packumentCache full:https://registry.npmjs.org/agent-base cache-miss
207 http fetch GET 200 https://registry.npmjs.org/chalk 294ms (cache updated)
208 silly packumentCache full:https://registry.npmjs.org/chalk set size:undefined disposed:false
209 silly fetch manifest proxy-from-env@^1.1.0
210 silly packumentCache full:https://registry.npmjs.org/proxy-from-env cache-miss
211 http fetch GET 200 https://registry.npmjs.org/safe-buffer 241ms (cache revalidated)
212 silly packumentCache full:https://registry.npmjs.org/safe-buffer set size:41183 disposed:false
213 silly fetch manifest pac-proxy-agent@^7.1.0
214 silly packumentCache full:https://registry.npmjs.org/pac-proxy-agent cache-miss
215 http fetch GET 200 https://registry.npmjs.org/argparse 267ms (cache revalidated)
216 silly packumentCache full:https://registry.npmjs.org/argparse set size:51348 disposed:false
217 silly fetch manifest http-proxy-agent@^7.0.1
218 silly packumentCache full:https://registry.npmjs.org/http-proxy-agent cache-miss
219 http fetch GET 200 https://registry.npmjs.org/tv4 260ms (cache miss)
220 silly packumentCache full:https://registry.npmjs.org/tv4 set size:undefined disposed:false
221 silly fetch manifest https-proxy-agent@^7.0.6
222 silly packumentCache full:https://registry.npmjs.org/https-proxy-agent cache-miss
223 http fetch GET 200 https://registry.npmjs.org/run-series 238ms (cache miss)
224 silly packumentCache full:https://registry.npmjs.org/run-series set size:undefined disposed:false
225 silly fetch manifest socks-proxy-agent@^8.0.5
226 silly packumentCache full:https://registry.npmjs.org/socks-proxy-agent cache-miss
227 http fetch GET 200 https://registry.npmjs.org/agent-base 264ms (cache revalidated)
228 silly packumentCache full:https://registry.npmjs.org/agent-base set size:72085 disposed:false
229 silly fetch manifest json-stringify-safe@^5.0.1
230 silly packumentCache full:https://registry.npmjs.org/json-stringify-safe cache-miss
231 http fetch GET 200 https://registry.npmjs.org/lru-cache 286ms (cache revalidated)
232 silly packumentCache full:https://registry.npmjs.org/lru-cache set size:460407 disposed:false
233 http fetch GET 200 https://registry.npmjs.org/https-proxy-agent 240ms (cache revalidated)
234 silly packumentCache full:https://registry.npmjs.org/https-proxy-agent set size:83792 disposed:false
235 http fetch GET 200 https://registry.npmjs.org/proxy-from-env 291ms (cache revalidated)
236 silly packumentCache full:https://registry.npmjs.org/proxy-from-env set size:21422 disposed:false
237 http fetch GET 200 https://registry.npmjs.org/pac-proxy-agent 288ms (cache miss)
238 silly packumentCache full:https://registry.npmjs.org/pac-proxy-agent set size:undefined disposed:false
239 http fetch GET 200 https://registry.npmjs.org/http-proxy-agent 287ms (cache miss)
240 silly packumentCache full:https://registry.npmjs.org/http-proxy-agent set size:undefined disposed:false
241 http fetch GET 200 https://registry.npmjs.org/socks-proxy-agent 219ms (cache miss)
242 silly packumentCache full:https://registry.npmjs.org/socks-proxy-agent set size:undefined disposed:false
243 http fetch GET 200 https://registry.npmjs.org/json-stringify-safe 223ms (cache miss)
244 silly packumentCache full:https://registry.npmjs.org/json-stringify-safe set size:undefined disposed:false
245 silly placeDep node_modules/pm2/node_modules/@pm2/js-api async@2.6.4 OK for: @pm2/js-api@0.8.1 want: ^2.6.3
246 silly placeDep node_modules/pm2/node_modules/@pm2/js-api debug@4.3.7 OK for: @pm2/js-api@0.8.1 want: ~4.3.1
247 silly placeDep node_modules/pm2 extrareqp2@1.0.0 OK for: @pm2/js-api@0.8.1 want: ^1.0.0
248 silly fetch manifest lodash@^4.17.14
249 silly packumentCache full:https://registry.npmjs.org/lodash cache-miss
250 silly fetch manifest follow-redirects@^1.14.0
251 silly packumentCache full:https://registry.npmjs.org/follow-redirects cache-miss
252 http fetch GET 200 https://registry.npmjs.org/follow-redirects 229ms (cache revalidated)
253 silly packumentCache full:https://registry.npmjs.org/follow-redirects set size:188945 disposed:false
254 http fetch GET 200 https://registry.npmjs.org/lodash 286ms (cache miss)
255 silly packumentCache full:https://registry.npmjs.org/lodash set size:undefined disposed:false
256 silly placeDep node_modules/pm2 anymatch@3.1.3 OK for: chokidar@3.6.0 want: ~3.1.2
257 silly placeDep node_modules/pm2 braces@3.0.3 OK for: chokidar@3.6.0 want: ~3.0.2
258 silly placeDep node_modules/pm2 fsevents@2.3.3 OK for: chokidar@3.6.0 want: ~2.3.2
259 silly placeDep node_modules/pm2 glob-parent@5.1.2 OK for: chokidar@3.6.0 want: ~5.1.2
260 silly placeDep node_modules/pm2 is-binary-path@2.1.0 OK for: chokidar@3.6.0 want: ~2.1.0
261 silly placeDep node_modules/pm2 is-glob@4.0.3 OK for: chokidar@3.6.0 want: ~4.0.1
262 silly placeDep node_modules/pm2 normalize-path@3.0.0 OK for: chokidar@3.6.0 want: ~3.0.0
263 silly placeDep node_modules/pm2 readdirp@3.6.0 OK for: chokidar@3.6.0 want: ~3.6.0
264 silly fetch manifest picomatch@^2.0.4
265 silly packumentCache full:https://registry.npmjs.org/picomatch cache-miss
266 silly fetch manifest normalize-path@^3.0.0
267 silly packumentCache full:https://registry.npmjs.org/normalize-path cache-miss
268 silly fetch manifest fill-range@^7.1.1
269 silly packumentCache full:https://registry.npmjs.org/fill-range cache-miss
270 silly fetch manifest is-glob@^4.0.1
271 silly packumentCache full:https://registry.npmjs.org/is-glob cache-hit
272 silly fetch manifest binary-extensions@^2.0.0
273 silly packumentCache full:https://registry.npmjs.org/binary-extensions cache-miss
274 silly fetch manifest is-extglob@^2.1.1
275 silly packumentCache full:https://registry.npmjs.org/is-extglob cache-miss
276 silly fetch manifest picomatch@^2.2.1
277 silly packumentCache full:https://registry.npmjs.org/picomatch cache-miss
278 http cache https://registry.npmjs.org/normalize-path 36ms (cache hit)
279 silly packumentCache full:https://registry.npmjs.org/normalize-path set size:28713 disposed:false
280 http fetch GET 200 https://registry.npmjs.org/is-extglob 239ms (cache revalidated)
281 silly packumentCache full:https://registry.npmjs.org/is-extglob set size:11766 disposed:false
282 http fetch GET 200 https://registry.npmjs.org/fill-range 249ms (cache revalidated)
283 silly packumentCache full:https://registry.npmjs.org/fill-range set size:90162 disposed:false
284 http fetch GET 200 https://registry.npmjs.org/picomatch 253ms (cache revalidated)
285 silly packumentCache full:https://registry.npmjs.org/picomatch set size:128942 disposed:false
286 http fetch GET 200 https://registry.npmjs.org/picomatch 273ms (cache revalidated)
287 silly packumentCache full:https://registry.npmjs.org/picomatch set size:128942 disposed:false
288 silly packumentCache full:https://registry.npmjs.org/picomatch dispose
289 http fetch GET 200 https://registry.npmjs.org/binary-extensions 279ms (cache miss)
290 silly packumentCache full:https://registry.npmjs.org/binary-extensions set size:undefined disposed:false
291 silly placeDep node_modules/pm2 picomatch@2.3.2 OK for: anymatch@3.1.3 want: ^2.0.4
292 silly placeDep node_modules/pm2 fill-range@7.1.1 OK for: braces@3.0.3 want: ^7.1.1
293 silly fetch manifest to-regex-range@^5.0.1
294 silly packumentCache full:https://registry.npmjs.org/to-regex-range cache-miss
295 http fetch GET 200 https://registry.npmjs.org/to-regex-range 233ms (cache revalidated)
296 silly packumentCache full:https://registry.npmjs.org/to-regex-range set size:61569 disposed:false
297 silly placeDep node_modules/pm2 chalk@3.0.0 OK for: cli-tableau@2.0.1 want: 3.0.0
298 silly fetch manifest ansi-styles@^4.1.0
299 silly packumentCache full:https://registry.npmjs.org/ansi-styles cache-miss
300 silly fetch manifest supports-color@^7.1.0
301 silly packumentCache full:https://registry.npmjs.org/supports-color cache-miss
302 http fetch GET 200 https://registry.npmjs.org/supports-color 232ms (cache updated)
303 silly packumentCache full:https://registry.npmjs.org/supports-color set size:undefined disposed:false
304 http fetch GET 200 https://registry.npmjs.org/ansi-styles 249ms (cache updated)
305 silly packumentCache full:https://registry.npmjs.org/ansi-styles set size:undefined disposed:false
306 silly placeDep node_modules/pm2 ansi-styles@4.3.0 OK for: chalk@3.0.0 want: ^4.1.0
307 silly placeDep node_modules/pm2 supports-color@7.2.0 OK for: chalk@3.0.0 want: ^7.1.0
308 silly fetch manifest color-convert@^2.0.1
309 silly packumentCache full:https://registry.npmjs.org/color-convert cache-miss
310 silly fetch manifest has-flag@^4.0.0
311 silly packumentCache full:https://registry.npmjs.org/has-flag cache-miss
312 http fetch GET 200 https://registry.npmjs.org/color-convert 214ms (cache revalidated)
313 silly packumentCache full:https://registry.npmjs.org/color-convert set size:72663 disposed:false
314 http fetch GET 200 https://registry.npmjs.org/has-flag 228ms (cache revalidated)
315 silly packumentCache full:https://registry.npmjs.org/has-flag set size:15180 disposed:false
316 silly placeDep node_modules/pm2 color-convert@2.0.1 OK for: ansi-styles@4.3.0 want: ^2.0.1
317 silly fetch manifest color-name@~1.1.4
318 silly packumentCache full:https://registry.npmjs.org/color-name cache-miss
319 http fetch GET 200 https://registry.npmjs.org/color-name 212ms (cache updated)
320 silly packumentCache full:https://registry.npmjs.org/color-name set size:undefined disposed:false
321 silly placeDep node_modules/pm2 color-name@1.1.4 OK for: color-convert@2.0.1 want: ~1.1.4
322 silly placeDep node_modules/pm2 ms@2.1.3 OK for: debug@4.4.3 want: ^2.1.3
323 silly placeDep node_modules/pm2 follow-redirects@1.16.0 OK for: extrareqp2@1.0.0 want: ^1.14.0
324 silly placeDep node_modules/pm2 to-regex-range@5.0.1 OK for: fill-range@7.1.1 want: ^5.0.1
325 silly fetch manifest is-number@^7.0.0
326 silly packumentCache full:https://registry.npmjs.org/is-number cache-miss
327 http fetch GET 200 https://registry.npmjs.org/is-number 200ms (cache revalidated)
328 silly packumentCache full:https://registry.npmjs.org/is-number set size:36183 disposed:false
329 silly placeDep node_modules/pm2 binary-extensions@2.3.0 OK for: is-binary-path@2.1.0 want: ^2.0.0
330 silly placeDep node_modules/pm2 is-extglob@2.1.1 OK for: is-glob@4.0.3 want: ^2.1.1
331 silly placeDep node_modules/pm2 argparse@2.0.1 OK for: js-yaml@4.3.0 want: ^2.0.1
332 silly placeDep node_modules/pm2 safe-buffer@5.2.1 OK for: pidusage@4.0.1 want: ^5.2.1
333 silly placeDep node_modules/pm2 run-series@1.1.9 OK for: pm2-deploy@1.0.2 want: ^1.1.8
334 silly placeDep node_modules/pm2 tv4@1.3.0 OK for: pm2-deploy@1.0.2 want: ^1.3.0
335 silly placeDep node_modules/pm2 agent-base@7.1.4 OK for: proxy-agent@6.5.0 want: ^7.1.2
336 silly placeDep node_modules/pm2 http-proxy-agent@7.0.2 OK for: proxy-agent@6.5.0 want: ^7.0.1
337 silly placeDep node_modules/pm2 https-proxy-agent@7.0.6 OK for: proxy-agent@6.5.0 want: ^7.0.6
338 silly placeDep node_modules/pm2 lru-cache@7.18.3 OK for: proxy-agent@6.5.0 want: ^7.14.1
339 silly placeDep node_modules/pm2 pac-proxy-agent@7.2.0 OK for: proxy-agent@6.5.0 want: ^7.1.0
340 silly placeDep node_modules/pm2 proxy-from-env@1.1.0 OK for: proxy-agent@6.5.0 want: ^1.1.0
341 silly placeDep node_modules/pm2 socks-proxy-agent@8.0.5 OK for: proxy-agent@6.5.0 want: ^8.0.5
342 silly fetch manifest get-uri@^6.0.1
343 silly packumentCache full:https://registry.npmjs.org/get-uri cache-miss
344 silly fetch manifest pac-resolver@^7.0.1
345 silly packumentCache full:https://registry.npmjs.org/pac-resolver cache-miss
346 silly fetch manifest @tootallnate/quickjs-emscripten@^0.23.0
347 silly packumentCache full:https://registry.npmjs.org/@tootallnate%2fquickjs-emscripten cache-miss
348 silly fetch manifest socks@^2.8.3
349 silly packumentCache full:https://registry.npmjs.org/socks cache-miss
350 http fetch GET 200 https://registry.npmjs.org/pac-resolver 234ms (cache miss)
351 silly packumentCache full:https://registry.npmjs.org/pac-resolver set size:undefined disposed:false
352 http fetch GET 200 https://registry.npmjs.org/socks 237ms (cache revalidated)
353 silly packumentCache full:https://registry.npmjs.org/socks set size:173143 disposed:false
354 http fetch GET 200 https://registry.npmjs.org/@tootallnate%2fquickjs-emscripten 249ms (cache miss)
355 silly packumentCache full:https://registry.npmjs.org/@tootallnate%2fquickjs-emscripten set size:undefined disposed:false
356 http fetch GET 200 https://registry.npmjs.org/get-uri 257ms (cache miss)
357 silly packumentCache full:https://registry.npmjs.org/get-uri set size:undefined disposed:false
358 silly placeDep node_modules/pm2 @tootallnate/quickjs-emscripten@0.23.0 OK for: pac-proxy-agent@7.2.0 want: ^0.23.0
359 silly placeDep node_modules/pm2 get-uri@6.0.5 OK for: pac-proxy-agent@7.2.0 want: ^6.0.1
360 silly placeDep node_modules/pm2 pac-resolver@7.0.1 OK for: pac-proxy-agent@7.2.0 want: ^7.0.1
361 silly fetch manifest basic-ftp@^5.0.2
362 silly packumentCache full:https://registry.npmjs.org/basic-ftp cache-miss
363 silly fetch manifest data-uri-to-buffer@^6.0.2
364 silly packumentCache full:https://registry.npmjs.org/data-uri-to-buffer cache-miss
365 silly fetch manifest netmask@^2.0.2
366 silly packumentCache full:https://registry.npmjs.org/netmask cache-miss
367 silly fetch manifest degenerator@^5.0.0
368 silly packumentCache full:https://registry.npmjs.org/degenerator cache-miss
369 http fetch GET 200 https://registry.npmjs.org/data-uri-to-buffer 205ms (cache miss)
370 silly packumentCache full:https://registry.npmjs.org/data-uri-to-buffer set size:undefined disposed:false
371 http fetch GET 200 https://registry.npmjs.org/netmask 228ms (cache miss)
372 silly packumentCache full:https://registry.npmjs.org/netmask set size:undefined disposed:false
373 http fetch GET 200 https://registry.npmjs.org/degenerator 240ms (cache miss)
374 silly packumentCache full:https://registry.npmjs.org/degenerator set size:undefined disposed:false
375 http fetch GET 200 https://registry.npmjs.org/basic-ftp 292ms (cache miss)
376 silly packumentCache full:https://registry.npmjs.org/basic-ftp set size:undefined disposed:false
377 silly placeDep node_modules/pm2 basic-ftp@5.3.1 OK for: get-uri@6.0.5 want: ^5.0.2
378 silly placeDep node_modules/pm2 data-uri-to-buffer@6.0.2 OK for: get-uri@6.0.5 want: ^6.0.2
379 silly placeDep node_modules/pm2 degenerator@5.0.1 OK for: pac-resolver@7.0.1 want: ^5.0.0
380 silly placeDep node_modules/pm2 netmask@2.1.1 OK for: pac-resolver@7.0.1 want: ^2.0.2
381 silly fetch manifest esprima@^4.0.1
382 silly packumentCache full:https://registry.npmjs.org/esprima cache-miss
383 silly fetch manifest ast-types@^0.13.4
384 silly packumentCache full:https://registry.npmjs.org/ast-types cache-miss
385 silly fetch manifest escodegen@^2.1.0
386 silly packumentCache full:https://registry.npmjs.org/escodegen cache-miss
387 http fetch GET 200 https://registry.npmjs.org/esprima 247ms (cache miss)
388 silly packumentCache full:https://registry.npmjs.org/esprima set size:undefined disposed:false
389 http fetch GET 200 https://registry.npmjs.org/escodegen 266ms (cache miss)
390 silly packumentCache full:https://registry.npmjs.org/escodegen set size:undefined disposed:false
391 http fetch GET 200 https://registry.npmjs.org/ast-types 302ms (cache miss)
392 silly packumentCache full:https://registry.npmjs.org/ast-types set size:undefined disposed:false
393 silly placeDep node_modules/pm2 ast-types@0.13.4 OK for: degenerator@5.0.1 want: ^0.13.4
394 silly placeDep node_modules/pm2 escodegen@2.1.0 OK for: degenerator@5.0.1 want: ^2.1.0
395 silly placeDep node_modules/pm2 esprima@4.0.1 OK for: degenerator@5.0.1 want: ^4.0.1
396 silly fetch manifest tslib@^2.0.1
397 silly packumentCache full:https://registry.npmjs.org/tslib cache-miss
398 silly fetch manifest estraverse@^5.2.0
399 silly packumentCache full:https://registry.npmjs.org/estraverse cache-miss
400 silly fetch manifest esutils@^2.0.2
401 silly packumentCache full:https://registry.npmjs.org/esutils cache-miss
402 silly fetch manifest source-map@~0.6.1
403 silly packumentCache full:https://registry.npmjs.org/source-map cache-miss
404 http fetch GET 200 https://registry.npmjs.org/esutils 236ms (cache revalidated)
405 silly packumentCache full:https://registry.npmjs.org/esutils set size:29522 disposed:false
406 http fetch GET 200 https://registry.npmjs.org/tslib 244ms (cache revalidated)
407 silly packumentCache full:https://registry.npmjs.org/tslib set size:108843 disposed:false
408 http fetch GET 200 https://registry.npmjs.org/estraverse 255ms (cache revalidated)
409 silly packumentCache full:https://registry.npmjs.org/estraverse set size:62412 disposed:false
410 http fetch GET 200 https://registry.npmjs.org/source-map 259ms (cache miss)
411 silly packumentCache full:https://registry.npmjs.org/source-map set size:undefined disposed:false
412 silly placeDep node_modules/pm2 tslib@2.8.1 OK for: ast-types@0.13.4 want: ^2.0.1
413 silly placeDep node_modules/pm2 estraverse@5.3.0 OK for: escodegen@2.1.0 want: ^5.2.0
414 silly placeDep node_modules/pm2 esutils@2.0.3 OK for: escodegen@2.1.0 want: ^2.0.2
415 silly placeDep node_modules/pm2 source-map@0.6.1 OK for: escodegen@2.1.0 want: ~0.6.1
416 silly placeDep node_modules/pm2 socks@2.8.9 OK for: socks-proxy-agent@8.0.5 want: ^2.8.3
417 silly fetch manifest ip-address@^10.1.1
418 silly packumentCache full:https://registry.npmjs.org/ip-address cache-miss
419 silly fetch manifest smart-buffer@^4.2.0
420 silly packumentCache full:https://registry.npmjs.org/smart-buffer cache-miss
421 http fetch GET 200 https://registry.npmjs.org/smart-buffer 200ms (cache miss)
422 silly packumentCache full:https://registry.npmjs.org/smart-buffer set size:undefined disposed:false
423 http fetch GET 200 https://registry.npmjs.org/ip-address 243ms (cache updated)
424 silly packumentCache full:https://registry.npmjs.org/ip-address set size:undefined disposed:false
425 silly placeDep node_modules/pm2 ip-address@10.4.0 OK for: socks@2.8.9 want: ^10.1.1
426 silly placeDep node_modules/pm2 smart-buffer@4.2.0 OK for: socks@2.8.9 want: ^4.2.0
427 silly placeDep node_modules/pm2 has-flag@4.0.0 OK for: supports-color@7.2.0 want: ^4.0.0
428 silly placeDep node_modules/pm2 is-number@7.0.0 OK for: to-regex-range@5.0.1 want: ^7.0.0
429 silly placeDep node_modules/pm2 json-stringify-safe@5.0.1 OK for: tx2@1.0.5 want: ^5.0.1
430 silly placeDep node_modules/pm2 lodash@4.18.1 OK for: async@2.6.4 want: ^4.17.14
431 silly reify moves {}
432 http cache lodash@https://registry.npmjs.org/lodash/-/lodash-4.18.1.tgz 0ms (cache hit)
433 http cache json-stringify-safe@https://registry.npmjs.org/json-stringify-safe/-/json-stringify-safe-5.0.1.tgz 0ms (cache hit)
434 http cache is-number@https://registry.npmjs.org/is-number/-/is-number-7.0.0.tgz 0ms (cache hit)
435 http cache has-flag@https://registry.npmjs.org/has-flag/-/has-flag-4.0.0.tgz 0ms (cache hit)
436 http cache smart-buffer@https://registry.npmjs.org/smart-buffer/-/smart-buffer-4.2.0.tgz 0ms (cache hit)
437 http cache ip-address@https://registry.npmjs.org/ip-address/-/ip-address-10.4.0.tgz 0ms (cache hit)
438 http cache socks@https://registry.npmjs.org/socks/-/socks-2.8.9.tgz 0ms (cache hit)
439 http cache source-map@https://registry.npmjs.org/source-map/-/source-map-0.6.1.tgz 0ms (cache hit)
440 http cache pm2@https://registry.npmjs.org/pm2/-/pm2-7.0.3.tgz 0ms (cache hit)
441 http cache estraverse@https://registry.npmjs.org/estraverse/-/estraverse-5.3.0.tgz 0ms (cache hit)
442 http cache esutils@https://registry.npmjs.org/esutils/-/esutils-2.0.3.tgz 0ms (cache hit)
443 http cache escodegen@https://registry.npmjs.org/escodegen/-/escodegen-2.1.0.tgz 0ms (cache hit)
444 http cache ast-types@https://registry.npmjs.org/ast-types/-/ast-types-0.13.4.tgz 0ms (cache hit)
445 http cache netmask@https://registry.npmjs.org/netmask/-/netmask-2.1.1.tgz 0ms (cache hit)
446 http cache tslib@https://registry.npmjs.org/tslib/-/tslib-2.8.1.tgz 0ms (cache hit)
447 http cache data-uri-to-buffer@https://registry.npmjs.org/data-uri-to-buffer/-/data-uri-to-buffer-6.0.2.tgz 0ms (cache hit)
448 http cache degenerator@https://registry.npmjs.org/degenerator/-/degenerator-5.0.1.tgz 0ms (cache hit)
449 http cache basic-ftp@https://registry.npmjs.org/basic-ftp/-/basic-ftp-5.3.1.tgz 0ms (cache hit)
450 http cache pac-resolver@https://registry.npmjs.org/pac-resolver/-/pac-resolver-7.0.1.tgz 0ms (cache hit)
451 http cache get-uri@https://registry.npmjs.org/get-uri/-/get-uri-6.0.5.tgz 0ms (cache hit)
452 http cache socks-proxy-agent@https://registry.npmjs.org/socks-proxy-agent/-/socks-proxy-agent-8.0.5.tgz 0ms (cache hit)
453 http cache @tootallnate/quickjs-emscripten@https://registry.npmjs.org/@tootallnate/quickjs-emscripten/-/quickjs-emscripten-0.23.0.tgz 0ms (cache hit)
454 http cache proxy-from-env@https://registry.npmjs.org/proxy-from-env/-/proxy-from-env-1.1.0.tgz 0ms (cache hit)
455 http cache pac-proxy-agent@https://registry.npmjs.org/pac-proxy-agent/-/pac-proxy-agent-7.2.0.tgz 0ms (cache hit)
456 http cache lru-cache@https://registry.npmjs.org/lru-cache/-/lru-cache-7.18.3.tgz 1ms (cache hit)
457 http cache https-proxy-agent@https://registry.npmjs.org/https-proxy-agent/-/https-proxy-agent-7.0.6.tgz 0ms (cache hit)
458 http cache http-proxy-agent@https://registry.npmjs.org/http-proxy-agent/-/http-proxy-agent-7.0.2.tgz 0ms (cache hit)
459 http cache agent-base@https://registry.npmjs.org/agent-base/-/agent-base-7.1.4.tgz 0ms (cache hit)
460 http cache tv4@https://registry.npmjs.org/tv4/-/tv4-1.3.0.tgz 0ms (cache hit)
461 http cache run-series@https://registry.npmjs.org/run-series/-/run-series-1.1.9.tgz 0ms (cache hit)
462 http cache safe-buffer@https://registry.npmjs.org/safe-buffer/-/safe-buffer-5.2.1.tgz 0ms (cache hit)
463 http cache is-extglob@https://registry.npmjs.org/is-extglob/-/is-extglob-2.1.1.tgz 0ms (cache hit)
464 http cache argparse@https://registry.npmjs.org/argparse/-/argparse-2.0.1.tgz 0ms (cache hit)
465 http cache binary-extensions@https://registry.npmjs.org/binary-extensions/-/binary-extensions-2.3.0.tgz 0ms (cache hit)
466 http cache to-regex-range@https://registry.npmjs.org/to-regex-range/-/to-regex-range-5.0.1.tgz 0ms (cache hit)
467 http cache follow-redirects@https://registry.npmjs.org/follow-redirects/-/follow-redirects-1.16.0.tgz 0ms (cache hit)
468 http cache ms@https://registry.npmjs.org/ms/-/ms-2.1.3.tgz 0ms (cache hit)
469 http cache color-name@https://registry.npmjs.org/color-name/-/color-name-1.1.4.tgz 0ms (cache hit)
470 http cache color-convert@https://registry.npmjs.org/color-convert/-/color-convert-2.0.1.tgz 0ms (cache hit)
471 http cache supports-color@https://registry.npmjs.org/supports-color/-/supports-color-7.2.0.tgz 0ms (cache hit)
472 http cache ansi-styles@https://registry.npmjs.org/ansi-styles/-/ansi-styles-4.3.0.tgz 0ms (cache hit)
473 http cache chalk@https://registry.npmjs.org/chalk/-/chalk-3.0.0.tgz 0ms (cache hit)
474 http cache fill-range@https://registry.npmjs.org/fill-range/-/fill-range-7.1.1.tgz 0ms (cache hit)
475 http cache picomatch@https://registry.npmjs.org/picomatch/-/picomatch-2.3.2.tgz 0ms (cache hit)
476 http cache readdirp@https://registry.npmjs.org/readdirp/-/readdirp-3.6.0.tgz 0ms (cache hit)
477 http cache normalize-path@https://registry.npmjs.org/normalize-path/-/normalize-path-3.0.0.tgz 0ms (cache hit)
478 http cache is-glob@https://registry.npmjs.org/is-glob/-/is-glob-4.0.3.tgz 0ms (cache hit)
479 http cache is-binary-path@https://registry.npmjs.org/is-binary-path/-/is-binary-path-2.1.0.tgz 0ms (cache hit)
480 http cache glob-parent@https://registry.npmjs.org/glob-parent/-/glob-parent-5.1.2.tgz 0ms (cache hit)
481 http cache braces@https://registry.npmjs.org/braces/-/braces-3.0.3.tgz 0ms (cache hit)
482 http cache anymatch@https://registry.npmjs.org/anymatch/-/anymatch-3.1.3.tgz 0ms (cache hit)
483 http cache ws@https://registry.npmjs.org/ws/-/ws-8.21.0.tgz 1ms (cache hit)
484 http cache extrareqp2@https://registry.npmjs.org/extrareqp2/-/extrareqp2-1.0.0.tgz 0ms (cache hit)
485 http cache tx2@https://registry.npmjs.org/tx2/-/tx2-1.0.5.tgz 0ms (cache hit)
486 http cache semver@https://registry.npmjs.org/semver/-/semver-7.7.2.tgz 0ms (cache hit)
487 http cache proxy-agent@https://registry.npmjs.org/proxy-agent/-/proxy-agent-6.5.0.tgz 0ms (cache hit)
488 http cache pidusage@https://registry.npmjs.org/pidusage/-/pidusage-4.0.1.tgz 0ms (cache hit)
489 http cache js-yaml@https://registry.npmjs.org/js-yaml/-/js-yaml-4.3.0.tgz 0ms (cache hit)
490 http cache fast-json-patch@https://registry.npmjs.org/fast-json-patch/-/fast-json-patch-3.1.1.tgz 0ms (cache hit)
491 http cache eventemitter2@https://registry.npmjs.org/eventemitter2/-/eventemitter2-6.4.9.tgz 0ms (cache hit)
492 http cache debug@https://registry.npmjs.org/debug/-/debug-4.4.3.tgz 0ms (cache hit)
493 http cache dayjs@https://registry.npmjs.org/dayjs/-/dayjs-1.11.15.tgz 0ms (cache hit)
494 http cache croner@https://registry.npmjs.org/croner/-/croner-4.1.97.tgz 0ms (cache hit)
495 http cache commander@https://registry.npmjs.org/commander/-/commander-2.15.1.tgz 0ms (cache hit)
496 http cache cli-tableau@https://registry.npmjs.org/cli-tableau/-/cli-tableau-2.0.1.tgz 0ms (cache hit)
497 http cache pm2-deploy@https://registry.npmjs.org/pm2-deploy/-/pm2-deploy-1.0.2.tgz 0ms (cache hit)
498 http cache chokidar@https://registry.npmjs.org/chokidar/-/chokidar-3.6.0.tgz 0ms (cache hit)
499 http cache ansis@https://registry.npmjs.org/ansis/-/ansis-4.0.0-node10.tgz 0ms (cache hit)
500 http cache amp-message@https://registry.npmjs.org/amp-message/-/amp-message-0.1.2.tgz 0ms (cache hit)
501 http cache async@https://registry.npmjs.org/async/-/async-3.2.6.tgz 0ms (cache hit)
502 http cache amp@https://registry.npmjs.org/amp/-/amp-0.3.1.tgz 0ms (cache hit)
503 http cache @pm2/pm2-version-check@https://registry.npmjs.org/@pm2/pm2-version-check/-/pm2-version-check-1.0.4.tgz 0ms (cache hit)
504 http cache @pm2/js-api@https://registry.npmjs.org/@pm2/js-api/-/js-api-0.8.1.tgz 0ms (cache hit)
505 http cache async@https://registry.npmjs.org/async/-/async-2.6.4.tgz 0ms (cache hit)
506 http cache @pm2/blessed@https://registry.npmjs.org/@pm2/blessed/-/blessed-0.1.81.tgz 0ms (cache hit)
507 http cache debug@https://registry.npmjs.org/debug/-/debug-4.3.7.tgz 0ms (cache hit)
508 http cache esprima@https://registry.npmjs.org/esprima/-/esprima-4.0.1.tgz 0ms (cache hit)
509 silly tarball no local data for lodash@https://registry.npmjs.org/lodash/-/lodash-4.18.1.tgz. Extracting by manifest.
510 silly tarball no local data for json-stringify-safe@https://registry.npmjs.org/json-stringify-safe/-/json-stringify-safe-5.0.1.tgz. Extracting by manifest.
511 silly tarball no local data for smart-buffer@https://registry.npmjs.org/smart-buffer/-/smart-buffer-4.2.0.tgz. Extracting by manifest.
512 silly tarball no local data for ip-address@https://registry.npmjs.org/ip-address/-/ip-address-10.4.0.tgz. Extracting by manifest.
513 silly tarball no local data for socks@https://registry.npmjs.org/socks/-/socks-2.8.9.tgz. Extracting by manifest.
514 silly tarball no local data for source-map@https://registry.npmjs.org/source-map/-/source-map-0.6.1.tgz. Extracting by manifest.
515 silly tarball no local data for pm2@https://registry.npmjs.org/pm2/-/pm2-7.0.3.tgz. Extracting by manifest.
516 silly tarball no local data for escodegen@https://registry.npmjs.org/escodegen/-/escodegen-2.1.0.tgz. Extracting by manifest.
517 silly tarball no local data for netmask@https://registry.npmjs.org/netmask/-/netmask-2.1.1.tgz. Extracting by manifest.
518 silly tarball no local data for ast-types@https://registry.npmjs.org/ast-types/-/ast-types-0.13.4.tgz. Extracting by manifest.
519 silly tarball no local data for tslib@https://registry.npmjs.org/tslib/-/tslib-2.8.1.tgz. Extracting by manifest.
520 silly tarball no local data for degenerator@https://registry.npmjs.org/degenerator/-/degenerator-5.0.1.tgz. Extracting by manifest.
521 silly tarball no local data for basic-ftp@https://registry.npmjs.org/basic-ftp/-/basic-ftp-5.3.1.tgz. Extracting by manifest.
522 silly tarball no local data for data-uri-to-buffer@https://registry.npmjs.org/data-uri-to-buffer/-/data-uri-to-buffer-6.0.2.tgz. Extracting by manifest.
523 silly tarball no local data for pac-resolver@https://registry.npmjs.org/pac-resolver/-/pac-resolver-7.0.1.tgz. Extracting by manifest.
524 silly tarball no local data for get-uri@https://registry.npmjs.org/get-uri/-/get-uri-6.0.5.tgz. Extracting by manifest.
525 silly tarball no local data for socks-proxy-agent@https://registry.npmjs.org/socks-proxy-agent/-/socks-proxy-agent-8.0.5.tgz. Extracting by manifest.
526 silly tarball no local data for @tootallnate/quickjs-emscripten@https://registry.npmjs.org/@tootallnate/quickjs-emscripten/-/quickjs-emscripten-0.23.0.tgz. Extracting by manifest.
527 silly tarball no local data for proxy-from-env@https://registry.npmjs.org/proxy-from-env/-/proxy-from-env-1.1.0.tgz. Extracting by manifest.
528 silly tarball no local data for pac-proxy-agent@https://registry.npmjs.org/pac-proxy-agent/-/pac-proxy-agent-7.2.0.tgz. Extracting by manifest.
529 silly tarball no local data for lru-cache@https://registry.npmjs.org/lru-cache/-/lru-cache-7.18.3.tgz. Extracting by manifest.
530 silly tarball no local data for http-proxy-agent@https://registry.npmjs.org/http-proxy-agent/-/http-proxy-agent-7.0.2.tgz. Extracting by manifest.
531 silly tarball no local data for tv4@https://registry.npmjs.org/tv4/-/tv4-1.3.0.tgz. Extracting by manifest.
532 silly tarball no local data for run-series@https://registry.npmjs.org/run-series/-/run-series-1.1.9.tgz. Extracting by manifest.
533 silly tarball no local data for binary-extensions@https://registry.npmjs.org/binary-extensions/-/binary-extensions-2.3.0.tgz. Extracting by manifest.
534 silly tarball no local data for chalk@https://registry.npmjs.org/chalk/-/chalk-3.0.0.tgz. Extracting by manifest.
535 silly tarball no local data for readdirp@https://registry.npmjs.org/readdirp/-/readdirp-3.6.0.tgz. Extracting by manifest.
536 silly tarball no local data for normalize-path@https://registry.npmjs.org/normalize-path/-/normalize-path-3.0.0.tgz. Extracting by manifest.
537 silly tarball no local data for is-binary-path@https://registry.npmjs.org/is-binary-path/-/is-binary-path-2.1.0.tgz. Extracting by manifest.
538 silly tarball no local data for anymatch@https://registry.npmjs.org/anymatch/-/anymatch-3.1.3.tgz. Extracting by manifest.
539 silly tarball no local data for ws@https://registry.npmjs.org/ws/-/ws-8.21.0.tgz. Extracting by manifest.
540 silly tarball no local data for extrareqp2@https://registry.npmjs.org/extrareqp2/-/extrareqp2-1.0.0.tgz. Extracting by manifest.
541 silly tarball no local data for tx2@https://registry.npmjs.org/tx2/-/tx2-1.0.5.tgz. Extracting by manifest.
542 silly tarball no local data for semver@https://registry.npmjs.org/semver/-/semver-7.7.2.tgz. Extracting by manifest.
543 silly tarball no local data for proxy-agent@https://registry.npmjs.org/proxy-agent/-/proxy-agent-6.5.0.tgz. Extracting by manifest.
544 silly tarball no local data for pidusage@https://registry.npmjs.org/pidusage/-/pidusage-4.0.1.tgz. Extracting by manifest.
545 silly tarball no local data for js-yaml@https://registry.npmjs.org/js-yaml/-/js-yaml-4.3.0.tgz. Extracting by manifest.
546 silly tarball no local data for fast-json-patch@https://registry.npmjs.org/fast-json-patch/-/fast-json-patch-3.1.1.tgz. Extracting by manifest.
547 silly tarball no local data for eventemitter2@https://registry.npmjs.org/eventemitter2/-/eventemitter2-6.4.9.tgz. Extracting by manifest.
548 silly tarball no local data for dayjs@https://registry.npmjs.org/dayjs/-/dayjs-1.11.15.tgz. Extracting by manifest.
549 silly tarball no local data for croner@https://registry.npmjs.org/croner/-/croner-4.1.97.tgz. Extracting by manifest.
550 silly tarball no local data for commander@https://registry.npmjs.org/commander/-/commander-2.15.1.tgz. Extracting by manifest.
551 silly tarball no local data for cli-tableau@https://registry.npmjs.org/cli-tableau/-/cli-tableau-2.0.1.tgz. Extracting by manifest.
552 silly tarball no local data for pm2-deploy@https://registry.npmjs.org/pm2-deploy/-/pm2-deploy-1.0.2.tgz. Extracting by manifest.
553 silly tarball no local data for ansis@https://registry.npmjs.org/ansis/-/ansis-4.0.0-node10.tgz. Extracting by manifest.
554 silly tarball no local data for chokidar@https://registry.npmjs.org/chokidar/-/chokidar-3.6.0.tgz. Extracting by manifest.
555 silly tarball no local data for amp-message@https://registry.npmjs.org/amp-message/-/amp-message-0.1.2.tgz. Extracting by manifest.
556 silly tarball no local data for async@https://registry.npmjs.org/async/-/async-3.2.6.tgz. Extracting by manifest.
557 silly tarball no local data for amp@https://registry.npmjs.org/amp/-/amp-0.3.1.tgz. Extracting by manifest.
558 silly tarball no local data for @pm2/pm2-version-check@https://registry.npmjs.org/@pm2/pm2-version-check/-/pm2-version-check-1.0.4.tgz. Extracting by manifest.
559 silly tarball no local data for @pm2/js-api@https://registry.npmjs.org/@pm2/js-api/-/js-api-0.8.1.tgz. Extracting by manifest.
560 silly tarball no local data for async@https://registry.npmjs.org/async/-/async-2.6.4.tgz. Extracting by manifest.
561 silly tarball no local data for @pm2/blessed@https://registry.npmjs.org/@pm2/blessed/-/blessed-0.1.81.tgz. Extracting by manifest.
562 silly tarball no local data for debug@https://registry.npmjs.org/debug/-/debug-4.3.7.tgz. Extracting by manifest.
563 silly tarball no local data for esprima@https://registry.npmjs.org/esprima/-/esprima-4.0.1.tgz. Extracting by manifest.
564 http fetch GET 200 https://registry.npmjs.org/json-stringify-safe/-/json-stringify-safe-5.0.1.tgz 498ms (cache miss)
565 http fetch GET 200 https://registry.npmjs.org/smart-buffer/-/smart-buffer-4.2.0.tgz 1070ms (cache miss)
566 http fetch GET 200 https://registry.npmjs.org/ip-address/-/ip-address-10.4.0.tgz 1112ms (cache miss)
567 http fetch GET 200 https://registry.npmjs.org/socks-proxy-agent/-/socks-proxy-agent-8.0.5.tgz 1400ms (cache miss)
568 http fetch GET 200 https://registry.npmjs.org/get-uri/-/get-uri-6.0.5.tgz 1436ms (cache miss)
569 http fetch GET 200 https://registry.npmjs.org/source-map/-/source-map-0.6.1.tgz 1525ms (cache miss)
570 http fetch GET 200 https://registry.npmjs.org/socks/-/socks-2.8.9.tgz 1546ms (cache miss)
571 http fetch GET 200 https://registry.npmjs.org/proxy-from-env/-/proxy-from-env-1.1.0.tgz 1752ms (cache miss)
572 http fetch GET 200 https://registry.npmjs.org/pac-proxy-agent/-/pac-proxy-agent-7.2.0.tgz 1761ms (cache miss)
573 http fetch GET 200 https://registry.npmjs.org/lru-cache/-/lru-cache-7.18.3.tgz 1772ms (cache miss)
574 http fetch GET 200 https://registry.npmjs.org/http-proxy-agent/-/http-proxy-agent-7.0.2.tgz 1812ms (cache miss)
575 http fetch GET 200 https://registry.npmjs.org/run-series/-/run-series-1.1.9.tgz 2024ms (cache miss)
576 http fetch GET 200 https://registry.npmjs.org/binary-extensions/-/binary-extensions-2.3.0.tgz 2026ms (cache miss)
577 http fetch GET 200 https://registry.npmjs.org/netmask/-/netmask-2.1.1.tgz 2095ms (cache miss)
578 http fetch GET 200 https://registry.npmjs.org/escodegen/-/escodegen-2.1.0.tgz 2099ms (cache miss)
579 http fetch GET 200 https://registry.npmjs.org/tv4/-/tv4-1.3.0.tgz 2081ms (cache miss)
580 http fetch GET 200 https://registry.npmjs.org/chalk/-/chalk-3.0.0.tgz 2105ms (cache miss)
581 http fetch GET 200 https://registry.npmjs.org/degenerator/-/degenerator-5.0.1.tgz 2162ms (cache miss)
582 http fetch GET 200 https://registry.npmjs.org/tslib/-/tslib-2.8.1.tgz 2170ms (cache miss)
583 http fetch GET 200 https://registry.npmjs.org/readdirp/-/readdirp-3.6.0.tgz 2136ms (cache miss)
584 http fetch GET 200 https://registry.npmjs.org/normalize-path/-/normalize-path-3.0.0.tgz 2152ms (cache miss)
585 http fetch GET 200 https://registry.npmjs.org/is-binary-path/-/is-binary-path-2.1.0.tgz 2245ms (cache miss)
586 http fetch GET 200 https://registry.npmjs.org/anymatch/-/anymatch-3.1.3.tgz 2258ms (cache miss)
587 http fetch GET 200 https://registry.npmjs.org/ws/-/ws-8.21.0.tgz 2376ms (cache miss)
588 http fetch GET 200 https://registry.npmjs.org/ast-types/-/ast-types-0.13.4.tgz 2463ms (cache miss)
589 http fetch GET 200 https://registry.npmjs.org/proxy-agent/-/proxy-agent-6.5.0.tgz 2405ms (cache miss)
590 http fetch GET 200 https://registry.npmjs.org/tx2/-/tx2-1.0.5.tgz 2434ms (cache miss)
591 http fetch GET 200 https://registry.npmjs.org/pidusage/-/pidusage-4.0.1.tgz 2596ms (cache miss)
592 http fetch GET 200 https://registry.npmjs.org/semver/-/semver-7.7.2.tgz 2608ms (cache miss)
593 http fetch GET 200 https://registry.npmjs.org/eventemitter2/-/eventemitter2-6.4.9.tgz 2724ms (cache miss)
594 http fetch GET 200 https://registry.npmjs.org/data-uri-to-buffer/-/data-uri-to-buffer-6.0.2.tgz 2785ms (cache miss)
595 http fetch GET 200 https://registry.npmjs.org/fast-json-patch/-/fast-json-patch-3.1.1.tgz 2757ms (cache miss)
596 http fetch GET 200 https://registry.npmjs.org/@tootallnate/quickjs-emscripten/-/quickjs-emscripten-0.23.0.tgz 2834ms (cache miss)
597 http fetch GET 200 https://registry.npmjs.org/pm2/-/pm2-7.0.3.tgz 2925ms (cache miss)
598 http fetch GET 200 https://registry.npmjs.org/pac-resolver/-/pac-resolver-7.0.1.tgz 2963ms (cache miss)
599 http fetch GET 200 https://registry.npmjs.org/lodash/-/lodash-4.18.1.tgz 3241ms (cache miss)
600 http fetch GET 200 https://registry.npmjs.org/basic-ftp/-/basic-ftp-5.3.1.tgz 3536ms (cache miss)
601 http fetch GET 200 https://registry.npmjs.org/commander/-/commander-2.15.1.tgz 4313ms (cache miss)
602 http fetch GET 200 https://registry.npmjs.org/croner/-/croner-4.1.97.tgz 4626ms (cache miss)
603 http fetch GET 200 https://registry.npmjs.org/cli-tableau/-/cli-tableau-2.0.1.tgz 5230ms (cache miss)
604 http fetch GET 200 https://registry.npmjs.org/pm2-deploy/-/pm2-deploy-1.0.2.tgz 5305ms (cache miss)
605 http fetch GET 200 https://registry.npmjs.org/ansis/-/ansis-4.0.0-node10.tgz 5305ms (cache miss)
606 http fetch GET 200 https://registry.npmjs.org/chokidar/-/chokidar-3.6.0.tgz 5596ms (cache miss)
607 http fetch GET 200 https://registry.npmjs.org/amp-message/-/amp-message-0.1.2.tgz 5754ms (cache miss)
608 http fetch GET 200 https://registry.npmjs.org/amp/-/amp-0.3.1.tgz 5817ms (cache miss)
609 http fetch GET 200 https://registry.npmjs.org/@pm2/pm2-version-check/-/pm2-version-check-1.0.4.tgz 6512ms (cache miss)
610 http fetch GET 200 https://registry.npmjs.org/debug/-/debug-4.3.7.tgz 7022ms (cache miss)
611 http fetch GET 200 https://registry.npmjs.org/esprima/-/esprima-4.0.1.tgz 7030ms (cache miss)
612 http fetch GET 200 https://registry.npmjs.org/js-yaml/-/js-yaml-4.3.0.tgz 7288ms (cache miss)
613 http fetch GET 200 https://registry.npmjs.org/async/-/async-3.2.6.tgz 7376ms (cache miss)
614 http fetch GET 200 https://registry.npmjs.org/@pm2/js-api/-/js-api-0.8.1.tgz 7380ms (cache miss)
615 http fetch GET 200 https://registry.npmjs.org/@pm2/blessed/-/blessed-0.1.81.tgz 7488ms (cache miss)
616 http fetch GET 200 https://registry.npmjs.org/async/-/async-2.6.4.tgz 7549ms (cache miss)
617 http fetch GET 200 https://registry.npmjs.org/dayjs/-/dayjs-1.11.15.tgz 7759ms (cache miss)
618 http fetch GET 200 https://registry.npmjs.org/extrareqp2/-/extrareqp2-1.0.0.tgz 12406ms (cache miss)
619 silly ADD node_modules/pm2
620 silly ADD node_modules/pm2/node_modules/lodash
621 silly ADD node_modules/pm2/node_modules/json-stringify-safe
622 silly ADD node_modules/pm2/node_modules/is-number
623 silly ADD node_modules/pm2/node_modules/has-flag
624 silly ADD node_modules/pm2/node_modules/smart-buffer
625 silly ADD node_modules/pm2/node_modules/ip-address
626 silly ADD node_modules/pm2/node_modules/socks
627 silly ADD node_modules/pm2/node_modules/source-map
628 silly ADD node_modules/pm2/node_modules/esutils
629 silly ADD node_modules/pm2/node_modules/estraverse
630 silly ADD node_modules/pm2/node_modules/tslib
631 silly ADD node_modules/pm2/node_modules/esprima
632 silly ADD node_modules/pm2/node_modules/escodegen
633 silly ADD node_modules/pm2/node_modules/ast-types
634 silly ADD node_modules/pm2/node_modules/netmask
635 silly ADD node_modules/pm2/node_modules/degenerator
636 silly ADD node_modules/pm2/node_modules/data-uri-to-buffer
637 silly ADD node_modules/pm2/node_modules/basic-ftp
638 silly ADD node_modules/pm2/node_modules/pac-resolver
639 silly ADD node_modules/pm2/node_modules/get-uri
640 silly ADD node_modules/pm2/node_modules/@tootallnate/quickjs-emscripten
641 silly ADD node_modules/pm2/node_modules/socks-proxy-agent
642 silly ADD node_modules/pm2/node_modules/proxy-from-env
643 silly ADD node_modules/pm2/node_modules/pac-proxy-agent
644 silly ADD node_modules/pm2/node_modules/lru-cache
645 silly ADD node_modules/pm2/node_modules/https-proxy-agent
646 silly ADD node_modules/pm2/node_modules/http-proxy-agent
647 silly ADD node_modules/pm2/node_modules/agent-base
648 silly ADD node_modules/pm2/node_modules/tv4
649 silly ADD node_modules/pm2/node_modules/run-series
650 silly ADD node_modules/pm2/node_modules/safe-buffer
651 silly ADD node_modules/pm2/node_modules/argparse
652 silly ADD node_modules/pm2/node_modules/is-extglob
653 silly ADD node_modules/pm2/node_modules/binary-extensions
654 silly ADD node_modules/pm2/node_modules/to-regex-range
655 silly ADD node_modules/pm2/node_modules/follow-redirects
656 silly ADD node_modules/pm2/node_modules/ms
657 silly ADD node_modules/pm2/node_modules/color-name
658 silly ADD node_modules/pm2/node_modules/color-convert
659 silly ADD node_modules/pm2/node_modules/supports-color
660 silly ADD node_modules/pm2/node_modules/ansi-styles
661 silly ADD node_modules/pm2/node_modules/chalk
662 silly ADD node_modules/pm2/node_modules/fill-range
663 silly ADD node_modules/pm2/node_modules/picomatch
664 silly ADD node_modules/pm2/node_modules/readdirp
665 silly ADD node_modules/pm2/node_modules/normalize-path
666 silly ADD node_modules/pm2/node_modules/is-glob
667 silly ADD node_modules/pm2/node_modules/is-binary-path
668 silly ADD node_modules/pm2/node_modules/glob-parent
669 silly ADD node_modules/pm2/node_modules/braces
670 silly ADD node_modules/pm2/node_modules/anymatch
671 silly ADD node_modules/pm2/node_modules/extrareqp2
672 silly ADD node_modules/pm2/node_modules/ws
673 silly ADD node_modules/pm2/node_modules/tx2
674 silly ADD node_modules/pm2/node_modules/semver
675 silly ADD node_modules/pm2/node_modules/proxy-agent
676 silly ADD node_modules/pm2/node_modules/pm2-deploy
677 silly ADD node_modules/pm2/node_modules/pidusage
678 silly ADD node_modules/pm2/node_modules/js-yaml
679 silly ADD node_modules/pm2/node_modules/fast-json-patch
680 silly ADD node_modules/pm2/node_modules/eventemitter2
681 silly ADD node_modules/pm2/node_modules/debug
682 silly ADD node_modules/pm2/node_modules/dayjs
683 silly ADD node_modules/pm2/node_modules/croner
684 silly ADD node_modules/pm2/node_modules/commander
685 silly ADD node_modules/pm2/node_modules/cli-tableau
686 silly ADD node_modules/pm2/node_modules/chokidar
687 silly ADD node_modules/pm2/node_modules/async
688 silly ADD node_modules/pm2/node_modules/ansis
689 silly ADD node_modules/pm2/node_modules/amp-message
690 silly ADD node_modules/pm2/node_modules/amp
691 silly ADD node_modules/pm2/node_modules/@pm2/pm2-version-check
692 silly ADD node_modules/pm2/node_modules/@pm2/js-api
693 silly ADD node_modules/pm2/node_modules/@pm2/js-api/node_modules/debug
694 silly ADD node_modules/pm2/node_modules/@pm2/js-api/node_modules/async
695 silly ADD node_modules/pm2/node_modules/@pm2/blessed
696 verbose cwd /data/data/com.termux/files/home/grahms-blogsite
697 verbose os Linux 6.12.38-android16-5-abA075FXXS6CZF6-4k
698 verbose node v26.4.0
699 verbose npm  v11.18.0
700 verbose exit 0
701 info ok
