0 verbose cli /data/data/com.termux/files/usr/bin/node /data/data/com.termux/files/usr/bin/npm
1 info using npm@11.18.0
2 info using node@v26.4.0
3 silly config load:file:/data/data/com.termux/files/usr/lib/node_modules/npm/npmrc
4 silly config load:file:/storage/emulated/0/archery-3d-game/.npmrc
5 silly config load:file:/data/data/com.termux/files/home/.npmrc
6 silly config load:file:/data/data/com.termux/files/usr/etc/npmrc
7 verbose title npm run dev
8 verbose argv "run" "dev"
9 verbose logfile logs-max:10 dir:/data/data/com.termux/files/home/.npm/_logs/2026-07-16T06_03_19_683Z-
10 verbose logfile /data/data/com.termux/files/home/.npm/_logs/2026-07-16T06_03_19_683Z-debug-0.log
11 silly logfile start cleaning logs, removing 1 files
12 silly logfile done cleaning log files
13 verbose stack Error: Could not read package.json: Error: ENOENT: no such file or directory, open '/storage/emulated/0/archery-3d-game/package.json'
13 verbose stack     at async open (node:internal/fs/promises:1360:25)
13 verbose stack     at async readFile (node:internal/fs/promises:2149:14)
13 verbose stack     at async read (/data/data/com.termux/files/usr/lib/node_modules/npm/node_modules/@npmcli/package-json/lib/read-package.js:9:18)
13 verbose stack     at async PackageJson.load (/data/data/com.termux/files/usr/lib/node_modules/npm/node_modules/@npmcli/package-json/lib/index.js:131:31)
13 verbose stack     at async PackageJson.normalize (/data/data/com.termux/files/usr/lib/node_modules/npm/node_modules/@npmcli/package-json/lib/index.js:117:5)
13 verbose stack     at async #run (/data/data/com.termux/files/usr/lib/node_modules/npm/lib/commands/run.js:90:13)
13 verbose stack     at async RunScript.exec (/data/data/com.termux/files/usr/lib/node_modules/npm/lib/commands/run.js:44:7)
13 verbose stack     at async Npm.exec (/data/data/com.termux/files/usr/lib/node_modules/npm/lib/npm.js:193:9)
13 verbose stack     at async module.exports (/data/data/com.termux/files/usr/lib/node_modules/npm/lib/cli/entry.js:67:5)
14 error code ENOENT
15 error syscall open
16 error path /storage/emulated/0/archery-3d-game/package.json
17 error errno -2
18 error enoent Could not read package.json: Error: ENOENT: no such file or directory, open '/storage/emulated/0/archery-3d-game/package.json'
19 error enoent This is related to npm not being able to find a file.
19 error enoent
20 verbose cwd /storage/emulated/0/archery-3d-game
21 verbose os Linux 6.12.38-android16-5-abA075FXXS5CZF2-4k
22 verbose node v26.4.0
23 verbose npm  v11.18.0
24 verbose exit -2
25 verbose code -2
26 error A complete log of this run can be found in: /data/data/com.termux/files/home/.npm/_logs/2026-07-16T06_03_19_683Z-debug-0.log
