0 verbose cli /data/data/com.termux/files/usr/bin/node /data/data/com.termux/files/usr/bin/npm
1 info using npm@11.18.0
2 info using node@v26.4.0
3 silly config load:file:/data/data/com.termux/files/usr/lib/node_modules/npm/npmrc
4 silly config load:file:/data/data/com.termux/files/home/.npmrc
5 silly config load:file:/data/data/com.termux/files/usr/etc/npmrc
6 verbose title npm install better-sqlite3 express
7 verbose argv "install" "better-sqlite3" "express"
8 verbose logfile logs-max:10 dir:/data/data/com.termux/files/home/.npm/_logs/2026-07-26T03_29_35_215Z-
9 verbose logfile /data/data/com.termux/files/home/.npm/_logs/2026-07-26T03_29_35_215Z-debug-0.log
10 silly logfile start cleaning logs, removing 1 files
11 silly allow-scripts no package.json at prefix Could not read package.json: Error: ENOENT: no such file or directory, open '/data/data/com.termux/files/home/package.json'
12 silly packumentCache heap:1047527424 maxSize:261881856 maxEntrySize:130940928
13 silly logfile done cleaning log files
14 silly idealTree buildDeps
15 silly fetch manifest better-sqlite3@*
16 silly packumentCache full:https://registry.npmjs.org/better-sqlite3 cache-miss
17 http cache https://registry.npmjs.org/better-sqlite3 69ms (cache hit)
18 silly packumentCache full:https://registry.npmjs.org/better-sqlite3 set size:387583 disposed:false
19 silly fetch manifest express@*
20 silly packumentCache full:https://registry.npmjs.org/express cache-miss
21 http cache https://registry.npmjs.org/express 19ms (cache hit)
22 silly packumentCache full:https://registry.npmjs.org/express set size:804956 disposed:false
23 silly placeDep ROOT better-sqlite3@13.0.1 OK for:  want: *
24 silly placeDep ROOT express@5.2.1 OK for:  want: *
25 silly fetch manifest node-addon-api@^8.0.0
26 silly packumentCache full:https://registry.npmjs.org/node-addon-api cache-miss
27 silly fetch manifest qs@^6.14.0
28 silly packumentCache full:https://registry.npmjs.org/qs cache-miss
29 silly fetch manifest depd@^2.0.0
30 silly packumentCache full:https://registry.npmjs.org/depd cache-miss
31 silly fetch manifest etag@^1.8.1
32 silly packumentCache full:https://registry.npmjs.org/etag cache-miss
33 silly fetch manifest once@^1.4.0
34 silly packumentCache full:https://registry.npmjs.org/once cache-miss
35 silly fetch manifest send@^1.1.0
36 silly packumentCache full:https://registry.npmjs.org/send cache-miss
37 silly fetch manifest vary@^1.1.2
38 silly packumentCache full:https://registry.npmjs.org/vary cache-miss
39 http cache https://registry.npmjs.org/depd 98ms (cache hit)
40 silly packumentCache full:https://registry.npmjs.org/depd set size:40182 disposed:false
41 silly fetch manifest debug@^4.4.0
42 silly packumentCache full:https://registry.npmjs.org/debug cache-miss
43 http cache https://registry.npmjs.org/etag 107ms (cache hit)
44 silly packumentCache full:https://registry.npmjs.org/etag set size:30032 disposed:false
45 silly fetch manifest fresh@^2.0.0
46 silly packumentCache full:https://registry.npmjs.org/fresh cache-miss
47 http cache https://registry.npmjs.org/node-addon-api 120ms (cache hit)
48 silly packumentCache full:https://registry.npmjs.org/node-addon-api set size:365991 disposed:false
49 silly fetch manifest cookie@^0.7.1
50 silly packumentCache full:https://registry.npmjs.org/cookie cache-miss
51 http cache https://registry.npmjs.org/qs 139ms (cache hit)
52 silly packumentCache full:https://registry.npmjs.org/qs set size:360318 disposed:false
53 silly fetch manifest router@^2.2.0
54 silly packumentCache full:https://registry.npmjs.org/router cache-miss
55 http cache https://registry.npmjs.org/once 155ms (cache hit)
56 silly packumentCache full:https://registry.npmjs.org/once set size:11752 disposed:false
57 silly fetch manifest accepts@^2.0.0
58 silly packumentCache full:https://registry.npmjs.org/accepts cache-miss
59 http cache https://registry.npmjs.org/vary 157ms (cache hit)
60 silly packumentCache full:https://registry.npmjs.org/vary set size:15994 disposed:false
61 silly fetch manifest type-is@^2.0.1
62 silly packumentCache full:https://registry.npmjs.org/type-is cache-miss
63 http cache https://registry.npmjs.org/send 165ms (cache hit)
64 silly packumentCache full:https://registry.npmjs.org/send set size:152810 disposed:false
65 silly fetch manifest parseurl@^1.3.3
66 silly packumentCache full:https://registry.npmjs.org/parseurl cache-miss
67 http cache https://registry.npmjs.org/accepts 51ms (cache hit)
68 silly packumentCache full:https://registry.npmjs.org/accepts set size:77054 disposed:false
69 silly fetch manifest statuses@^2.0.1
70 silly packumentCache full:https://registry.npmjs.org/statuses cache-miss
71 http cache https://registry.npmjs.org/type-is 56ms (cache hit)
72 silly packumentCache full:https://registry.npmjs.org/type-is set size:88614 disposed:false
73 silly fetch manifest encodeurl@^2.0.0
74 silly packumentCache full:https://registry.npmjs.org/encodeurl cache-miss
75 http cache https://registry.npmjs.org/debug 127ms (cache hit)
76 silly packumentCache full:https://registry.npmjs.org/debug set size:195840 disposed:false
77 silly fetch manifest mime-types@^3.0.0
78 silly packumentCache full:https://registry.npmjs.org/mime-types cache-miss
79 http cache https://registry.npmjs.org/fresh 139ms (cache hit)
80 silly packumentCache full:https://registry.npmjs.org/fresh set size:25427 disposed:false
81 silly fetch manifest proxy-addr@^2.0.7
82 silly packumentCache full:https://registry.npmjs.org/proxy-addr cache-miss
83 http cache https://registry.npmjs.org/router 103ms (cache hit)
84 silly packumentCache full:https://registry.npmjs.org/router set size:116499 disposed:false
85 silly fetch manifest body-parser@^2.2.1
86 silly packumentCache full:https://registry.npmjs.org/body-parser cache-miss
87 http cache https://registry.npmjs.org/parseurl 87ms (cache hit)
88 silly packumentCache full:https://registry.npmjs.org/parseurl set size:24148 disposed:false
89 silly fetch manifest escape-html@^1.0.3
90 silly packumentCache full:https://registry.npmjs.org/escape-html cache-miss
91 http cache https://registry.npmjs.org/cookie 144ms (cache hit)
92 silly packumentCache full:https://registry.npmjs.org/cookie set size:78274 disposed:false
93 silly fetch manifest http-errors@^2.0.0
94 silly packumentCache full:https://registry.npmjs.org/http-errors cache-miss
95 http cache https://registry.npmjs.org/encodeurl 82ms (cache hit)
96 silly packumentCache full:https://registry.npmjs.org/encodeurl set size:12296 disposed:false
97 silly fetch manifest on-finished@^2.4.1
98 silly packumentCache full:https://registry.npmjs.org/on-finished cache-miss
99 http cache https://registry.npmjs.org/body-parser 55ms (cache hit)
100 silly packumentCache full:https://registry.npmjs.org/body-parser set size:204559 disposed:false
101 silly fetch manifest content-type@^1.0.5
102 silly packumentCache full:https://registry.npmjs.org/content-type cache-miss
103 http cache https://registry.npmjs.org/statuses 115ms (cache hit)
104 silly packumentCache full:https://registry.npmjs.org/statuses set size:37117 disposed:false
105 silly fetch manifest finalhandler@^2.1.0
106 silly packumentCache full:https://registry.npmjs.org/finalhandler cache-miss
107 http cache https://registry.npmjs.org/proxy-addr 88ms (cache hit)
108 silly packumentCache full:https://registry.npmjs.org/proxy-addr set size:61619 disposed:false
109 silly fetch manifest range-parser@^1.2.1
110 silly packumentCache full:https://registry.npmjs.org/range-parser cache-miss
111 http cache https://registry.npmjs.org/mime-types 102ms (cache hit)
112 silly packumentCache full:https://registry.npmjs.org/mime-types set size:139110 disposed:false
113 silly fetch manifest serve-static@^2.2.0
114 silly packumentCache full:https://registry.npmjs.org/serve-static cache-miss
115 http cache https://registry.npmjs.org/escape-html 89ms (cache hit)
116 silly packumentCache full:https://registry.npmjs.org/escape-html set size:7345 disposed:false
117 silly fetch manifest cookie-signature@^1.2.1
118 silly packumentCache full:https://registry.npmjs.org/cookie-signature cache-miss
119 http cache https://registry.npmjs.org/http-errors 85ms (cache hit)
120 silly packumentCache full:https://registry.npmjs.org/http-errors set size:71987 disposed:false
121 silly fetch manifest merge-descriptors@^2.0.0
122 silly packumentCache full:https://registry.npmjs.org/merge-descriptors cache-miss
123 http cache https://registry.npmjs.org/finalhandler 60ms (cache hit)
124 silly packumentCache full:https://registry.npmjs.org/finalhandler set size:79291 disposed:false
125 silly fetch manifest content-disposition@^1.0.0
126 silly packumentCache full:https://registry.npmjs.org/content-disposition cache-miss
127 http cache https://registry.npmjs.org/content-type 77ms (cache hit)
128 silly packumentCache full:https://registry.npmjs.org/content-type set size:18994 disposed:false
129 http cache https://registry.npmjs.org/cookie-signature 49ms (cache hit)
130 silly packumentCache full:https://registry.npmjs.org/cookie-signature set size:21777 disposed:false
131 http cache https://registry.npmjs.org/on-finished 121ms (cache hit)
132 silly packumentCache full:https://registry.npmjs.org/on-finished set size:23212 disposed:false
133 http cache https://registry.npmjs.org/serve-static 81ms (cache hit)
134 silly packumentCache full:https://registry.npmjs.org/serve-static set size:150391 disposed:false
135 http cache https://registry.npmjs.org/range-parser 100ms (cache hit)
136 silly packumentCache full:https://registry.npmjs.org/range-parser set size:24852 disposed:false
137 http cache https://registry.npmjs.org/merge-descriptors 79ms (cache hit)
138 silly packumentCache full:https://registry.npmjs.org/merge-descriptors set size:16527 disposed:false
139 http cache https://registry.npmjs.org/content-disposition 55ms (cache hit)
140 silly packumentCache full:https://registry.npmjs.org/content-disposition set size:42862 disposed:false
141 silly placeDep ROOT node-addon-api@8.9.0 OK for: better-sqlite3@13.0.1 want: ^8.0.0
142 silly placeDep ROOT accepts@2.0.0 OK for: express@5.2.1 want: ^2.0.0
143 silly placeDep ROOT body-parser@2.3.0 OK for: express@5.2.1 want: ^2.2.1
144 silly placeDep ROOT content-disposition@1.1.0 OK for: express@5.2.1 want: ^1.0.0
145 silly placeDep ROOT content-type@1.0.5 OK for: express@5.2.1 want: ^1.0.5
146 silly placeDep ROOT cookie@0.7.2 OK for: express@5.2.1 want: ^0.7.1
147 silly placeDep ROOT cookie-signature@1.2.2 OK for: express@5.2.1 want: ^1.2.1
148 silly placeDep ROOT debug@4.4.3 OK for: express@5.2.1 want: ^4.4.0
149 silly placeDep ROOT depd@2.0.0 OK for: express@5.2.1 want: ^2.0.0
150 silly placeDep ROOT encodeurl@2.0.0 OK for: express@5.2.1 want: ^2.0.0
151 silly placeDep ROOT escape-html@1.0.3 OK for: express@5.2.1 want: ^1.0.3
152 silly placeDep ROOT etag@1.8.1 OK for: express@5.2.1 want: ^1.8.1
153 silly placeDep ROOT finalhandler@2.1.1 OK for: express@5.2.1 want: ^2.1.0
154 silly placeDep ROOT fresh@2.0.0 OK for: express@5.2.1 want: ^2.0.0
155 silly placeDep ROOT http-errors@2.0.1 OK for: express@5.2.1 want: ^2.0.0
156 silly placeDep ROOT merge-descriptors@2.0.0 OK for: express@5.2.1 want: ^2.0.0
157 silly placeDep ROOT mime-types@3.0.2 OK for: express@5.2.1 want: ^3.0.0
158 silly placeDep ROOT on-finished@2.4.1 OK for: express@5.2.1 want: ^2.4.1
159 silly placeDep ROOT once@1.4.0 OK for: express@5.2.1 want: ^1.4.0
160 silly placeDep ROOT parseurl@1.3.3 OK for: express@5.2.1 want: ^1.3.3
161 silly placeDep ROOT proxy-addr@2.0.7 OK for: express@5.2.1 want: ^2.0.7
162 silly placeDep ROOT qs@6.15.3 OK for: express@5.2.1 want: ^6.14.0
163 silly placeDep ROOT range-parser@1.3.0 OK for: express@5.2.1 want: ^1.2.1
164 silly placeDep ROOT router@2.2.0 OK for: express@5.2.1 want: ^2.2.0
165 silly placeDep ROOT send@1.2.1 OK for: express@5.2.1 want: ^1.1.0
166 silly placeDep ROOT serve-static@2.2.1 OK for: express@5.2.1 want: ^2.2.0
167 silly placeDep ROOT statuses@2.0.2 OK for: express@5.2.1 want: ^2.0.1
168 silly placeDep ROOT type-is@2.1.0 OK for: express@5.2.1 want: ^2.0.1
169 silly placeDep ROOT vary@1.1.2 OK for: express@5.2.1 want: ^1.1.2
170 silly fetch manifest negotiator@^1.0.0
171 silly packumentCache full:https://registry.npmjs.org/negotiator cache-miss
172 silly fetch manifest qs@^6.15.2
173 silly packumentCache full:https://registry.npmjs.org/qs cache-hit
174 silly fetch manifest bytes@^3.1.2
175 silly packumentCache full:https://registry.npmjs.org/bytes cache-miss
176 silly fetch manifest debug@^4.4.3
177 silly packumentCache full:https://registry.npmjs.org/debug cache-hit
178 silly fetch manifest type-is@^2.1.0
179 silly packumentCache full:https://registry.npmjs.org/type-is cache-hit
180 silly fetch manifest raw-body@^3.0.2
181 silly packumentCache full:https://registry.npmjs.org/raw-body cache-miss
182 silly fetch manifest iconv-lite@^0.7.2
183 silly packumentCache full:https://registry.npmjs.org/iconv-lite cache-miss
184 silly fetch manifest http-errors@^2.0.1
185 silly packumentCache full:https://registry.npmjs.org/http-errors cache-hit
186 silly fetch manifest content-type@^2.0.0
187 silly packumentCache full:https://registry.npmjs.org/content-type cache-hit
188 silly fetch manifest ms@^2.1.3
189 silly packumentCache full:https://registry.npmjs.org/ms cache-miss
190 silly fetch manifest inherits@~2.0.4
191 silly packumentCache full:https://registry.npmjs.org/inherits cache-miss
192 silly fetch manifest setprototypeof@~1.2.0
193 silly packumentCache full:https://registry.npmjs.org/setprototypeof cache-miss
194 http cache https://registry.npmjs.org/negotiator 58ms (cache hit)
195 silly packumentCache full:https://registry.npmjs.org/negotiator set size:48046 disposed:false
196 silly fetch manifest statuses@~2.0.2
197 silly packumentCache full:https://registry.npmjs.org/statuses cache-hit
198 silly fetch manifest toidentifier@~1.0.1
199 silly packumentCache full:https://registry.npmjs.org/toidentifier cache-miss
200 http cache https://registry.npmjs.org/iconv-lite 54ms (cache hit)
201 silly packumentCache full:https://registry.npmjs.org/iconv-lite set size:126462 disposed:false
202 silly fetch manifest mime-db@^1.54.0
203 silly packumentCache full:https://registry.npmjs.org/mime-db cache-miss
204 http cache https://registry.npmjs.org/ms 78ms (cache hit)
205 silly packumentCache full:https://registry.npmjs.org/ms set size:92208 disposed:false
206 silly fetch manifest ee-first@1.1.1
207 silly packumentCache full:https://registry.npmjs.org/ee-first cache-miss
208 http cache https://registry.npmjs.org/raw-body 103ms (cache hit)
209 silly packumentCache full:https://registry.npmjs.org/raw-body set size:120042 disposed:false
210 silly fetch manifest wrappy@1
211 silly packumentCache full:https://registry.npmjs.org/wrappy cache-miss
212 http cache https://registry.npmjs.org/setprototypeof 94ms (cache hit)
213 silly packumentCache full:https://registry.npmjs.org/setprototypeof set size:14532 disposed:false
214 silly fetch manifest forwarded@0.2.0
215 silly packumentCache full:https://registry.npmjs.org/forwarded cache-miss
216 http cache https://registry.npmjs.org/inherits 102ms (cache hit)
217 silly packumentCache full:https://registry.npmjs.org/inherits set size:12925 disposed:false
218 silly fetch manifest ipaddr.js@1.9.1
219 silly packumentCache full:https://registry.npmjs.org/ipaddr.js cache-miss
220 http cache https://registry.npmjs.org/bytes 131ms (cache hit)
221 silly packumentCache full:https://registry.npmjs.org/bytes set size:37018 disposed:false
222 silly fetch manifest side-channel@^1.1.1
223 silly packumentCache full:https://registry.npmjs.org/side-channel cache-miss
224 http cache https://registry.npmjs.org/toidentifier 100ms (cache hit)
225 silly packumentCache full:https://registry.npmjs.org/toidentifier set size:12006 disposed:false
226 silly fetch manifest es-define-property@^1.0.1
227 silly packumentCache full:https://registry.npmjs.org/es-define-property cache-miss
228 http cache https://registry.npmjs.org/mime-db 95ms (cache hit)
229 silly packumentCache full:https://registry.npmjs.org/mime-db set size:164953 disposed:false
230 silly fetch manifest is-promise@^4.0.0
231 silly packumentCache full:https://registry.npmjs.org/is-promise cache-miss
232 http cache https://registry.npmjs.org/wrappy 63ms (cache hit)
233 silly packumentCache full:https://registry.npmjs.org/wrappy set size:7682 disposed:false
234 silly fetch manifest path-to-regexp@^8.0.0
235 silly packumentCache full:https://registry.npmjs.org/path-to-regexp cache-miss
236 http cache https://registry.npmjs.org/forwarded 62ms (cache hit)
237 silly packumentCache full:https://registry.npmjs.org/forwarded set size:11229 disposed:false
238 silly fetch manifest statuses@^2.0.2
239 silly packumentCache full:https://registry.npmjs.org/statuses cache-hit
240 silly fetch manifest media-typer@^1.1.0
241 silly packumentCache full:https://registry.npmjs.org/media-typer cache-miss
242 http cache https://registry.npmjs.org/ee-first 87ms (cache hit)
243 silly packumentCache full:https://registry.npmjs.org/ee-first set size:15327 disposed:false
244 http cache https://registry.npmjs.org/side-channel 60ms (cache hit)
245 silly packumentCache full:https://registry.npmjs.org/side-channel set size:27650 disposed:false
246 http cache https://registry.npmjs.org/ipaddr.js 72ms (cache hit)
247 silly packumentCache full:https://registry.npmjs.org/ipaddr.js set size:69549 disposed:false
248 http cache https://registry.npmjs.org/es-define-property 61ms (cache hit)
249 silly packumentCache full:https://registry.npmjs.org/es-define-property set size:8542 disposed:false
250 http cache https://registry.npmjs.org/is-promise 50ms (cache hit)
251 silly packumentCache full:https://registry.npmjs.org/is-promise set size:18599 disposed:false
252 http cache https://registry.npmjs.org/path-to-regexp 49ms (cache hit)
253 silly packumentCache full:https://registry.npmjs.org/path-to-regexp set size:216334 disposed:false
254 http cache https://registry.npmjs.org/media-typer 56ms (cache hit)
255 silly packumentCache full:https://registry.npmjs.org/media-typer set size:22074 disposed:false
256 silly placeDep ROOT negotiator@1.0.0 OK for: accepts@2.0.0 want: ^1.0.0
257 silly placeDep ROOT bytes@3.1.2 OK for: body-parser@2.3.0 want: ^3.1.2
258 silly placeDep node_modules/body-parser content-type@2.0.0 OK for: body-parser@2.3.0 want: ^2.0.0
259 silly placeDep ROOT iconv-lite@0.7.3 OK for: body-parser@2.3.0 want: ^0.7.2
260 silly placeDep ROOT raw-body@3.0.2 OK for: body-parser@2.3.0 want: ^3.0.2
261 silly fetch manifest safer-buffer@>= 2.1.2 < 3.0.0
262 silly packumentCache full:https://registry.npmjs.org/safer-buffer cache-miss
263 silly fetch manifest unpipe@~1.0.0
264 silly packumentCache full:https://registry.npmjs.org/unpipe cache-miss
265 http cache https://registry.npmjs.org/safer-buffer 13ms (cache hit)
266 silly packumentCache full:https://registry.npmjs.org/safer-buffer set size:18521 disposed:false
267 http cache https://registry.npmjs.org/unpipe 17ms (cache hit)
268 silly packumentCache full:https://registry.npmjs.org/unpipe set size:3609 disposed:false
269 silly placeDep ROOT ms@2.1.3 OK for: debug@4.4.3 want: ^2.1.3
270 silly placeDep ROOT inherits@2.0.4 OK for: http-errors@2.0.1 want: ~2.0.4
271 silly placeDep ROOT setprototypeof@1.2.0 OK for: http-errors@2.0.1 want: ~1.2.0
272 silly placeDep ROOT toidentifier@1.0.1 OK for: http-errors@2.0.1 want: ~1.0.1
273 silly placeDep ROOT safer-buffer@2.1.2 OK for: iconv-lite@0.7.3 want: >= 2.1.2 < 3.0.0
274 silly placeDep ROOT mime-db@1.54.0 OK for: mime-types@3.0.2 want: ^1.54.0
275 silly placeDep ROOT ee-first@1.1.1 OK for: on-finished@2.4.1 want: 1.1.1
276 silly placeDep ROOT wrappy@1.0.2 OK for: once@1.4.0 want: 1
277 silly placeDep ROOT forwarded@0.2.0 OK for: proxy-addr@2.0.7 want: 0.2.0
278 silly placeDep ROOT ipaddr.js@1.9.1 OK for: proxy-addr@2.0.7 want: 1.9.1
279 silly placeDep ROOT es-define-property@1.0.1 OK for: qs@6.15.3 want: ^1.0.1
280 silly placeDep ROOT side-channel@1.1.1 OK for: qs@6.15.3 want: ^1.1.1
281 silly fetch manifest es-errors@^1.3.0
282 silly packumentCache full:https://registry.npmjs.org/es-errors cache-miss
283 silly fetch manifest object-inspect@^1.13.4
284 silly packumentCache full:https://registry.npmjs.org/object-inspect cache-miss
285 silly fetch manifest side-channel-list@^1.0.1
286 silly packumentCache full:https://registry.npmjs.org/side-channel-list cache-miss
287 silly fetch manifest side-channel-map@^1.0.1
288 silly packumentCache full:https://registry.npmjs.org/side-channel-map cache-miss
289 silly fetch manifest side-channel-weakmap@^1.0.2
290 silly packumentCache full:https://registry.npmjs.org/side-channel-weakmap cache-miss
291 http cache https://registry.npmjs.org/side-channel-map 21ms (cache hit)
292 silly packumentCache full:https://registry.npmjs.org/side-channel-map set size:9126 disposed:false
293 http cache https://registry.npmjs.org/object-inspect 29ms (cache hit)
294 silly packumentCache full:https://registry.npmjs.org/object-inspect set size:101927 disposed:false
295 http cache https://registry.npmjs.org/es-errors 57ms (cache hit)
296 silly packumentCache full:https://registry.npmjs.org/es-errors set size:16918 disposed:false
297 http cache https://registry.npmjs.org/side-channel-list 59ms (cache hit)
298 silly packumentCache full:https://registry.npmjs.org/side-channel-list set size:9021 disposed:false
299 http cache https://registry.npmjs.org/side-channel-weakmap 58ms (cache hit)
300 silly packumentCache full:https://registry.npmjs.org/side-channel-weakmap set size:12620 disposed:false
301 silly placeDep ROOT unpipe@1.0.0 OK for: raw-body@3.0.2 want: ~1.0.0
302 silly placeDep ROOT is-promise@4.0.0 OK for: router@2.2.0 want: ^4.0.0
303 silly placeDep ROOT path-to-regexp@8.4.2 OK for: router@2.2.0 want: ^8.0.0
304 silly placeDep ROOT es-errors@1.3.0 OK for: side-channel@1.1.1 want: ^1.3.0
305 silly placeDep ROOT object-inspect@1.13.4 OK for: side-channel@1.1.1 want: ^1.13.4
306 silly placeDep ROOT side-channel-list@1.0.1 OK for: side-channel@1.1.1 want: ^1.0.1
307 silly placeDep ROOT side-channel-map@1.0.1 OK for: side-channel@1.1.1 want: ^1.0.1
308 silly placeDep ROOT side-channel-weakmap@1.0.2 OK for: side-channel@1.1.1 want: ^1.0.2
309 silly fetch manifest call-bound@^1.0.2
310 silly packumentCache full:https://registry.npmjs.org/call-bound cache-miss
311 silly fetch manifest get-intrinsic@^1.2.5
312 silly packumentCache full:https://registry.npmjs.org/get-intrinsic cache-miss
313 silly fetch manifest call-bound@^1.0.2
314 silly packumentCache full:https://registry.npmjs.org/call-bound cache-miss
315 silly fetch manifest get-intrinsic@^1.2.5
316 silly packumentCache full:https://registry.npmjs.org/get-intrinsic cache-miss
317 http cache https://registry.npmjs.org/get-intrinsic 21ms (cache hit)
318 silly packumentCache full:https://registry.npmjs.org/get-intrinsic set size:60985 disposed:false
319 http cache https://registry.npmjs.org/get-intrinsic 29ms (cache hit)
320 silly packumentCache full:https://registry.npmjs.org/get-intrinsic set size:60985 disposed:false
321 silly packumentCache full:https://registry.npmjs.org/get-intrinsic dispose
322 http cache https://registry.npmjs.org/call-bound 32ms (cache hit)
323 silly packumentCache full:https://registry.npmjs.org/call-bound set size:15317 disposed:false
324 http cache https://registry.npmjs.org/call-bound 39ms (cache hit)
325 silly packumentCache full:https://registry.npmjs.org/call-bound set size:15317 disposed:false
326 silly packumentCache full:https://registry.npmjs.org/call-bound dispose
327 silly placeDep ROOT call-bound@1.0.4 OK for: side-channel-map@1.0.1 want: ^1.0.2
328 silly placeDep ROOT get-intrinsic@1.3.0 OK for: side-channel-map@1.0.1 want: ^1.2.5
329 silly fetch manifest call-bind-apply-helpers@^1.0.2
330 silly packumentCache full:https://registry.npmjs.org/call-bind-apply-helpers cache-miss
331 silly fetch manifest get-intrinsic@^1.3.0
332 silly packumentCache full:https://registry.npmjs.org/get-intrinsic cache-hit
333 silly fetch manifest gopd@^1.2.0
334 silly packumentCache full:https://registry.npmjs.org/gopd cache-miss
335 silly fetch manifest hasown@^2.0.2
336 silly packumentCache full:https://registry.npmjs.org/hasown cache-miss
337 silly fetch manifest get-proto@^1.0.1
338 silly packumentCache full:https://registry.npmjs.org/get-proto cache-miss
339 silly fetch manifest has-symbols@^1.1.0
340 silly packumentCache full:https://registry.npmjs.org/has-symbols cache-miss
341 silly fetch manifest function-bind@^1.1.2
342 silly packumentCache full:https://registry.npmjs.org/function-bind cache-miss
343 silly fetch manifest es-object-atoms@^1.1.1
344 silly packumentCache full:https://registry.npmjs.org/es-object-atoms cache-miss
345 http cache https://registry.npmjs.org/gopd 38ms (cache hit)
346 silly packumentCache full:https://registry.npmjs.org/gopd set size:11483 disposed:false
347 silly fetch manifest math-intrinsics@^1.1.0
348 silly packumentCache full:https://registry.npmjs.org/math-intrinsics cache-miss
349 http cache https://registry.npmjs.org/function-bind 34ms (cache hit)
350 silly packumentCache full:https://registry.npmjs.org/function-bind set size:15733 disposed:false
351 silly fetch manifest call-bind-apply-helpers@^1.0.2
352 silly packumentCache full:https://registry.npmjs.org/call-bind-apply-helpers cache-miss
353 http cache https://registry.npmjs.org/hasown 49ms (cache hit)
354 silly packumentCache full:https://registry.npmjs.org/hasown set size:18361 disposed:false
355 http cache https://registry.npmjs.org/has-symbols 51ms (cache hit)
356 silly packumentCache full:https://registry.npmjs.org/has-symbols set size:21550 disposed:false
357 http cache https://registry.npmjs.org/es-object-atoms 46ms (cache hit)
358 silly packumentCache full:https://registry.npmjs.org/es-object-atoms set size:18278 disposed:false
359 http cache https://registry.npmjs.org/call-bind-apply-helpers 65ms (cache hit)
360 silly packumentCache full:https://registry.npmjs.org/call-bind-apply-helpers set size:12744 disposed:false
361 http cache https://registry.npmjs.org/get-proto 64ms (cache hit)
362 silly packumentCache full:https://registry.npmjs.org/get-proto set size:8300 disposed:false
363 http cache https://registry.npmjs.org/call-bind-apply-helpers 30ms (cache hit)
364 silly packumentCache full:https://registry.npmjs.org/call-bind-apply-helpers set size:12744 disposed:false
365 silly packumentCache full:https://registry.npmjs.org/call-bind-apply-helpers dispose
366 http cache https://registry.npmjs.org/math-intrinsics 38ms (cache hit)
367 silly packumentCache full:https://registry.npmjs.org/math-intrinsics set size:9265 disposed:false
368 silly placeDep ROOT call-bind-apply-helpers@1.0.2 OK for: call-bound@1.0.4 want: ^1.0.2
369 silly placeDep ROOT function-bind@1.1.2 OK for: call-bind-apply-helpers@1.0.2 want: ^1.1.2
370 silly placeDep ROOT es-object-atoms@1.1.2 OK for: get-intrinsic@1.3.0 want: ^1.1.1
371 silly placeDep ROOT get-proto@1.0.1 OK for: get-intrinsic@1.3.0 want: ^1.0.1
372 silly placeDep ROOT gopd@1.2.0 OK for: get-intrinsic@1.3.0 want: ^1.2.0
373 silly placeDep ROOT has-symbols@1.1.0 OK for: get-intrinsic@1.3.0 want: ^1.1.0
374 silly placeDep ROOT hasown@2.0.4 OK for: get-intrinsic@1.3.0 want: ^2.0.2
375 silly placeDep ROOT math-intrinsics@1.1.0 OK for: get-intrinsic@1.3.0 want: ^1.1.0
376 silly fetch manifest dunder-proto@^1.0.1
377 silly packumentCache full:https://registry.npmjs.org/dunder-proto cache-miss
378 http cache https://registry.npmjs.org/dunder-proto 14ms (cache hit)
379 silly packumentCache full:https://registry.npmjs.org/dunder-proto set size:8256 disposed:false
380 silly placeDep ROOT dunder-proto@1.0.1 OK for: get-proto@1.0.1 want: ^1.0.1
381 silly placeDep node_modules/type-is content-type@2.0.0 OK for: type-is@2.1.0 want: ^2.0.0
382 silly placeDep ROOT media-typer@1.1.1 OK for: type-is@2.1.0 want: ^1.1.0
383 silly reify moves {}
384 http cache media-typer@https://registry.npmjs.org/media-typer/-/media-typer-1.1.1.tgz 0ms (cache hit)
385 http cache math-intrinsics@https://registry.npmjs.org/math-intrinsics/-/math-intrinsics-1.1.0.tgz 0ms (cache hit)
386 http cache hasown@https://registry.npmjs.org/hasown/-/hasown-2.0.4.tgz 0ms (cache hit)
387 http cache has-symbols@https://registry.npmjs.org/has-symbols/-/has-symbols-1.1.0.tgz 0ms (cache hit)
388 http cache dunder-proto@https://registry.npmjs.org/dunder-proto/-/dunder-proto-1.0.1.tgz 0ms (cache hit)
389 http cache gopd@https://registry.npmjs.org/gopd/-/gopd-1.2.0.tgz 0ms (cache hit)
390 http cache get-proto@https://registry.npmjs.org/get-proto/-/get-proto-1.0.1.tgz 0ms (cache hit)
391 http cache call-bind-apply-helpers@https://registry.npmjs.org/call-bind-apply-helpers/-/call-bind-apply-helpers-1.0.2.tgz 0ms (cache hit)
392 http cache es-object-atoms@https://registry.npmjs.org/es-object-atoms/-/es-object-atoms-1.1.2.tgz 1ms (cache hit)
393 http cache function-bind@https://registry.npmjs.org/function-bind/-/function-bind-1.1.2.tgz 0ms (cache hit)
394 http cache get-intrinsic@https://registry.npmjs.org/get-intrinsic/-/get-intrinsic-1.3.0.tgz 0ms (cache hit)
395 http cache call-bound@https://registry.npmjs.org/call-bound/-/call-bound-1.0.4.tgz 0ms (cache hit)
396 http cache side-channel-weakmap@https://registry.npmjs.org/side-channel-weakmap/-/side-channel-weakmap-1.0.2.tgz 0ms (cache hit)
397 http cache side-channel-map@https://registry.npmjs.org/side-channel-map/-/side-channel-map-1.0.1.tgz 0ms (cache hit)
398 http cache side-channel-list@https://registry.npmjs.org/side-channel-list/-/side-channel-list-1.0.1.tgz 0ms (cache hit)
399 http cache object-inspect@https://registry.npmjs.org/object-inspect/-/object-inspect-1.13.4.tgz 0ms (cache hit)
400 http cache es-errors@https://registry.npmjs.org/es-errors/-/es-errors-1.3.0.tgz 0ms (cache hit)
401 http cache path-to-regexp@https://registry.npmjs.org/path-to-regexp/-/path-to-regexp-8.4.2.tgz 0ms (cache hit)
402 http cache unpipe@https://registry.npmjs.org/unpipe/-/unpipe-1.0.0.tgz 0ms (cache hit)
403 http cache is-promise@https://registry.npmjs.org/is-promise/-/is-promise-4.0.0.tgz 0ms (cache hit)
404 http cache side-channel@https://registry.npmjs.org/side-channel/-/side-channel-1.1.1.tgz 0ms (cache hit)
405 http cache es-define-property@https://registry.npmjs.org/es-define-property/-/es-define-property-1.0.1.tgz 0ms (cache hit)
406 http cache ipaddr.js@https://registry.npmjs.org/ipaddr.js/-/ipaddr.js-1.9.1.tgz 0ms (cache hit)
407 http cache forwarded@https://registry.npmjs.org/forwarded/-/forwarded-0.2.0.tgz 0ms (cache hit)
408 http cache wrappy@https://registry.npmjs.org/wrappy/-/wrappy-1.0.2.tgz 0ms (cache hit)
409 http cache ee-first@https://registry.npmjs.org/ee-first/-/ee-first-1.1.1.tgz 0ms (cache hit)
410 http cache mime-db@https://registry.npmjs.org/mime-db/-/mime-db-1.54.0.tgz 0ms (cache hit)
411 http cache safer-buffer@https://registry.npmjs.org/safer-buffer/-/safer-buffer-2.1.2.tgz 0ms (cache hit)
412 http cache toidentifier@https://registry.npmjs.org/toidentifier/-/toidentifier-1.0.1.tgz 0ms (cache hit)
413 http cache setprototypeof@https://registry.npmjs.org/setprototypeof/-/setprototypeof-1.2.0.tgz 0ms (cache hit)
414 http cache inherits@https://registry.npmjs.org/inherits/-/inherits-2.0.4.tgz 1ms (cache hit)
415 http cache ms@https://registry.npmjs.org/ms/-/ms-2.1.3.tgz 0ms (cache hit)
416 http cache raw-body@https://registry.npmjs.org/raw-body/-/raw-body-3.0.2.tgz 0ms (cache hit)
417 http cache iconv-lite@https://registry.npmjs.org/iconv-lite/-/iconv-lite-0.7.3.tgz 0ms (cache hit)
418 http cache bytes@https://registry.npmjs.org/bytes/-/bytes-3.1.2.tgz 0ms (cache hit)
419 http cache negotiator@https://registry.npmjs.org/negotiator/-/negotiator-1.0.0.tgz 1ms (cache hit)
420 http cache vary@https://registry.npmjs.org/vary/-/vary-1.1.2.tgz 0ms (cache hit)
421 http cache type-is@https://registry.npmjs.org/type-is/-/type-is-2.1.0.tgz 0ms (cache hit)
422 http cache statuses@https://registry.npmjs.org/statuses/-/statuses-2.0.2.tgz 0ms (cache hit)
423 http cache serve-static@https://registry.npmjs.org/serve-static/-/serve-static-2.2.1.tgz 0ms (cache hit)
424 http cache send@https://registry.npmjs.org/send/-/send-1.2.1.tgz 0ms (cache hit)
425 http cache router@https://registry.npmjs.org/router/-/router-2.2.0.tgz 0ms (cache hit)
426 http cache range-parser@https://registry.npmjs.org/range-parser/-/range-parser-1.3.0.tgz 0ms (cache hit)
427 http cache qs@https://registry.npmjs.org/qs/-/qs-6.15.3.tgz 0ms (cache hit)
428 http cache proxy-addr@https://registry.npmjs.org/proxy-addr/-/proxy-addr-2.0.7.tgz 1ms (cache hit)
429 http cache parseurl@https://registry.npmjs.org/parseurl/-/parseurl-1.3.3.tgz 0ms (cache hit)
430 http cache once@https://registry.npmjs.org/once/-/once-1.4.0.tgz 0ms (cache hit)
431 http cache on-finished@https://registry.npmjs.org/on-finished/-/on-finished-2.4.1.tgz 0ms (cache hit)
432 http cache mime-types@https://registry.npmjs.org/mime-types/-/mime-types-3.0.2.tgz 0ms (cache hit)
433 http cache merge-descriptors@https://registry.npmjs.org/merge-descriptors/-/merge-descriptors-2.0.0.tgz 0ms (cache hit)
434 http cache http-errors@https://registry.npmjs.org/http-errors/-/http-errors-2.0.1.tgz 0ms (cache hit)
435 http cache fresh@https://registry.npmjs.org/fresh/-/fresh-2.0.0.tgz 0ms (cache hit)
436 http cache finalhandler@https://registry.npmjs.org/finalhandler/-/finalhandler-2.1.1.tgz 0ms (cache hit)
437 http cache etag@https://registry.npmjs.org/etag/-/etag-1.8.1.tgz 0ms (cache hit)
438 http cache escape-html@https://registry.npmjs.org/escape-html/-/escape-html-1.0.3.tgz 0ms (cache hit)
439 http cache encodeurl@https://registry.npmjs.org/encodeurl/-/encodeurl-2.0.0.tgz 0ms (cache hit)
440 http cache depd@https://registry.npmjs.org/depd/-/depd-2.0.0.tgz 0ms (cache hit)
441 http cache debug@https://registry.npmjs.org/debug/-/debug-4.4.3.tgz 0ms (cache hit)
442 http cache cookie-signature@https://registry.npmjs.org/cookie-signature/-/cookie-signature-1.2.2.tgz 0ms (cache hit)
443 http cache cookie@https://registry.npmjs.org/cookie/-/cookie-0.7.2.tgz 0ms (cache hit)
444 http cache content-type@https://registry.npmjs.org/content-type/-/content-type-1.0.5.tgz 0ms (cache hit)
445 http cache content-disposition@https://registry.npmjs.org/content-disposition/-/content-disposition-1.1.0.tgz 0ms (cache hit)
446 http cache body-parser@https://registry.npmjs.org/body-parser/-/body-parser-2.3.0.tgz 0ms (cache hit)
447 http cache accepts@https://registry.npmjs.org/accepts/-/accepts-2.0.0.tgz 0ms (cache hit)
448 http cache node-addon-api@https://registry.npmjs.org/node-addon-api/-/node-addon-api-8.9.0.tgz 0ms (cache hit)
449 http cache express@https://registry.npmjs.org/express/-/express-5.2.1.tgz 0ms (cache hit)
450 http cache better-sqlite3@https://registry.npmjs.org/better-sqlite3/-/better-sqlite3-13.0.1.tgz 0ms (cache hit)
451 http cache content-type@https://registry.npmjs.org/content-type/-/content-type-2.0.0.tgz 0ms (cache hit)
452 http cache content-type@https://registry.npmjs.org/content-type/-/content-type-2.0.0.tgz 0ms (cache hit)
453 info run better-sqlite3@13.0.1 install node_modules/better-sqlite3 node-gyp rebuild
454 info run better-sqlite3@13.0.1 install { code: 1, signal: null }
455 verbose stack Error: command failed
455 verbose stack     at promiseSpawn (/data/data/com.termux/files/usr/lib/node_modules/npm/node_modules/@npmcli/promise-spawn/lib/index.js:22:22)
455 verbose stack     at spawnWithShell (/data/data/com.termux/files/usr/lib/node_modules/npm/node_modules/@npmcli/promise-spawn/lib/index.js:124:10)
455 verbose stack     at promiseSpawn (/data/data/com.termux/files/usr/lib/node_modules/npm/node_modules/@npmcli/promise-spawn/lib/index.js:12:12)
455 verbose stack     at runScriptPkg (/data/data/com.termux/files/usr/lib/node_modules/npm/node_modules/@npmcli/run-script/lib/run-script-pkg.js:79:13)
455 verbose stack     at runScript (/data/data/com.termux/files/usr/lib/node_modules/npm/node_modules/@npmcli/run-script/lib/run-script.js:9:12)
455 verbose stack     at /data/data/com.termux/files/usr/lib/node_modules/npm/node_modules/@npmcli/arborist/lib/arborist/rebuild.js:348:17
455 verbose stack     at run (/data/data/com.termux/files/usr/lib/node_modules/npm/node_modules/promise-call-limit/dist/commonjs/index.js:67:22)
455 verbose stack     at /data/data/com.termux/files/usr/lib/node_modules/npm/node_modules/promise-call-limit/dist/commonjs/index.js:84:9
455 verbose stack     at new Promise (<anonymous>)
455 verbose stack     at callLimit (/data/data/com.termux/files/usr/lib/node_modules/npm/node_modules/promise-call-limit/dist/commonjs/index.js:35:69)
456 verbose pkgid better-sqlite3@13.0.1
457 error code 1
458 error path /data/data/com.termux/files/home/node_modules/better-sqlite3
459 error command failed
460 error command sh -c node-gyp rebuild
461 error gyp info it worked if it ends with ok
461 error gyp info using node-gyp@12.4.0
461 error gyp info using node@26.4.0 | android | arm64
461 error gyp info find Python using Python version 3.14.6 found at "/data/data/com.termux/files/usr/bin/python3"
461 error gyp info spawn /data/data/com.termux/files/usr/bin/python3
461 error gyp info spawn args [
461 error gyp info spawn args '/data/data/com.termux/files/usr/lib/node_modules/npm/node_modules/node-gyp/gyp/gyp_main.py',
461 error gyp info spawn args 'binding.gyp',
461 error gyp info spawn args '-f',
461 error gyp info spawn args 'make',
461 error gyp info spawn args '-I',
461 error gyp info spawn args '/data/data/com.termux/files/home/node_modules/better-sqlite3/build/config.gypi',
461 error gyp info spawn args '-I',
461 error gyp info spawn args '/data/data/com.termux/files/usr/lib/node_modules/npm/node_modules/node-gyp/addon.gypi',
461 error gyp info spawn args '-I',
461 error gyp info spawn args '/data/data/com.termux/files/home/.cache/node-gyp/26.4.0/include/node/common.gypi',
461 error gyp info spawn args '-Dlibrary=shared_library',
461 error gyp info spawn args '-Dvisibility=default',
461 error gyp info spawn args '-Dnode_root_dir=/data/data/com.termux/files/home/.cache/node-gyp/26.4.0',
461 error gyp info spawn args '-Dnode_gyp_dir=/data/data/com.termux/files/usr/lib/node_modules/npm/node_modules/node-gyp',
461 error gyp info spawn args '-Dnode_lib_file=/data/data/com.termux/files/home/.cache/node-gyp/26.4.0/<(target_arch)/node.lib',
461 error gyp info spawn args '-Dmodule_root_dir=/data/data/com.termux/files/home/node_modules/better-sqlite3',
461 error gyp info spawn args '-Dnode_engine=v8',
461 error gyp info spawn args '--depth=.',
461 error gyp info spawn args '--no-parallel',
461 error gyp info spawn args '--generator-output',
461 error gyp info spawn args 'build',
461 error gyp info spawn args '-Goutput_dir=.'
461 error gyp info spawn args ]
461 error gyp: Undefined variable android_ndk_path in binding.gyp while trying to load binding.gyp
461 error gyp ERR! configure error 
461 error gyp ERR! stack Error: `gyp` failed with exit code: 1
461 error gyp ERR! stack at ChildProcess.<anonymous> (/data/data/com.termux/files/usr/lib/node_modules/npm/node_modules/node-gyp/lib/configure.js:317:18)
461 error gyp ERR! stack at ChildProcess.emit (node:events:509:20)
461 error gyp ERR! stack at ChildProcess._handle.onexit (node:internal/child_process:294:12)
461 error gyp ERR! System Linux 6.12.38-android16-5-abA075FXXS6CZF6-4k
461 error gyp ERR! command "/data/data/com.termux/files/usr/bin/node" "/data/data/com.termux/files/usr/lib/node_modules/npm/node_modules/node-gyp/bin/node-gyp.js" "rebuild"
461 error gyp ERR! cwd /data/data/com.termux/files/home/node_modules/better-sqlite3
461 error gyp ERR! node -v v26.4.0
461 error gyp ERR! node-gyp -v v12.4.0
461 error gyp ERR! $npm_package_name better-sqlite3
461 error gyp ERR! $npm_package_version 13.0.1
461 error gyp ERR! not ok
462 silly unfinished npm timer reify 1785036576243
463 silly unfinished npm timer reify:build 1785036579713
464 silly unfinished npm timer build 1785036579714
465 silly unfinished npm timer build:deps 1785036579716
466 silly unfinished npm timer build:run:install 1785036579731
467 silly unfinished npm timer build:run:install:node_modules/better-sqlite3 1785036579731
468 verbose cwd /data/data/com.termux/files/home
469 verbose os Linux 6.12.38-android16-5-abA075FXXS6CZF6-4k
470 verbose node v26.4.0
471 verbose npm  v11.18.0
472 verbose exit 1
473 verbose code 1
474 error A complete log of this run can be found in: /data/data/com.termux/files/home/.npm/_logs/2026-07-26T03_29_35_215Z-debug-0.log
