0 verbose cli /data/data/com.termux/files/usr/bin/node /data/data/com.termux/files/usr/lib/node_modules/npm/bin/npm-cli.js
1 info using npm@11.18.0
2 info using node@v26.4.0
3 silly config load:file:/data/data/com.termux/files/usr/lib/node_modules/npm/npmrc
4 silly config load:file:/data/data/com.termux/files/home/.npmrc
5 silly config load:file:/data/data/com.termux/files/usr/etc/npmrc
6 verbose title npm exec vite --host 127.0.0.1 --port 5173
7 verbose argv "exec" "--" "vite" "--host" "127.0.0.1" "--port" "5173"
8 verbose logfile logs-max:10 dir:/data/data/com.termux/files/home/.npm/_logs/2026-07-16T06_21_09_430Z-
9 verbose logfile /data/data/com.termux/files/home/.npm/_logs/2026-07-16T06_21_09_430Z-debug-0.log
10 silly logfile start cleaning logs, removing 1 files
11 silly logfile done cleaning log files
12 silly packumentCache heap:1047527424 maxSize:261881856 maxEntrySize:130940928
13 http fetch GET 200 https://registry.npmjs.org/vite 2311ms (cache miss)
14 silly packumentCache heap:1047527424 maxSize:261881856 maxEntrySize:130940928
15 silly packumentCache heap:1047527424 maxSize:261881856 maxEntrySize:130940928
16 silly idealTree buildDeps
17 silly fetch manifest vite@8.1.4
18 silly packumentCache full:https://registry.npmjs.org/vite cache-miss
19 http fetch GET https://registry.npmjs.org/vite attempt 1 failed with ENETUNREACH
20 http fetch GET https://registry.npmjs.org/vite attempt 2 failed with ENETUNREACH
21 http fetch GET https://registry.npmjs.org/vite attempt 3 failed with ENETUNREACH
22 http fetch GET 200 https://registry.npmjs.org/vite 184353ms (cache stale)
23 silly packumentCache full:https://registry.npmjs.org/vite set size:38902327 disposed:false
24 silly fetch manifest @types/node@^20.19.0 || >=22.12.0
25 silly packumentCache full:https://registry.npmjs.org/@types%2fnode cache-miss
26 http fetch GET https://registry.npmjs.org/@types%2fnode attempt 1 failed with ENETUNREACH
27 http fetch GET 200 https://registry.npmjs.org/@types%2fnode 12648ms (cache revalidated)
28 silly packumentCache full:https://registry.npmjs.org/@types%2fnode set size:11080817 disposed:false
29 silly fetch manifest @vitejs/devtools@^0.3.0
30 silly packumentCache full:https://registry.npmjs.org/@vitejs%2fdevtools cache-miss
31 http fetch GET 200 https://registry.npmjs.org/@vitejs%2fdevtools 780ms (cache revalidated)
32 silly packumentCache full:https://registry.npmjs.org/@vitejs%2fdevtools set size:233931 disposed:false
33 silly fetch manifest esbuild@^0.27.0 || ^0.28.0
34 silly packumentCache full:https://registry.npmjs.org/esbuild cache-miss
35 http fetch GET 200 https://registry.npmjs.org/esbuild 334ms (cache revalidated)
36 silly packumentCache full:https://registry.npmjs.org/esbuild set size:1259608 disposed:false
37 silly fetch manifest jiti@>=1.21.0
38 silly packumentCache full:https://registry.npmjs.org/jiti cache-miss
39 http fetch GET 200 https://registry.npmjs.org/jiti 1351ms (cache revalidated)
40 silly packumentCache full:https://registry.npmjs.org/jiti set size:387989 disposed:false
41 silly fetch manifest less@^4.0.0
42 silly packumentCache full:https://registry.npmjs.org/less cache-miss
43 http fetch GET 200 https://registry.npmjs.org/less 269ms (cache revalidated)
44 silly packumentCache full:https://registry.npmjs.org/less set size:476819 disposed:false
45 silly fetch manifest sass@^1.70.0
46 silly packumentCache full:https://registry.npmjs.org/sass cache-miss
47 http fetch GET 200 https://registry.npmjs.org/sass 296ms (cache revalidated)
48 silly packumentCache full:https://registry.npmjs.org/sass set size:730445 disposed:false
49 silly fetch manifest sass-embedded@^1.70.0
50 silly packumentCache full:https://registry.npmjs.org/sass-embedded cache-miss
51 http fetch GET 200 https://registry.npmjs.org/sass-embedded 315ms (cache revalidated)
52 silly packumentCache full:https://registry.npmjs.org/sass-embedded set size:419718 disposed:false
53 silly fetch manifest stylus@>=0.54.8
54 silly packumentCache full:https://registry.npmjs.org/stylus cache-miss
55 http fetch GET 200 https://registry.npmjs.org/stylus 327ms (cache revalidated)
56 silly packumentCache full:https://registry.npmjs.org/stylus set size:286766 disposed:false
57 silly fetch manifest sugarss@^5.0.0
58 silly packumentCache full:https://registry.npmjs.org/sugarss cache-miss
59 http fetch GET 200 https://registry.npmjs.org/sugarss 587ms (cache revalidated)
60 silly packumentCache full:https://registry.npmjs.org/sugarss set size:44975 disposed:false
61 silly fetch manifest postcss@^8.3.3
62 silly packumentCache full:https://registry.npmjs.org/postcss cache-miss
63 http fetch GET 200 https://registry.npmjs.org/postcss 429ms (cache revalidated)
64 silly packumentCache full:https://registry.npmjs.org/postcss set size:736604 disposed:false
65 silly fetch manifest terser@^5.16.0
66 silly packumentCache full:https://registry.npmjs.org/terser cache-miss
67 http fetch GET 200 https://registry.npmjs.org/terser 641ms (cache revalidated)
68 silly packumentCache full:https://registry.npmjs.org/terser set size:806866 disposed:false
69 silly fetch manifest tsx@^4.8.1
70 silly packumentCache full:https://registry.npmjs.org/tsx cache-miss
71 http fetch GET 200 https://registry.npmjs.org/tsx 339ms (cache revalidated)
72 silly packumentCache full:https://registry.npmjs.org/tsx set size:312195 disposed:false
73 silly fetch manifest yaml@^2.4.2
74 silly packumentCache full:https://registry.npmjs.org/yaml cache-miss
75 http fetch GET 200 https://registry.npmjs.org/yaml 251ms (cache revalidated)
76 silly packumentCache full:https://registry.npmjs.org/yaml set size:385754 disposed:false
77 silly placeDep ROOT vite@8.1.4 OK for:  want: 8.1.4
78 silly fetch manifest lightningcss@^1.32.0
79 silly packumentCache full:https://registry.npmjs.org/lightningcss cache-miss
80 silly fetch manifest picomatch@^4.0.5
81 silly packumentCache full:https://registry.npmjs.org/picomatch cache-miss
82 silly fetch manifest postcss@^8.5.16
83 silly packumentCache full:https://registry.npmjs.org/postcss cache-hit
84 silly fetch manifest rolldown@~1.1.4
85 silly packumentCache full:https://registry.npmjs.org/rolldown cache-miss
86 silly fetch manifest tinyglobby@^0.2.17
87 silly packumentCache full:https://registry.npmjs.org/tinyglobby cache-miss
88 silly fetch manifest fsevents@~2.3.3
89 silly packumentCache full:https://registry.npmjs.org/fsevents cache-miss
90 http fetch GET 200 https://registry.npmjs.org/lightningcss 258ms (cache revalidated)
91 silly packumentCache full:https://registry.npmjs.org/lightningcss set size:186753 disposed:false
92 http fetch GET 200 https://registry.npmjs.org/tinyglobby 867ms (cache revalidated)
93 silly packumentCache full:https://registry.npmjs.org/tinyglobby set size:54291 disposed:false
94 http fetch GET 200 https://registry.npmjs.org/picomatch 1298ms (cache revalidated)
95 silly packumentCache full:https://registry.npmjs.org/picomatch set size:128942 disposed:false
96 http fetch GET 200 https://registry.npmjs.org/fsevents 1299ms (cache revalidated)
97 silly packumentCache full:https://registry.npmjs.org/fsevents set size:182472 disposed:false
98 http fetch GET 200 https://registry.npmjs.org/rolldown 1324ms (cache revalidated)
99 silly packumentCache full:https://registry.npmjs.org/rolldown set size:3761943 disposed:false
100 silly placeDep ROOT fsevents@2.3.3 OK for: vite@8.1.4 want: ~2.3.3
101 silly placeDep ROOT lightningcss@1.32.0 OK for: vite@8.1.4 want: ^1.32.0
102 silly placeDep ROOT picomatch@4.0.5 OK for: vite@8.1.4 want: ^4.0.5
103 silly placeDep ROOT postcss@8.5.19 OK for: vite@8.1.4 want: ^8.5.16
104 silly placeDep ROOT rolldown@1.1.5 OK for: vite@8.1.4 want: ~1.1.4
105 silly placeDep ROOT tinyglobby@0.2.17 OK for: vite@8.1.4 want: ^0.2.17
106 silly fetch manifest detect-libc@^2.0.3
107 silly packumentCache full:https://registry.npmjs.org/detect-libc cache-miss
108 silly fetch manifest lightningcss-darwin-x64@1.32.0
109 silly packumentCache full:https://registry.npmjs.org/lightningcss-darwin-x64 cache-miss
110 silly fetch manifest lightningcss-linux-x64-gnu@1.32.0
111 silly packumentCache full:https://registry.npmjs.org/lightningcss-linux-x64-gnu cache-miss
112 silly fetch manifest lightningcss-win32-x64-msvc@1.32.0
113 silly packumentCache full:https://registry.npmjs.org/lightningcss-win32-x64-msvc cache-miss
114 silly fetch manifest lightningcss-win32-arm64-msvc@1.32.0
115 silly packumentCache full:https://registry.npmjs.org/lightningcss-win32-arm64-msvc cache-miss
116 silly fetch manifest lightningcss-darwin-arm64@1.32.0
117 silly packumentCache full:https://registry.npmjs.org/lightningcss-darwin-arm64 cache-miss
118 silly fetch manifest lightningcss-linux-arm64-gnu@1.32.0
119 silly packumentCache full:https://registry.npmjs.org/lightningcss-linux-arm64-gnu cache-miss
120 http fetch GET 200 https://registry.npmjs.org/lightningcss-darwin-x64 1223ms (cache revalidated)
121 silly packumentCache full:https://registry.npmjs.org/lightningcss-darwin-x64 set size:78694 disposed:false
122 silly fetch manifest lightningcss-linux-arm-gnueabihf@1.32.0
123 silly packumentCache full:https://registry.npmjs.org/lightningcss-linux-arm-gnueabihf cache-miss
124 http fetch GET 200 https://registry.npmjs.org/detect-libc 1233ms (cache revalidated)
125 silly packumentCache full:https://registry.npmjs.org/detect-libc set size:47861 disposed:false
126 silly fetch manifest lightningcss-linux-arm64-musl@1.32.0
127 silly packumentCache full:https://registry.npmjs.org/lightningcss-linux-arm64-musl cache-miss
128 http fetch GET 200 https://registry.npmjs.org/lightningcss-win32-x64-msvc 1235ms (cache revalidated)
129 silly packumentCache full:https://registry.npmjs.org/lightningcss-win32-x64-msvc set size:79645 disposed:false
130 silly fetch manifest lightningcss-linux-x64-musl@1.32.0
131 silly packumentCache full:https://registry.npmjs.org/lightningcss-linux-x64-musl cache-miss
132 http fetch GET 200 https://registry.npmjs.org/lightningcss-linux-x64-gnu 1498ms (cache revalidated)
133 silly packumentCache full:https://registry.npmjs.org/lightningcss-linux-x64-gnu set size:80105 disposed:false
134 silly fetch manifest lightningcss-freebsd-x64@1.32.0
135 silly packumentCache full:https://registry.npmjs.org/lightningcss-freebsd-x64 cache-miss
136 http fetch GET 200 https://registry.npmjs.org/lightningcss-win32-arm64-msvc 1502ms (cache revalidated)
137 silly packumentCache full:https://registry.npmjs.org/lightningcss-win32-arm64-msvc set size:26629 disposed:false
138 silly fetch manifest lightningcss-android-arm64@1.32.0
139 silly packumentCache full:https://registry.npmjs.org/lightningcss-android-arm64 cache-miss
140 http fetch GET 200 https://registry.npmjs.org/lightningcss-linux-arm64-musl 574ms (cache revalidated)
141 silly packumentCache full:https://registry.npmjs.org/lightningcss-linux-arm64-musl set size:80887 disposed:false
142 silly fetch manifest nanoid@^3.3.12
143 silly packumentCache full:https://registry.npmjs.org/nanoid cache-miss
144 http fetch GET 200 https://registry.npmjs.org/lightningcss-linux-arm-gnueabihf 609ms (cache revalidated)
145 silly packumentCache full:https://registry.npmjs.org/lightningcss-linux-arm-gnueabihf set size:80903 disposed:false
146 silly fetch manifest picocolors@^1.1.1
147 silly packumentCache full:https://registry.npmjs.org/picocolors cache-miss
148 http fetch GET 200 https://registry.npmjs.org/lightningcss-linux-x64-musl 818ms (cache revalidated)
149 silly packumentCache full:https://registry.npmjs.org/lightningcss-linux-x64-musl set size:80313 disposed:false
150 silly fetch manifest source-map-js@^1.2.1
151 silly packumentCache full:https://registry.npmjs.org/source-map-js cache-miss
152 http fetch GET 200 https://registry.npmjs.org/lightningcss-freebsd-x64 744ms (cache revalidated)
153 silly packumentCache full:https://registry.npmjs.org/lightningcss-freebsd-x64 set size:42877 disposed:false
154 silly fetch manifest @oxc-project/types@=0.139.0
155 silly packumentCache full:https://registry.npmjs.org/@oxc-project%2ftypes cache-miss
156 http fetch GET 200 https://registry.npmjs.org/lightningcss-android-arm64 862ms (cache revalidated)
157 silly packumentCache full:https://registry.npmjs.org/lightningcss-android-arm64 set size:7671 disposed:false
158 silly fetch manifest @rolldown/pluginutils@^1.0.0
159 silly packumentCache full:https://registry.npmjs.org/@rolldown%2fpluginutils cache-miss
160 http fetch GET 200 https://registry.npmjs.org/picocolors 1604ms (cache revalidated)
161 silly packumentCache full:https://registry.npmjs.org/picocolors set size:16648 disposed:false
162 silly fetch manifest @rolldown/binding-darwin-x64@1.1.5
163 silly packumentCache full:https://registry.npmjs.org/@rolldown%2fbinding-darwin-x64 cache-miss
164 http fetch GET 200 https://registry.npmjs.org/nanoid 1689ms (cache revalidated)
165 silly packumentCache full:https://registry.npmjs.org/nanoid set size:335912 disposed:false
166 silly fetch manifest @rolldown/binding-freebsd-x64@1.1.5
167 silly packumentCache full:https://registry.npmjs.org/@rolldown%2fbinding-freebsd-x64 cache-miss
168 http fetch GET 200 https://registry.npmjs.org/source-map-js 1645ms (cache revalidated)
169 silly packumentCache full:https://registry.npmjs.org/source-map-js set size:62640 disposed:false
170 silly fetch manifest @rolldown/binding-wasm32-wasi@1.1.5
171 silly packumentCache full:https://registry.npmjs.org/@rolldown%2fbinding-wasm32-wasi cache-miss
172 http fetch GET 200 https://registry.npmjs.org/@oxc-project%2ftypes 1643ms (cache revalidated)
173 silly packumentCache full:https://registry.npmjs.org/@oxc-project%2ftypes set size:239287 disposed:false
174 silly fetch manifest @rolldown/binding-darwin-arm64@1.1.5
175 silly packumentCache full:https://registry.npmjs.org/@rolldown%2fbinding-darwin-arm64 cache-miss
176 http fetch GET 200 https://registry.npmjs.org/@rolldown%2fpluginutils 1544ms (cache revalidated)
177 silly packumentCache full:https://registry.npmjs.org/@rolldown%2fpluginutils set size:300388 disposed:false
178 silly fetch manifest @rolldown/binding-android-arm64@1.1.5
179 silly packumentCache full:https://registry.npmjs.org/@rolldown%2fbinding-android-arm64 cache-miss
180 http fetch GET 200 https://registry.npmjs.org/@rolldown%2fbinding-freebsd-x64 423ms (cache revalidated)
181 silly packumentCache full:https://registry.npmjs.org/@rolldown%2fbinding-freebsd-x64 set size:1058067 disposed:false
182 silly fetch manifest @rolldown/binding-linux-x64-gnu@1.1.5
183 silly packumentCache full:https://registry.npmjs.org/@rolldown%2fbinding-linux-x64-gnu cache-miss
184 http fetch GET 200 https://registry.npmjs.org/@rolldown%2fbinding-darwin-x64 532ms (cache revalidated)
185 silly packumentCache full:https://registry.npmjs.org/@rolldown%2fbinding-darwin-x64 set size:1378365 disposed:false
186 silly fetch manifest @rolldown/binding-linux-x64-musl@1.1.5
187 silly packumentCache full:https://registry.npmjs.org/@rolldown%2fbinding-linux-x64-musl cache-miss
188 http fetch GET 200 https://registry.npmjs.org/@rolldown%2fbinding-wasm32-wasi 489ms (cache revalidated)
189 silly packumentCache full:https://registry.npmjs.org/@rolldown%2fbinding-wasm32-wasi set size:1367076 disposed:false
190 silly fetch manifest @rolldown/binding-win32-x64-msvc@1.1.5
191 silly packumentCache full:https://registry.npmjs.org/@rolldown%2fbinding-win32-x64-msvc cache-miss
192 http fetch GET 200 https://registry.npmjs.org/lightningcss-darwin-arm64 4266ms (cache revalidated)
193 silly packumentCache full:https://registry.npmjs.org/lightningcss-darwin-arm64 set size:79276 disposed:false
194 silly fetch manifest @rolldown/binding-linux-arm64-gnu@1.1.5
195 silly packumentCache full:https://registry.npmjs.org/@rolldown%2fbinding-linux-arm64-gnu cache-miss
196 http fetch GET 200 https://registry.npmjs.org/lightningcss-linux-arm64-gnu 4275ms (cache revalidated)
197 silly packumentCache full:https://registry.npmjs.org/lightningcss-linux-arm64-gnu set size:80669 disposed:false
198 silly fetch manifest @rolldown/binding-linux-ppc64-gnu@1.1.5
199 silly packumentCache full:https://registry.npmjs.org/@rolldown%2fbinding-linux-ppc64-gnu cache-miss
200 http fetch GET 200 https://registry.npmjs.org/@rolldown%2fbinding-darwin-arm64 422ms (cache revalidated)
201 silly packumentCache full:https://registry.npmjs.org/@rolldown%2fbinding-darwin-arm64 set size:1390093 disposed:false
202 silly fetch manifest @rolldown/binding-linux-s390x-gnu@1.1.5
203 silly packumentCache full:https://registry.npmjs.org/@rolldown%2fbinding-linux-s390x-gnu cache-miss
204 http fetch GET 200 https://registry.npmjs.org/@rolldown%2fbinding-android-arm64 508ms (cache revalidated)
205 silly packumentCache full:https://registry.npmjs.org/@rolldown%2fbinding-android-arm64 set size:164597 disposed:false
206 silly fetch manifest @rolldown/binding-linux-arm64-musl@1.1.5
207 silly packumentCache full:https://registry.npmjs.org/@rolldown%2fbinding-linux-arm64-musl cache-miss
208 http fetch GET 200 https://registry.npmjs.org/@rolldown%2fbinding-linux-x64-gnu 681ms (cache revalidated)
209 silly packumentCache full:https://registry.npmjs.org/@rolldown%2fbinding-linux-x64-gnu set size:1403794 disposed:false
210 silly fetch manifest @rolldown/binding-win32-arm64-msvc@1.1.5
211 silly packumentCache full:https://registry.npmjs.org/@rolldown%2fbinding-win32-arm64-msvc cache-miss
212 http fetch GET 200 https://registry.npmjs.org/@rolldown%2fbinding-linux-x64-musl 699ms (cache revalidated)
213 silly packumentCache full:https://registry.npmjs.org/@rolldown%2fbinding-linux-x64-musl set size:1408461 disposed:false
214 silly fetch manifest @rolldown/binding-openharmony-arm64@1.1.5
215 silly packumentCache full:https://registry.npmjs.org/@rolldown%2fbinding-openharmony-arm64 cache-miss
216 http fetch GET 200 https://registry.npmjs.org/@rolldown%2fbinding-linux-ppc64-gnu 1537ms (cache revalidated)
217 silly packumentCache full:https://registry.npmjs.org/@rolldown%2fbinding-linux-ppc64-gnu set size:52149 disposed:false
218 silly fetch manifest @rolldown/binding-linux-arm-gnueabihf@1.1.5
219 silly packumentCache full:https://registry.npmjs.org/@rolldown%2fbinding-linux-arm-gnueabihf cache-miss
220 http fetch GET 200 https://registry.npmjs.org/@rolldown%2fbinding-linux-s390x-gnu 1461ms (cache revalidated)
221 silly packumentCache full:https://registry.npmjs.org/@rolldown%2fbinding-linux-s390x-gnu set size:52141 disposed:false
222 silly fetch manifest fdir@^6.5.0
223 silly packumentCache full:https://registry.npmjs.org/fdir cache-miss
224 http fetch GET 200 https://registry.npmjs.org/@rolldown%2fbinding-win32-arm64-msvc 1134ms (cache revalidated)
225 silly packumentCache full:https://registry.npmjs.org/@rolldown%2fbinding-win32-arm64-msvc set size:1410560 disposed:false
226 http fetch GET 200 https://registry.npmjs.org/@rolldown%2fbinding-linux-arm64-gnu 1609ms (cache revalidated)
227 silly packumentCache full:https://registry.npmjs.org/@rolldown%2fbinding-linux-arm64-gnu set size:1415560 disposed:false
228 http fetch GET 200 https://registry.npmjs.org/@rolldown%2fbinding-linux-arm64-musl 1470ms (cache revalidated)
229 silly packumentCache full:https://registry.npmjs.org/@rolldown%2fbinding-linux-arm64-musl set size:1420193 disposed:false
230 http fetch GET 200 https://registry.npmjs.org/@rolldown%2fbinding-openharmony-arm64 1204ms (cache revalidated)
231 silly packumentCache full:https://registry.npmjs.org/@rolldown%2fbinding-openharmony-arm64 set size:126504 disposed:false
232 http fetch GET 200 https://registry.npmjs.org/@rolldown%2fbinding-win32-x64-msvc 3080ms (cache revalidated)
233 silly packumentCache full:https://registry.npmjs.org/@rolldown%2fbinding-win32-x64-msvc set size:1396449 disposed:false
234 http fetch GET 200 https://registry.npmjs.org/fdir 1537ms (cache revalidated)
235 silly packumentCache full:https://registry.npmjs.org/fdir set size:136182 disposed:false
236 http fetch GET 200 https://registry.npmjs.org/@rolldown%2fbinding-linux-arm-gnueabihf 1558ms (cache revalidated)
237 silly packumentCache full:https://registry.npmjs.org/@rolldown%2fbinding-linux-arm-gnueabihf set size:1425125 disposed:false
238 silly placeDep ROOT detect-libc@2.1.2 OK for: lightningcss@1.32.0 want: ^2.0.3
239 silly placeDep ROOT lightningcss-android-arm64@1.32.0 OK for: lightningcss@1.32.0 want: 1.32.0
240 silly placeDep ROOT lightningcss-darwin-arm64@1.32.0 OK for: lightningcss@1.32.0 want: 1.32.0
241 silly placeDep ROOT lightningcss-darwin-x64@1.32.0 OK for: lightningcss@1.32.0 want: 1.32.0
242 silly placeDep ROOT lightningcss-freebsd-x64@1.32.0 OK for: lightningcss@1.32.0 want: 1.32.0
243 silly placeDep ROOT lightningcss-linux-arm-gnueabihf@1.32.0 OK for: lightningcss@1.32.0 want: 1.32.0
244 silly placeDep ROOT lightningcss-linux-arm64-gnu@1.32.0 OK for: lightningcss@1.32.0 want: 1.32.0
245 silly placeDep ROOT lightningcss-linux-arm64-musl@1.32.0 OK for: lightningcss@1.32.0 want: 1.32.0
246 silly placeDep ROOT lightningcss-linux-x64-gnu@1.32.0 OK for: lightningcss@1.32.0 want: 1.32.0
247 silly placeDep ROOT lightningcss-linux-x64-musl@1.32.0 OK for: lightningcss@1.32.0 want: 1.32.0
248 silly placeDep ROOT lightningcss-win32-arm64-msvc@1.32.0 OK for: lightningcss@1.32.0 want: 1.32.0
249 silly placeDep ROOT lightningcss-win32-x64-msvc@1.32.0 OK for: lightningcss@1.32.0 want: 1.32.0
250 silly placeDep ROOT nanoid@3.3.16 OK for: postcss@8.5.19 want: ^3.3.12
251 silly placeDep ROOT picocolors@1.1.1 OK for: postcss@8.5.19 want: ^1.1.1
252 silly placeDep ROOT source-map-js@1.2.1 OK for: postcss@8.5.19 want: ^1.2.1
253 silly placeDep ROOT @oxc-project/types@0.139.0 OK for: rolldown@1.1.5 want: =0.139.0
254 silly placeDep ROOT @rolldown/binding-android-arm64@1.1.5 OK for: rolldown@1.1.5 want: 1.1.5
255 silly placeDep ROOT @rolldown/binding-darwin-arm64@1.1.5 OK for: rolldown@1.1.5 want: 1.1.5
256 silly placeDep ROOT @rolldown/binding-darwin-x64@1.1.5 OK for: rolldown@1.1.5 want: 1.1.5
257 silly placeDep ROOT @rolldown/binding-freebsd-x64@1.1.5 OK for: rolldown@1.1.5 want: 1.1.5
258 silly placeDep ROOT @rolldown/binding-linux-arm-gnueabihf@1.1.5 OK for: rolldown@1.1.5 want: 1.1.5
259 silly placeDep ROOT @rolldown/binding-linux-arm64-gnu@1.1.5 OK for: rolldown@1.1.5 want: 1.1.5
260 silly placeDep ROOT @rolldown/binding-linux-arm64-musl@1.1.5 OK for: rolldown@1.1.5 want: 1.1.5
261 silly placeDep ROOT @rolldown/binding-linux-ppc64-gnu@1.1.5 OK for: rolldown@1.1.5 want: 1.1.5
262 silly placeDep ROOT @rolldown/binding-linux-s390x-gnu@1.1.5 OK for: rolldown@1.1.5 want: 1.1.5
263 silly placeDep ROOT @rolldown/binding-linux-x64-gnu@1.1.5 OK for: rolldown@1.1.5 want: 1.1.5
264 silly placeDep ROOT @rolldown/binding-linux-x64-musl@1.1.5 OK for: rolldown@1.1.5 want: 1.1.5
265 silly placeDep ROOT @rolldown/binding-openharmony-arm64@1.1.5 OK for: rolldown@1.1.5 want: 1.1.5
266 silly placeDep ROOT @rolldown/binding-wasm32-wasi@1.1.5 OK for: rolldown@1.1.5 want: 1.1.5
267 silly placeDep ROOT @rolldown/binding-win32-arm64-msvc@1.1.5 OK for: rolldown@1.1.5 want: 1.1.5
268 silly placeDep ROOT @rolldown/binding-win32-x64-msvc@1.1.5 OK for: rolldown@1.1.5 want: 1.1.5
269 silly placeDep ROOT @rolldown/pluginutils@1.0.1 OK for: rolldown@1.1.5 want: ^1.0.0
270 silly fetch manifest @emnapi/core@1.11.1
271 silly packumentCache full:https://registry.npmjs.org/@emnapi%2fcore cache-miss
272 silly fetch manifest @emnapi/runtime@1.11.1
273 silly packumentCache full:https://registry.npmjs.org/@emnapi%2fruntime cache-miss
274 silly fetch manifest @napi-rs/wasm-runtime@^1.1.6
275 silly packumentCache full:https://registry.npmjs.org/@napi-rs%2fwasm-runtime cache-miss
276 http fetch GET 200 https://registry.npmjs.org/@napi-rs%2fwasm-runtime 1991ms (cache revalidated)
277 silly packumentCache full:https://registry.npmjs.org/@napi-rs%2fwasm-runtime set size:76486 disposed:false
278 http fetch GET 200 https://registry.npmjs.org/@emnapi%2fruntime 2004ms (cache revalidated)
279 silly packumentCache full:https://registry.npmjs.org/@emnapi%2fruntime set size:118526 disposed:false
280 http fetch GET 200 https://registry.npmjs.org/@emnapi%2fcore 2013ms (cache revalidated)
281 silly packumentCache full:https://registry.npmjs.org/@emnapi%2fcore set size:117071 disposed:false
282 silly placeDep ROOT @emnapi/core@1.11.1 OK for: @rolldown/binding-wasm32-wasi@1.1.5 want: 1.11.1
283 silly placeDep ROOT @emnapi/runtime@1.11.1 OK for: @rolldown/binding-wasm32-wasi@1.1.5 want: 1.11.1
284 silly placeDep ROOT @napi-rs/wasm-runtime@1.1.6 OK for: @rolldown/binding-wasm32-wasi@1.1.5 want: ^1.1.6
285 silly fetch manifest tslib@^2.4.0
286 silly packumentCache full:https://registry.npmjs.org/tslib cache-miss
287 silly fetch manifest @emnapi/wasi-threads@1.2.2
288 silly packumentCache full:https://registry.npmjs.org/@emnapi%2fwasi-threads cache-miss
289 silly fetch manifest tslib@^2.4.0
290 silly packumentCache full:https://registry.npmjs.org/tslib cache-miss
291 silly fetch manifest @tybys/wasm-util@^0.10.3
292 silly packumentCache full:https://registry.npmjs.org/@tybys%2fwasm-util cache-miss
293 http fetch GET 200 https://registry.npmjs.org/tslib 4650ms (cache revalidated)
294 silly packumentCache full:https://registry.npmjs.org/tslib set size:108843 disposed:false
295 http fetch GET https://registry.npmjs.org/@tybys%2fwasm-util attempt 1 failed with ECONNABORTED
296 http fetch GET https://registry.npmjs.org/@emnapi%2fwasi-threads attempt 1 failed with ECONNABORTED
297 http fetch GET https://registry.npmjs.org/tslib attempt 1 failed with ECONNABORTED
298 http fetch GET https://registry.npmjs.org/@tybys%2fwasm-util attempt 2 failed with ENETUNREACH
299 http fetch GET https://registry.npmjs.org/@emnapi%2fwasi-threads attempt 2 failed with ENETUNREACH
300 http fetch GET https://registry.npmjs.org/tslib attempt 2 failed with ENETUNREACH
301 http fetch GET https://registry.npmjs.org/@tybys%2fwasm-util attempt 3 failed with ENETUNREACH
302 http fetch GET https://registry.npmjs.org/@emnapi%2fwasi-threads attempt 3 failed with ENETUNREACH
303 http fetch GET https://registry.npmjs.org/tslib attempt 3 failed with ENETUNREACH
304 http fetch GET 200 https://registry.npmjs.org/@emnapi%2fwasi-threads 215630ms (cache stale)
305 silly packumentCache full:https://registry.npmjs.org/@emnapi%2fwasi-threads set size:28580 disposed:false
306 http fetch GET 200 https://registry.npmjs.org/@tybys%2fwasm-util 215653ms (cache stale)
307 silly packumentCache full:https://registry.npmjs.org/@tybys%2fwasm-util set size:60108 disposed:false
308 http fetch GET 200 https://registry.npmjs.org/tslib 215676ms (cache stale)
309 silly packumentCache full:https://registry.npmjs.org/tslib set size:108843 disposed:false
310 silly packumentCache full:https://registry.npmjs.org/tslib dispose
311 silly placeDep ROOT @emnapi/wasi-threads@1.2.2 OK for: @emnapi/core@1.11.1 want: 1.2.2
312 silly placeDep ROOT tslib@2.8.1 OK for: @emnapi/core@1.11.1 want: ^2.4.0
313 silly placeDep ROOT @tybys/wasm-util@0.10.3 OK for: @napi-rs/wasm-runtime@1.1.6 want: ^0.10.3
314 silly fetch manifest picomatch@^4.0.4
315 silly packumentCache full:https://registry.npmjs.org/picomatch cache-hit
316 silly placeDep ROOT fdir@6.5.0 OK for: tinyglobby@0.2.17 want: ^6.5.0
317 silly reify moves {}
318 silly audit bulk request {
318 silly audit   vite: [ '8.1.4' ],
318 silly audit   fsevents: [ '2.3.3' ],
318 silly audit   lightningcss: [ '1.32.0' ],
318 silly audit   picomatch: [ '4.0.5' ],
318 silly audit   postcss: [ '8.5.19' ],
318 silly audit   rolldown: [ '1.1.5' ],
318 silly audit   tinyglobby: [ '0.2.17' ],
318 silly audit   'detect-libc': [ '2.1.2' ],
318 silly audit   'lightningcss-android-arm64': [ '1.32.0' ],
318 silly audit   'lightningcss-darwin-arm64': [ '1.32.0' ],
318 silly audit   'lightningcss-darwin-x64': [ '1.32.0' ],
318 silly audit   'lightningcss-freebsd-x64': [ '1.32.0' ],
318 silly audit   'lightningcss-linux-arm-gnueabihf': [ '1.32.0' ],
318 silly audit   'lightningcss-linux-arm64-gnu': [ '1.32.0' ],
318 silly audit   'lightningcss-linux-arm64-musl': [ '1.32.0' ],
318 silly audit   'lightningcss-linux-x64-gnu': [ '1.32.0' ],
318 silly audit   'lightningcss-linux-x64-musl': [ '1.32.0' ],
318 silly audit   'lightningcss-win32-arm64-msvc': [ '1.32.0' ],
318 silly audit   'lightningcss-win32-x64-msvc': [ '1.32.0' ],
318 silly audit   nanoid: [ '3.3.16' ],
318 silly audit   picocolors: [ '1.1.1' ],
318 silly audit   'source-map-js': [ '1.2.1' ],
318 silly audit   '@oxc-project/types': [ '0.139.0' ],
318 silly audit   '@rolldown/binding-android-arm64': [ '1.1.5' ],
318 silly audit   '@rolldown/binding-darwin-arm64': [ '1.1.5' ],
318 silly audit   '@rolldown/binding-darwin-x64': [ '1.1.5' ],
318 silly audit   '@rolldown/binding-freebsd-x64': [ '1.1.5' ],
318 silly audit   '@rolldown/binding-linux-arm-gnueabihf': [ '1.1.5' ],
318 silly audit   '@rolldown/binding-linux-arm64-gnu': [ '1.1.5' ],
318 silly audit   '@rolldown/binding-linux-arm64-musl': [ '1.1.5' ],
318 silly audit   '@rolldown/binding-linux-ppc64-gnu': [ '1.1.5' ],
318 silly audit   '@rolldown/binding-linux-s390x-gnu': [ '1.1.5' ],
318 silly audit   '@rolldown/binding-linux-x64-gnu': [ '1.1.5' ],
318 silly audit   '@rolldown/binding-linux-x64-musl': [ '1.1.5' ],
318 silly audit   '@rolldown/binding-openharmony-arm64': [ '1.1.5' ],
318 silly audit   '@rolldown/binding-wasm32-wasi': [ '1.1.5' ],
318 silly audit   '@rolldown/binding-win32-arm64-msvc': [ '1.1.5' ],
318 silly audit   '@rolldown/binding-win32-x64-msvc': [ '1.1.5' ],
318 silly audit   '@rolldown/pluginutils': [ '1.0.1' ],
318 silly audit   '@emnapi/core': [ '1.11.1' ],
318 silly audit   '@emnapi/runtime': [ '1.11.1' ],
318 silly audit   '@napi-rs/wasm-runtime': [ '1.1.6' ],
318 silly audit   '@emnapi/wasi-threads': [ '1.2.2' ],
318 silly audit   tslib: [ '2.8.1' ],
318 silly audit   '@tybys/wasm-util': [ '0.10.3' ],
318 silly audit   fdir: [ '6.5.0' ]
318 silly audit }
319 verbose audit error FetchError: request to https://registry.npmjs.org/-/npm/v1/security/advisories/bulk failed, reason: 
319 verbose audit error     at ClientRequest.<anonymous> (/data/data/com.termux/files/usr/lib/node_modules/npm/node_modules/minipass-fetch/lib/index.js:130:14)
319 verbose audit error     at ClientRequest.emit (node:events:509:20)
319 verbose audit error     at emitErrorEvent (node:_http_client:111:11)
319 verbose audit error     at _destroy (node:_http_client:1006:9)
319 verbose audit error     at onSocketNT (node:_http_client:1027:5)
319 verbose audit error     at process.processTicksAndRejections (node:internal/process/task_queues:91:21) {
319 verbose audit error   code: 'ENETUNREACH',
319 verbose audit error   errno: 'ENETUNREACH',
319 verbose audit error   type: 'system'
319 verbose audit error }
320 silly audit error undefined
321 silly audit report null
322 http cache fdir@https://registry.npmjs.org/fdir/-/fdir-6.5.0.tgz 0ms (cache hit)
323 http cache @rolldown/pluginutils@https://registry.npmjs.org/@rolldown/pluginutils/-/pluginutils-1.0.1.tgz 0ms (cache hit)
324 http cache @rolldown/binding-android-arm64@https://registry.npmjs.org/@rolldown/binding-android-arm64/-/binding-android-arm64-1.1.5.tgz 0ms (cache hit)
325 http cache @oxc-project/types@https://registry.npmjs.org/@oxc-project/types/-/types-0.139.0.tgz 0ms (cache hit)
326 http cache source-map-js@https://registry.npmjs.org/source-map-js/-/source-map-js-1.2.1.tgz 0ms (cache hit)
327 http cache picocolors@https://registry.npmjs.org/picocolors/-/picocolors-1.1.1.tgz 0ms (cache hit)
328 http cache nanoid@https://registry.npmjs.org/nanoid/-/nanoid-3.3.16.tgz 0ms (cache hit)
329 http cache lightningcss-android-arm64@https://registry.npmjs.org/lightningcss-android-arm64/-/lightningcss-android-arm64-1.32.0.tgz 0ms (cache hit)
330 http cache detect-libc@https://registry.npmjs.org/detect-libc/-/detect-libc-2.1.2.tgz 0ms (cache hit)
331 http cache tinyglobby@https://registry.npmjs.org/tinyglobby/-/tinyglobby-0.2.17.tgz 1ms (cache hit)
332 http cache rolldown@https://registry.npmjs.org/rolldown/-/rolldown-1.1.5.tgz 0ms (cache hit)
333 http cache postcss@https://registry.npmjs.org/postcss/-/postcss-8.5.19.tgz 1ms (cache hit)
334 http cache picomatch@https://registry.npmjs.org/picomatch/-/picomatch-4.0.5.tgz 0ms (cache hit)
335 http cache lightningcss@https://registry.npmjs.org/lightningcss/-/lightningcss-1.32.0.tgz 0ms (cache hit)
336 http cache vite@https://registry.npmjs.org/vite/-/vite-8.1.4.tgz 0ms (cache hit)
337 verbose cwd /data/data/com.termux/files/home/archery-3d-game
338 verbose os Linux 6.12.38-android16-5-abA075FXXS5CZF2-4k
339 verbose node v26.4.0
340 verbose npm  v11.18.0
341 verbose exit 0
342 info ok
